2026-10-09 21:15:45,524 INFO o.a.j.u.JMeterUtils: Setting Locale to en_EN
2026-10-09 21:15:45,532 INFO o.a.j.JMeter: Loading user properties from: D:\Program Files\apache-jmeter-5.6.3\bin\user.properties
2026-10-09 21:15:45,532 INFO o.a.j.JMeter: Loading system properties from: D:\Program Files\apache-jmeter-5.6.3\bin\system.properties
2026-10-09 21:15:45,532 INFO o.a.j.JMeter: Setting JMeter property: sample_variables=row,request_id
2026-10-09 21:15:45,532 INFO o.a.j.JMeter: Setting JMeter property: host=localhost
2026-10-09 21:15:45,532 INFO o.a.j.JMeter: Setting JMeter property: port=8000
2026-10-09 21:15:45,533 INFO o.a.j.JMeter: Setting JMeter property: post_rate=52.44
2026-10-09 21:15:45,533 INFO o.a.j.JMeter: Setting JMeter property: search_rate=104.89
2026-10-09 21:15:45,537 INFO o.a.j.JMeter: Copyright (c) 1998-2024 The Apache Software Foundation
2026-10-09 21:15:45,537 INFO o.a.j.JMeter: Version 5.6.3
2026-10-09 21:15:45,537 INFO o.a.j.JMeter: java.version=1.8.0_412-412
2026-10-09 21:15:45,538 INFO o.a.j.JMeter: java.vm.name=OpenJDK 64-Bit Server VM
2026-10-09 21:15:45,538 INFO o.a.j.JMeter: os.name=Windows 10
2026-10-09 21:15:45,538 INFO o.a.j.JMeter: os.arch=amd64
2026-10-09 21:15:45,538 INFO o.a.j.JMeter: os.version=10.0
2026-10-09 21:15:45,538 INFO o.a.j.JMeter: file.encoding=Cp1252
2026-10-09 21:15:45,538 INFO o.a.j.JMeter: java.awt.headless=true
2026-10-09 21:15:45,538 INFO o.a.j.JMeter: Max memory     =1073741824
2026-10-09 21:15:45,538 INFO o.a.j.JMeter: Available Processors =8
2026-10-09 21:15:45,541 INFO o.a.j.JMeter: Default Locale=English (EN)
2026-10-09 21:15:45,541 INFO o.a.j.JMeter: JMeter  Locale=English (EN)
2026-10-09 21:15:45,541 INFO o.a.j.JMeter: JMeterHome=D:\Program Files\apache-jmeter-5.6.3
2026-10-09 21:15:45,541 INFO o.a.j.JMeter: user.dir  =D:\Document\SE2026-T3\ICT3113\Proj\ICT3113-PTO-Project
2026-10-09 21:15:45,541 INFO o.a.j.JMeter: PWD       =D:\Document\SE2026-T3\ICT3113\Proj\ICT3113-PTO-Project
2026-10-09 21:15:45,542 INFO o.a.j.JMeter: IP: 172.25.96.1 Name: DESKTOP-NH5M8CL FullName: DESKTOP-NH5M8CL.mshome.net
2026-10-09 21:15:45,553 INFO o.a.j.s.FileServer: Default base='D:\Document\SE2026-T3\ICT3113\Proj\ICT3113-PTO-Project'
2026-10-09 21:15:45,555 INFO o.a.j.s.FileServer: Set new base='D:\Document\SE2026-T3\ICT3113\Proj\ICT3113-PTO-Project\jmeter\test_plans'
2026-10-09 21:15:45,645 INFO o.a.j.s.SaveService: Testplan (JMX) version: 2.2. Testlog (JTL) version: 2.2
2026-10-09 21:15:45,656 INFO o.a.j.s.SaveService: Using SaveService properties file encoding UTF-8
2026-10-09 21:15:45,660 INFO o.a.j.s.SaveService: Using SaveService properties version 5.0
2026-10-09 21:15:45,664 INFO o.a.j.s.SaveService: Loading file: jmeter\test_plans\ticket-load-test3B.jmx
2026-10-09 21:15:45,715 INFO o.a.j.p.h.s.HTTPSamplerBase: Parser for text/html is org.apache.jmeter.protocol.http.parser.LagartoBasedHtmlParser
2026-10-09 21:15:45,715 INFO o.a.j.p.h.s.HTTPSamplerBase: Parser for application/xhtml+xml is org.apache.jmeter.protocol.http.parser.LagartoBasedHtmlParser
2026-10-09 21:15:45,715 INFO o.a.j.p.h.s.HTTPSamplerBase: Parser for application/xml is org.apache.jmeter.protocol.http.parser.LagartoBasedHtmlParser
2026-10-09 21:15:45,715 INFO o.a.j.p.h.s.HTTPSamplerBase: Parser for text/xml is org.apache.jmeter.protocol.http.parser.LagartoBasedHtmlParser
2026-10-09 21:15:45,715 INFO o.a.j.p.h.s.HTTPSamplerBase: Parser for text/vnd.wap.wml is org.apache.jmeter.protocol.http.parser.RegexpHTMLParser
2026-10-09 21:15:45,715 INFO o.a.j.p.h.s.HTTPSamplerBase: Parser for text/css is org.apache.jmeter.protocol.http.parser.CssParser
2026-10-09 21:15:45,943 INFO o.a.j.JMeter: Creating summariser <summary>
2026-10-09 21:15:45,950 INFO o.a.j.e.StandardJMeterEngine: Running the test!
2026-10-09 21:15:45,951 INFO o.a.j.s.SampleEvent: List of sample_variables: [row, request_id]
2026-10-09 21:15:45,951 INFO o.a.j.s.SampleEvent: List of sample_variables: [row, request_id]
2026-10-09 21:15:45,956 INFO o.a.j.e.u.CompoundVariable: Note: Function class names must contain the string: '.functions.'
2026-10-09 21:15:45,956 INFO o.a.j.e.u.CompoundVariable: Note: Function class names must not contain the string: '.gui.'
2026-10-09 21:15:46,187 INFO o.a.j.JMeter: Running test (1791551746187)
2026-10-09 21:15:46,229 INFO o.a.j.e.StandardJMeterEngine: Starting ThreadGroup: 1 : Tickets
2026-10-09 21:15:46,230 INFO o.a.j.e.StandardJMeterEngine: Starting 0 threads for group Tickets.
2026-10-09 21:15:46,230 INFO o.a.j.e.StandardJMeterEngine: Thread will continue on error
2026-10-09 21:15:46,230 INFO o.a.j.t.o.OpenModelThreadGroup: Starting OpenModelThreadGroup#1 with schedule rate(52.44/hour) random_arrivals(600 sec) rate(52.44/hour) pause(140 sec)
2026-10-09 21:15:46,272 INFO o.a.j.e.StandardJMeterEngine: Starting ThreadGroup: 2 : Search
2026-10-09 21:15:46,272 INFO o.a.j.e.StandardJMeterEngine: Starting 0 threads for group Search.
2026-10-09 21:15:46,272 INFO o.a.j.e.StandardJMeterEngine: Thread will continue on error
2026-10-09 21:15:46,272 INFO o.a.j.t.o.OpenModelThreadGroup: Starting OpenModelThreadGroup#2 with schedule rate(104.89/hour) random_arrivals(600 sec) rate(104.89/hour) pause(140 sec)
2026-10-09 21:15:46,272 INFO o.a.j.t.o.OpenModelThreadGroup: Thread starting init
2026-10-09 21:15:46,272 INFO o.a.j.e.StandardJMeterEngine: All thread groups have been started
2026-10-09 21:15:46,272 INFO o.a.j.t.o.OpenModelThreadGroup: Thread starting init
2026-10-09 21:15:46,276 INFO o.a.j.t.o.PoissonArrivalsRamp: Generating 8 events, beginRate = 0.014566666666666665 / sec, endRate = 0.014566666666666665 / sec, duration = 600.0 sec
2026-10-09 21:15:46,276 INFO o.a.j.t.o.PoissonArrivalsRamp: Generating 17 events, beginRate = 0.029136111111111113 / sec, endRate = 0.029136111111111113 / sec, duration = 600.0 sec
2026-10-09 21:15:50,910 INFO o.a.j.t.JMeterThread: Thread started: Tickets 1-1
2026-10-09 21:15:50,912 INFO o.a.j.s.FileServer: Stored: ../../data/team11/jmeter_tickets.csv
2026-10-09 21:15:51,303 INFO o.a.j.p.h.s.HTTPHCAbstractImpl: Local host = DESKTOP-NH5M8CL
2026-10-09 21:15:51,309 INFO o.a.j.p.h.s.HTTPHC4Impl: HTTP request retry count = 0
2026-10-09 21:15:51,311 INFO o.a.j.s.SampleResult: Note: Sample TimeStamps are START times
2026-10-09 21:15:51,311 INFO o.a.j.s.SampleResult: sampleresult.default.encoding is set to UTF-8
2026-10-09 21:15:51,311 INFO o.a.j.s.SampleResult: sampleresult.useNanoTime=true
2026-10-09 21:15:51,311 INFO o.a.j.s.SampleResult: sampleresult.nanoThreadSleep=5000
2026-10-09 21:16:09,447 INFO o.a.j.t.JMeterThread: Thread started: Tickets 1-2
2026-10-09 21:16:13,761 INFO o.a.j.t.JMeterThread: Thread is done: Tickets 1-1
2026-10-09 21:16:13,761 INFO o.a.j.t.JMeterThread: Thread finished: Tickets 1-1
2026-10-09 21:16:29,620 INFO o.a.j.t.JMeterThread: Thread is done: Tickets 1-2
2026-10-09 21:16:29,620 INFO o.a.j.t.JMeterThread: Thread finished: Tickets 1-2
2026-10-09 21:16:39,939 INFO o.a.j.t.JMeterThread: Thread started: Tickets 1-3
2026-10-09 21:16:48,942 INFO o.a.j.t.JMeterThread: Thread started: Tickets 1-4
2026-10-09 21:16:57,239 INFO o.a.j.t.JMeterThread: Thread is done: Tickets 1-3
2026-10-09 21:16:57,239 INFO o.a.j.t.JMeterThread: Thread finished: Tickets 1-3
2026-10-09 21:17:14,129 INFO o.a.j.t.JMeterThread: Thread is done: Tickets 1-4
2026-10-09 21:17:14,129 INFO o.a.j.t.JMeterThread: Thread finished: Tickets 1-4
2026-10-09 21:18:12,578 INFO o.a.j.t.JMeterThread: Thread started: Search 2-1
2026-10-09 21:18:12,587 INFO o.a.j.t.JMeterThread: Thread is done: Search 2-1
2026-10-09 21:18:12,587 INFO o.a.j.t.JMeterThread: Thread finished: Search 2-1
2026-10-09 21:18:25,181 INFO o.a.j.t.JMeterThread: Thread started: Search 2-2
2026-10-09 21:18:25,189 INFO o.a.j.t.JMeterThread: Thread is done: Search 2-2
2026-10-09 21:18:25,189 INFO o.a.j.t.JMeterThread: Thread finished: Search 2-2
2026-10-09 21:18:53,819 INFO o.a.j.t.JMeterThread: Thread started: Search 2-3
2026-10-09 21:18:53,826 INFO o.a.j.t.JMeterThread: Thread is done: Search 2-3
2026-10-09 21:18:53,826 INFO o.a.j.t.JMeterThread: Thread finished: Search 2-3
2026-10-09 21:19:04,483 INFO o.a.j.t.JMeterThread: Thread started: Search 2-4
2026-10-09 21:19:04,491 INFO o.a.j.r.Summariser: summary +      8 in 00:03:18 =    0.0/s Avg: 10631 Min:     5 Max: 25178 Err:     0 (0.00%) Active: 1 Started: 8 Finished: 7
2026-10-09 21:19:04,492 INFO o.a.j.t.JMeterThread: Thread is done: Search 2-4
2026-10-09 21:19:04,492 INFO o.a.j.t.JMeterThread: Thread finished: Search 2-4
2026-10-09 21:19:30,163 INFO o.a.j.t.JMeterThread: Thread started: Tickets 1-5
2026-10-09 21:19:31,811 INFO o.a.j.r.Summariser: summary +      1 in 00:00:27 =    0.0/s Avg:  1643 Min:  1643 Max:  1643 Err:     0 (0.00%) Active: 1 Started: 9 Finished: 8
2026-10-09 21:19:31,811 INFO o.a.j.r.Summariser: summary =      9 in 00:03:46 =    0.0/s Avg:  9632 Min:     5 Max: 25178 Err:     0 (0.00%)
2026-10-09 21:19:31,812 INFO o.a.j.t.JMeterThread: Thread is done: Tickets 1-5
2026-10-09 21:19:31,812 INFO o.a.j.t.JMeterThread: Thread finished: Tickets 1-5
2026-10-09 21:20:15,779 INFO o.a.j.t.JMeterThread: Thread started: Search 2-5
2026-10-09 21:20:15,786 INFO o.a.j.t.JMeterThread: Thread is done: Search 2-5
2026-10-09 21:20:15,787 INFO o.a.j.t.JMeterThread: Thread finished: Search 2-5
2026-10-09 21:20:42,074 INFO o.a.j.t.JMeterThread: Thread started: Search 2-6
2026-10-09 21:20:42,080 INFO o.a.j.t.JMeterThread: Thread is done: Search 2-6
2026-10-09 21:20:42,080 INFO o.a.j.t.JMeterThread: Thread finished: Search 2-6
2026-10-09 21:21:27,952 INFO o.a.j.t.JMeterThread: Thread started: Search 2-7
2026-10-09 21:21:27,960 INFO o.a.j.t.JMeterThread: Thread is done: Search 2-7
2026-10-09 21:21:27,960 INFO o.a.j.t.JMeterThread: Thread finished: Search 2-7
2026-10-09 21:21:54,610 INFO o.a.j.t.JMeterThread: Thread started: Tickets 1-6
2026-10-09 21:21:54,624 INFO o.a.j.t.JMeterThread: Thread started: Search 2-8
2026-10-09 21:21:54,676 INFO o.a.j.t.JMeterThread: Thread is done: Search 2-8
2026-10-09 21:21:54,677 INFO o.a.j.t.JMeterThread: Thread finished: Search 2-8
2026-10-09 21:21:58,817 INFO o.a.j.t.JMeterThread: Thread started: Search 2-9
2026-10-09 21:21:58,832 INFO o.a.j.t.JMeterThread: Thread is done: Search 2-9
2026-10-09 21:21:58,832 INFO o.a.j.t.JMeterThread: Thread finished: Search 2-9
2026-10-09 21:22:08,052 INFO o.a.j.t.JMeterThread: Thread is done: Tickets 1-6
2026-10-09 21:22:08,052 INFO o.a.j.t.JMeterThread: Thread finished: Tickets 1-6
2026-10-09 21:22:26,139 INFO o.a.j.t.JMeterThread: Thread started: Search 2-10
2026-10-09 21:22:26,145 INFO o.a.j.t.JMeterThread: Thread is done: Search 2-10
2026-10-09 21:22:26,145 INFO o.a.j.t.JMeterThread: Thread finished: Search 2-10
2026-10-09 21:22:37,847 INFO o.a.j.t.JMeterThread: Thread started: Tickets 1-7
2026-10-09 21:22:38,540 INFO o.a.j.t.JMeterThread: Thread started: Search 2-11
2026-10-09 21:22:38,560 INFO o.a.j.t.JMeterThread: Thread is done: Search 2-11
2026-10-09 21:22:38,561 INFO o.a.j.t.JMeterThread: Thread finished: Search 2-11
2026-10-09 21:22:50,059 INFO o.a.j.t.JMeterThread: Thread started: Search 2-12
2026-10-09 21:22:50,097 INFO o.a.j.t.JMeterThread: Thread is done: Search 2-12
2026-10-09 21:22:50,097 INFO o.a.j.t.JMeterThread: Thread finished: Search 2-12
2026-10-09 21:22:52,319 INFO o.a.j.t.JMeterThread: Thread is done: Tickets 1-7
2026-10-09 21:22:52,319 INFO o.a.j.t.JMeterThread: Thread finished: Tickets 1-7
2026-10-09 21:23:57,304 INFO o.a.j.t.JMeterThread: Thread started: Search 2-13
2026-10-09 21:23:57,312 INFO o.a.j.t.JMeterThread: Thread is done: Search 2-13
2026-10-09 21:23:57,313 INFO o.a.j.t.JMeterThread: Thread finished: Search 2-13
2026-10-09 21:23:59,776 INFO o.a.j.t.JMeterThread: Thread started: Search 2-14
2026-10-09 21:23:59,782 INFO o.a.j.t.JMeterThread: Thread is done: Search 2-14
2026-10-09 21:23:59,782 INFO o.a.j.t.JMeterThread: Thread finished: Search 2-14
2026-10-09 21:24:11,022 INFO o.a.j.t.o.EvenArrivalsRamp: Generating 0 events, beginRate = 0.0 / sec, endRate = 0.0 / sec, duration = 140.0 sec
2026-10-09 21:24:11,022 INFO o.a.j.t.o.OpenModelThreadGroup: There will be no more events, so will wait for 234 sec till the end of the schedule
2026-10-09 21:24:11,023 INFO o.a.j.t.JMeterThread: Thread started: Tickets 1-8
2026-10-09 21:24:27,321 INFO o.a.j.t.JMeterThread: Thread is done: Tickets 1-8
2026-10-09 21:24:27,321 INFO o.a.j.t.JMeterThread: Thread finished: Tickets 1-8
2026-10-09 21:24:46,585 INFO o.a.j.t.JMeterThread: Thread started: Search 2-15
2026-10-09 21:24:46,592 INFO o.a.j.t.JMeterThread: Thread is done: Search 2-15
2026-10-09 21:24:46,592 INFO o.a.j.t.JMeterThread: Thread finished: Search 2-15
2026-10-09 21:24:54,380 INFO o.a.j.t.JMeterThread: Thread started: Search 2-16
2026-10-09 21:24:54,386 INFO o.a.j.t.JMeterThread: Thread is done: Search 2-16
2026-10-09 21:24:54,387 INFO o.a.j.t.JMeterThread: Thread finished: Search 2-16
2026-10-09 21:25:11,163 INFO o.a.j.t.o.EvenArrivalsRamp: Generating 0 events, beginRate = 0.0 / sec, endRate = 0.0 / sec, duration = 140.0 sec
2026-10-09 21:25:11,163 INFO o.a.j.t.o.OpenModelThreadGroup: There will be no more events, so will wait for 174 sec till the end of the schedule
2026-10-09 21:25:11,164 INFO o.a.j.t.JMeterThread: Thread started: Search 2-17
2026-10-09 21:25:11,170 INFO o.a.j.t.JMeterThread: Thread is done: Search 2-17
2026-10-09 21:25:11,170 INFO o.a.j.t.JMeterThread: Thread finished: Search 2-17
2026-10-09 21:28:05,954 INFO o.a.j.t.o.OpenModelThreadGroup: There will be no more events, will shutdown the thread pool
2026-10-09 21:28:05,954 INFO o.a.j.t.o.OpenModelThreadGroup: Thread starting done
2026-10-09 21:28:05,955 INFO o.a.j.t.o.OpenModelThreadGroup: There will be no more events, will shutdown the thread pool
2026-10-09 21:28:05,955 INFO o.a.j.t.o.OpenModelThreadGroup: Thread starting done
2026-10-09 21:28:05,955 INFO o.a.j.e.StandardJMeterEngine: Notifying test listeners of end of test
2026-10-09 21:28:05,955 INFO o.a.j.s.FileServer: Close: ../../data/team11/jmeter_tickets.csv
2026-10-09 21:28:05,957 INFO o.a.j.r.Summariser: summary +     16 in 00:08:34 =    0.0/s Avg:  2771 Min:     5 Max: 16290 Err:     0 (0.00%) Active: 0 Started: 25 Finished: 25
2026-10-09 21:28:05,958 INFO o.a.j.r.Summariser: summary =     25 in 00:12:20 =    0.0/s Avg:  5241 Min:     5 Max: 25178 Err:     0 (0.00%)
