2026-10-09 21:29:08,482 INFO o.a.j.u.JMeterUtils: Setting Locale to en_EN
2026-10-09 21:29:08,491 INFO o.a.j.JMeter: Loading user properties from: D:\Program Files\apache-jmeter-5.6.3\bin\user.properties
2026-10-09 21:29:08,492 INFO o.a.j.JMeter: Loading system properties from: D:\Program Files\apache-jmeter-5.6.3\bin\system.properties
2026-10-09 21:29:08,492 INFO o.a.j.JMeter: Setting JMeter property: sample_variables=row,request_id
2026-10-09 21:29:08,492 INFO o.a.j.JMeter: Setting JMeter property: host=localhost
2026-10-09 21:29:08,492 INFO o.a.j.JMeter: Setting JMeter property: port=8000
2026-10-09 21:29:08,492 INFO o.a.j.JMeter: Setting JMeter property: post_rate=52.44
2026-10-09 21:29:08,492 INFO o.a.j.JMeter: Setting JMeter property: search_rate=104.89
2026-10-09 21:29:08,498 INFO o.a.j.JMeter: Copyright (c) 1998-2024 The Apache Software Foundation
2026-10-09 21:29:08,498 INFO o.a.j.JMeter: Version 5.6.3
2026-10-09 21:29:08,498 INFO o.a.j.JMeter: java.version=1.8.0_412-412
2026-10-09 21:29:08,498 INFO o.a.j.JMeter: java.vm.name=OpenJDK 64-Bit Server VM
2026-10-09 21:29:08,498 INFO o.a.j.JMeter: os.name=Windows 10
2026-10-09 21:29:08,498 INFO o.a.j.JMeter: os.arch=amd64
2026-10-09 21:29:08,498 INFO o.a.j.JMeter: os.version=10.0
2026-10-09 21:29:08,498 INFO o.a.j.JMeter: file.encoding=Cp1252
2026-10-09 21:29:08,498 INFO o.a.j.JMeter: java.awt.headless=true
2026-10-09 21:29:08,498 INFO o.a.j.JMeter: Max memory     =1073741824
2026-10-09 21:29:08,498 INFO o.a.j.JMeter: Available Processors =8
2026-10-09 21:29:08,502 INFO o.a.j.JMeter: Default Locale=English (EN)
2026-10-09 21:29:08,502 INFO o.a.j.JMeter: JMeter  Locale=English (EN)
2026-10-09 21:29:08,502 INFO o.a.j.JMeter: JMeterHome=D:\Program Files\apache-jmeter-5.6.3
2026-10-09 21:29:08,502 INFO o.a.j.JMeter: user.dir  =D:\Document\SE2026-T3\ICT3113\Proj\ICT3113-PTO-Project
2026-10-09 21:29:08,502 INFO o.a.j.JMeter: PWD       =D:\Document\SE2026-T3\ICT3113\Proj\ICT3113-PTO-Project
2026-10-09 21:29:08,503 INFO o.a.j.JMeter: IP: 172.25.96.1 Name: DESKTOP-NH5M8CL FullName: DESKTOP-NH5M8CL.mshome.net
2026-10-09 21:29:08,517 INFO o.a.j.s.FileServer: Default base='D:\Document\SE2026-T3\ICT3113\Proj\ICT3113-PTO-Project'
2026-10-09 21:29:08,519 INFO o.a.j.s.FileServer: Set new base='D:\Document\SE2026-T3\ICT3113\Proj\ICT3113-PTO-Project\jmeter\test_plans'
2026-10-09 21:29:08,622 INFO o.a.j.s.SaveService: Testplan (JMX) version: 2.2. Testlog (JTL) version: 2.2
2026-10-09 21:29:08,636 INFO o.a.j.s.SaveService: Using SaveService properties file encoding UTF-8
2026-10-09 21:29:08,644 INFO o.a.j.s.SaveService: Using SaveService properties version 5.0
2026-10-09 21:29:08,651 INFO o.a.j.s.SaveService: Loading file: jmeter\test_plans\ticket-load-test3B.jmx
2026-10-09 21:29:08,712 INFO o.a.j.p.h.s.HTTPSamplerBase: Parser for text/html is org.apache.jmeter.protocol.http.parser.LagartoBasedHtmlParser
2026-10-09 21:29:08,713 INFO o.a.j.p.h.s.HTTPSamplerBase: Parser for application/xhtml+xml is org.apache.jmeter.protocol.http.parser.LagartoBasedHtmlParser
2026-10-09 21:29:08,713 INFO o.a.j.p.h.s.HTTPSamplerBase: Parser for application/xml is org.apache.jmeter.protocol.http.parser.LagartoBasedHtmlParser
2026-10-09 21:29:08,713 INFO o.a.j.p.h.s.HTTPSamplerBase: Parser for text/xml is org.apache.jmeter.protocol.http.parser.LagartoBasedHtmlParser
2026-10-09 21:29:08,713 INFO o.a.j.p.h.s.HTTPSamplerBase: Parser for text/vnd.wap.wml is org.apache.jmeter.protocol.http.parser.RegexpHTMLParser
2026-10-09 21:29:08,713 INFO o.a.j.p.h.s.HTTPSamplerBase: Parser for text/css is org.apache.jmeter.protocol.http.parser.CssParser
2026-10-09 21:29:08,971 INFO o.a.j.JMeter: Creating summariser <summary>
2026-10-09 21:29:08,980 INFO o.a.j.e.StandardJMeterEngine: Running the test!
2026-10-09 21:29:08,980 INFO o.a.j.s.SampleEvent: List of sample_variables: [row, request_id]
2026-10-09 21:29:08,980 INFO o.a.j.s.SampleEvent: List of sample_variables: [row, request_id]
2026-10-09 21:29:08,985 INFO o.a.j.e.u.CompoundVariable: Note: Function class names must contain the string: '.functions.'
2026-10-09 21:29:08,985 INFO o.a.j.e.u.CompoundVariable: Note: Function class names must not contain the string: '.gui.'
2026-10-09 21:29:09,252 INFO o.a.j.JMeter: Running test (1791552549252)
2026-10-09 21:29:09,296 INFO o.a.j.e.StandardJMeterEngine: Starting ThreadGroup: 1 : Tickets
2026-10-09 21:29:09,296 INFO o.a.j.e.StandardJMeterEngine: Starting 0 threads for group Tickets.
2026-10-09 21:29:09,296 INFO o.a.j.e.StandardJMeterEngine: Thread will continue on error
2026-10-09 21:29:09,296 INFO o.a.j.t.o.OpenModelThreadGroup: Starting OpenModelThreadGroup#1 with schedule rate(52.44/hour) random_arrivals(600 sec) rate(52.44/hour) pause(140 sec)
2026-10-09 21:29:09,343 INFO o.a.j.e.StandardJMeterEngine: Starting ThreadGroup: 2 : Search
2026-10-09 21:29:09,343 INFO o.a.j.e.StandardJMeterEngine: Starting 0 threads for group Search.
2026-10-09 21:29:09,343 INFO o.a.j.e.StandardJMeterEngine: Thread will continue on error
2026-10-09 21:29:09,343 INFO o.a.j.t.o.OpenModelThreadGroup: Starting OpenModelThreadGroup#2 with schedule rate(104.89/hour) random_arrivals(600 sec) rate(104.89/hour) pause(140 sec)
2026-10-09 21:29:09,343 INFO o.a.j.t.o.OpenModelThreadGroup: Thread starting init
2026-10-09 21:29:09,343 INFO o.a.j.e.StandardJMeterEngine: All thread groups have been started
2026-10-09 21:29:09,343 INFO o.a.j.t.o.OpenModelThreadGroup: Thread starting init
2026-10-09 21:29:09,347 INFO o.a.j.t.o.PoissonArrivalsRamp: Generating 8 events, beginRate = 0.014566666666666665 / sec, endRate = 0.014566666666666665 / sec, duration = 600.0 sec
2026-10-09 21:29:09,347 INFO o.a.j.t.o.PoissonArrivalsRamp: Generating 17 events, beginRate = 0.029136111111111113 / sec, endRate = 0.029136111111111113 / sec, duration = 600.0 sec
2026-10-09 21:29:18,571 INFO o.a.j.t.JMeterThread: Thread started: Tickets 1-1
2026-10-09 21:29:18,573 INFO o.a.j.s.FileServer: Stored: ../../data/team11/jmeter_tickets.csv
2026-10-09 21:29:18,965 INFO o.a.j.p.h.s.HTTPHCAbstractImpl: Local host = DESKTOP-NH5M8CL
2026-10-09 21:29:18,970 INFO o.a.j.p.h.s.HTTPHC4Impl: HTTP request retry count = 0
2026-10-09 21:29:18,972 INFO o.a.j.s.SampleResult: Note: Sample TimeStamps are START times
2026-10-09 21:29:18,972 INFO o.a.j.s.SampleResult: sampleresult.default.encoding is set to UTF-8
2026-10-09 21:29:18,972 INFO o.a.j.s.SampleResult: sampleresult.useNanoTime=true
2026-10-09 21:29:18,972 INFO o.a.j.s.SampleResult: sampleresult.nanoThreadSleep=5000
2026-10-09 21:29:30,067 INFO o.a.j.t.JMeterThread: Thread started: Search 2-1
2026-10-09 21:29:30,092 INFO o.a.j.r.Summariser: summary +      1 in 00:00:21 =    0.0/s Avg:    13 Min:    13 Max:    13 Err:     0 (0.00%) Active: 2 Started: 2 Finished: 0
2026-10-09 21:29:30,092 INFO o.a.j.t.JMeterThread: Thread is done: Search 2-1
2026-10-09 21:29:30,092 INFO o.a.j.t.JMeterThread: Thread finished: Search 2-1
2026-10-09 21:29:30,276 INFO o.a.j.t.JMeterThread: Thread is done: Tickets 1-1
2026-10-09 21:29:30,276 INFO o.a.j.t.JMeterThread: Thread finished: Tickets 1-1
2026-10-09 21:29:31,128 INFO o.a.j.t.JMeterThread: Thread started: Search 2-2
2026-10-09 21:29:31,134 INFO o.a.j.t.JMeterThread: Thread is done: Search 2-2
2026-10-09 21:29:31,134 INFO o.a.j.t.JMeterThread: Thread finished: Search 2-2
2026-10-09 21:29:54,954 INFO o.a.j.t.JMeterThread: Thread started: Search 2-3
2026-10-09 21:29:54,961 INFO o.a.j.t.JMeterThread: Thread is done: Search 2-3
2026-10-09 21:29:54,962 INFO o.a.j.t.JMeterThread: Thread finished: Search 2-3
2026-10-09 21:29:57,711 INFO o.a.j.t.JMeterThread: Thread started: Search 2-4
2026-10-09 21:29:57,717 INFO o.a.j.t.JMeterThread: Thread is done: Search 2-4
2026-10-09 21:29:57,717 INFO o.a.j.t.JMeterThread: Thread finished: Search 2-4
2026-10-09 21:30:29,972 INFO o.a.j.t.JMeterThread: Thread started: Search 2-5
2026-10-09 21:30:29,978 INFO o.a.j.t.JMeterThread: Thread is done: Search 2-5
2026-10-09 21:30:29,978 INFO o.a.j.t.JMeterThread: Thread finished: Search 2-5
2026-10-09 21:30:35,496 INFO o.a.j.t.JMeterThread: Thread started: Tickets 1-2
2026-10-09 21:30:35,578 INFO o.a.j.t.JMeterThread: Thread started: Search 2-6
2026-10-09 21:30:35,603 INFO o.a.j.r.Summariser: summary +      6 in 00:01:06 =    0.1/s Avg:  1882 Min:     5 Max: 11248 Err:     0 (0.00%) Active: 2 Started: 8 Finished: 6
2026-10-09 21:30:35,605 INFO o.a.j.r.Summariser: summary =      7 in 00:01:26 =    0.1/s Avg:  1615 Min:     5 Max: 11248 Err:     0 (0.00%)
2026-10-09 21:30:35,605 INFO o.a.j.t.JMeterThread: Thread is done: Search 2-6
2026-10-09 21:30:35,606 INFO o.a.j.t.JMeterThread: Thread finished: Search 2-6
2026-10-09 21:30:45,551 INFO o.a.j.t.JMeterThread: Thread started: Search 2-7
2026-10-09 21:30:45,568 INFO o.a.j.t.JMeterThread: Thread is done: Search 2-7
2026-10-09 21:30:45,568 INFO o.a.j.t.JMeterThread: Thread finished: Search 2-7
2026-10-09 21:30:52,434 INFO o.a.j.t.JMeterThread: Thread is done: Tickets 1-2
2026-10-09 21:30:52,434 INFO o.a.j.t.JMeterThread: Thread finished: Tickets 1-2
2026-10-09 21:31:17,556 INFO o.a.j.t.JMeterThread: Thread started: Search 2-8
2026-10-09 21:31:17,563 INFO o.a.j.t.JMeterThread: Thread is done: Search 2-8
2026-10-09 21:31:17,563 INFO o.a.j.t.JMeterThread: Thread finished: Search 2-8
2026-10-09 21:31:23,595 INFO o.a.j.t.JMeterThread: Thread started: Search 2-9
2026-10-09 21:31:23,601 INFO o.a.j.t.JMeterThread: Thread is done: Search 2-9
2026-10-09 21:31:23,601 INFO o.a.j.t.JMeterThread: Thread finished: Search 2-9
2026-10-09 21:31:34,295 INFO o.a.j.t.JMeterThread: Thread started: Search 2-10
2026-10-09 21:31:34,302 INFO o.a.j.r.Summariser: summary +      5 in 00:00:59 =    0.1/s Avg:  3393 Min:     6 Max: 16932 Err:     0 (0.00%) Active: 1 Started: 12 Finished: 11
2026-10-09 21:31:34,303 INFO o.a.j.r.Summariser: summary =     12 in 00:02:25 =    0.1/s Avg:  2356 Min:     5 Max: 16932 Err:     0 (0.00%)
2026-10-09 21:31:34,303 INFO o.a.j.t.JMeterThread: Thread is done: Search 2-10
2026-10-09 21:31:34,304 INFO o.a.j.t.JMeterThread: Thread finished: Search 2-10
2026-10-09 21:31:54,318 INFO o.a.j.t.JMeterThread: Thread started: Search 2-11
2026-10-09 21:31:54,325 INFO o.a.j.t.JMeterThread: Thread is done: Search 2-11
2026-10-09 21:31:54,326 INFO o.a.j.t.JMeterThread: Thread finished: Search 2-11
2026-10-09 21:32:13,196 INFO o.a.j.t.JMeterThread: Thread started: Tickets 1-3
2026-10-09 21:32:26,250 INFO o.a.j.t.JMeterThread: Thread is done: Tickets 1-3
2026-10-09 21:32:26,250 INFO o.a.j.t.JMeterThread: Thread finished: Tickets 1-3
2026-10-09 21:32:32,891 INFO o.a.j.t.JMeterThread: Thread started: Tickets 1-4
2026-10-09 21:32:36,253 INFO o.a.j.t.JMeterThread: Thread is done: Tickets 1-4
2026-10-09 21:32:36,253 INFO o.a.j.t.JMeterThread: Thread finished: Tickets 1-4
2026-10-09 21:32:58,850 INFO o.a.j.t.JMeterThread: Thread started: Search 2-12
2026-10-09 21:32:58,857 INFO o.a.j.t.JMeterThread: Thread is done: Search 2-12
2026-10-09 21:32:58,857 INFO o.a.j.t.JMeterThread: Thread finished: Search 2-12
2026-10-09 21:33:33,624 INFO o.a.j.t.JMeterThread: Thread started: Tickets 1-5
2026-10-09 21:33:46,538 INFO o.a.j.t.JMeterThread: Thread is done: Tickets 1-5
2026-10-09 21:33:46,538 INFO o.a.j.t.JMeterThread: Thread finished: Tickets 1-5
2026-10-09 21:34:41,530 INFO o.a.j.t.JMeterThread: Thread started: Tickets 1-6
2026-10-09 21:34:52,079 INFO o.a.j.t.JMeterThread: Thread is done: Tickets 1-6
2026-10-09 21:34:52,079 INFO o.a.j.t.JMeterThread: Thread finished: Tickets 1-6
2026-10-09 21:35:02,604 INFO o.a.j.t.JMeterThread: Thread started: Search 2-13
2026-10-09 21:35:02,612 INFO o.a.j.r.Summariser: summary +      7 in 00:03:28 =    0.0/s Avg:  5696 Min:     5 Max: 13048 Err:     0 (0.00%) Active: 1 Started: 19 Finished: 18
2026-10-09 21:35:02,612 INFO o.a.j.r.Summariser: summary =     19 in 00:05:53 =    0.1/s Avg:  3586 Min:     5 Max: 16932 Err:     0 (0.00%)
2026-10-09 21:35:02,613 INFO o.a.j.t.JMeterThread: Thread is done: Search 2-13
2026-10-09 21:35:02,613 INFO o.a.j.t.JMeterThread: Thread finished: Search 2-13
2026-10-09 21:35:24,010 INFO o.a.j.t.JMeterThread: Thread started: Search 2-14
2026-10-09 21:35:24,017 INFO o.a.j.t.JMeterThread: Thread is done: Search 2-14
2026-10-09 21:35:24,017 INFO o.a.j.t.JMeterThread: Thread finished: Search 2-14
2026-10-09 21:35:29,682 INFO o.a.j.t.JMeterThread: Thread started: Tickets 1-7
2026-10-09 21:35:41,416 INFO o.a.j.t.JMeterThread: Thread is done: Tickets 1-7
2026-10-09 21:35:41,416 INFO o.a.j.t.JMeterThread: Thread finished: Tickets 1-7
2026-10-09 21:35:42,127 INFO o.a.j.t.o.EvenArrivalsRamp: Generating 0 events, beginRate = 0.0 / sec, endRate = 0.0 / sec, duration = 140.0 sec
2026-10-09 21:35:42,127 INFO o.a.j.t.o.OpenModelThreadGroup: There will be no more events, so will wait for 346 sec till the end of the schedule
2026-10-09 21:35:42,128 INFO o.a.j.t.JMeterThread: Thread started: Tickets 1-8
2026-10-09 21:35:43,661 INFO o.a.j.t.JMeterThread: Thread is done: Tickets 1-8
2026-10-09 21:35:43,661 INFO o.a.j.t.JMeterThread: Thread finished: Tickets 1-8
2026-10-09 21:36:31,015 INFO o.a.j.t.JMeterThread: Thread started: Search 2-15
2026-10-09 21:36:31,025 INFO o.a.j.r.Summariser: summary +      4 in 00:01:28 =    0.0/s Avg:  3317 Min:     6 Max: 11729 Err:     0 (0.00%) Active: 1 Started: 23 Finished: 22
2026-10-09 21:36:31,025 INFO o.a.j.r.Summariser: summary =     23 in 00:07:22 =    0.1/s Avg:  3539 Min:     5 Max: 16932 Err:     0 (0.00%)
2026-10-09 21:36:31,026 INFO o.a.j.t.JMeterThread: Thread is done: Search 2-15
2026-10-09 21:36:31,026 INFO o.a.j.t.JMeterThread: Thread finished: Search 2-15
2026-10-09 21:36:48,722 INFO o.a.j.t.JMeterThread: Thread started: Search 2-16
2026-10-09 21:36:48,729 INFO o.a.j.t.JMeterThread: Thread is done: Search 2-16
2026-10-09 21:36:48,729 INFO o.a.j.t.JMeterThread: Thread finished: Search 2-16
2026-10-09 21:38:24,539 INFO o.a.j.t.o.EvenArrivalsRamp: Generating 0 events, beginRate = 0.0 / sec, endRate = 0.0 / sec, duration = 140.0 sec
2026-10-09 21:38:24,539 INFO o.a.j.t.o.OpenModelThreadGroup: There will be no more events, so will wait for 184 sec till the end of the schedule
2026-10-09 21:38:24,540 INFO o.a.j.t.JMeterThread: Thread started: Search 2-17
2026-10-09 21:38:24,548 INFO o.a.j.t.JMeterThread: Thread is done: Search 2-17
2026-10-09 21:38:24,548 INFO o.a.j.t.JMeterThread: Thread finished: Search 2-17
2026-10-09 21:41:28,982 INFO o.a.j.t.o.OpenModelThreadGroup: There will be no more events, will shutdown the thread pool
2026-10-09 21:41:28,982 INFO o.a.j.t.o.OpenModelThreadGroup: Thread starting done
2026-10-09 21:41:28,983 INFO o.a.j.t.o.OpenModelThreadGroup: There will be no more events, will shutdown the thread pool
2026-10-09 21:41:28,983 INFO o.a.j.t.o.OpenModelThreadGroup: Thread starting done
2026-10-09 21:41:28,983 INFO o.a.j.e.StandardJMeterEngine: Notifying test listeners of end of test
2026-10-09 21:41:28,983 INFO o.a.j.s.FileServer: Close: ../../data/team11/jmeter_tickets.csv
2026-10-09 21:41:28,985 INFO o.a.j.r.Summariser: summary +      2 in 00:04:58 =    0.0/s Avg:     5 Min:     5 Max:     6 Err:     0 (0.00%) Active: 0 Started: 25 Finished: 25
2026-10-09 21:41:28,986 INFO o.a.j.r.Summariser: summary =     25 in 00:12:20 =    0.0/s Avg:  3257 Min:     5 Max: 16932 Err:     0 (0.00%)
