2026-10-09 21:42:31,517 INFO o.a.j.u.JMeterUtils: Setting Locale to en_EN
2026-10-09 21:42:31,527 INFO o.a.j.JMeter: Loading user properties from: D:\Program Files\apache-jmeter-5.6.3\bin\user.properties
2026-10-09 21:42:31,527 INFO o.a.j.JMeter: Loading system properties from: D:\Program Files\apache-jmeter-5.6.3\bin\system.properties
2026-10-09 21:42:31,527 INFO o.a.j.JMeter: Setting JMeter property: sample_variables=row,request_id
2026-10-09 21:42:31,528 INFO o.a.j.JMeter: Setting JMeter property: host=localhost
2026-10-09 21:42:31,528 INFO o.a.j.JMeter: Setting JMeter property: port=8000
2026-10-09 21:42:31,528 INFO o.a.j.JMeter: Setting JMeter property: post_rate=52.44
2026-10-09 21:42:31,528 INFO o.a.j.JMeter: Setting JMeter property: search_rate=104.89
2026-10-09 21:42:31,533 INFO o.a.j.JMeter: Copyright (c) 1998-2024 The Apache Software Foundation
2026-10-09 21:42:31,533 INFO o.a.j.JMeter: Version 5.6.3
2026-10-09 21:42:31,533 INFO o.a.j.JMeter: java.version=1.8.0_412-412
2026-10-09 21:42:31,533 INFO o.a.j.JMeter: java.vm.name=OpenJDK 64-Bit Server VM
2026-10-09 21:42:31,533 INFO o.a.j.JMeter: os.name=Windows 10
2026-10-09 21:42:31,533 INFO o.a.j.JMeter: os.arch=amd64
2026-10-09 21:42:31,533 INFO o.a.j.JMeter: os.version=10.0
2026-10-09 21:42:31,533 INFO o.a.j.JMeter: file.encoding=Cp1252
2026-10-09 21:42:31,533 INFO o.a.j.JMeter: java.awt.headless=true
2026-10-09 21:42:31,533 INFO o.a.j.JMeter: Max memory     =1073741824
2026-10-09 21:42:31,533 INFO o.a.j.JMeter: Available Processors =8
2026-10-09 21:42:31,536 INFO o.a.j.JMeter: Default Locale=English (EN)
2026-10-09 21:42:31,537 INFO o.a.j.JMeter: JMeter  Locale=English (EN)
2026-10-09 21:42:31,537 INFO o.a.j.JMeter: JMeterHome=D:\Program Files\apache-jmeter-5.6.3
2026-10-09 21:42:31,537 INFO o.a.j.JMeter: user.dir  =D:\Document\SE2026-T3\ICT3113\Proj\ICT3113-PTO-Project
2026-10-09 21:42:31,537 INFO o.a.j.JMeter: PWD       =D:\Document\SE2026-T3\ICT3113\Proj\ICT3113-PTO-Project
2026-10-09 21:42:31,538 INFO o.a.j.JMeter: IP: 172.25.96.1 Name: DESKTOP-NH5M8CL FullName: DESKTOP-NH5M8CL.mshome.net
2026-10-09 21:42:31,551 INFO o.a.j.s.FileServer: Default base='D:\Document\SE2026-T3\ICT3113\Proj\ICT3113-PTO-Project'
2026-10-09 21:42:31,553 INFO o.a.j.s.FileServer: Set new base='D:\Document\SE2026-T3\ICT3113\Proj\ICT3113-PTO-Project\jmeter\test_plans'
2026-10-09 21:42:31,662 INFO o.a.j.s.SaveService: Testplan (JMX) version: 2.2. Testlog (JTL) version: 2.2
2026-10-09 21:42:31,675 INFO o.a.j.s.SaveService: Using SaveService properties file encoding UTF-8
2026-10-09 21:42:31,679 INFO o.a.j.s.SaveService: Using SaveService properties version 5.0
2026-10-09 21:42:31,685 INFO o.a.j.s.SaveService: Loading file: jmeter\test_plans\ticket-load-test3B.jmx
2026-10-09 21:42:31,748 INFO o.a.j.p.h.s.HTTPSamplerBase: Parser for text/html is org.apache.jmeter.protocol.http.parser.LagartoBasedHtmlParser
2026-10-09 21:42:31,748 INFO o.a.j.p.h.s.HTTPSamplerBase: Parser for application/xhtml+xml is org.apache.jmeter.protocol.http.parser.LagartoBasedHtmlParser
2026-10-09 21:42:31,748 INFO o.a.j.p.h.s.HTTPSamplerBase: Parser for application/xml is org.apache.jmeter.protocol.http.parser.LagartoBasedHtmlParser
2026-10-09 21:42:31,748 INFO o.a.j.p.h.s.HTTPSamplerBase: Parser for text/xml is org.apache.jmeter.protocol.http.parser.LagartoBasedHtmlParser
2026-10-09 21:42:31,748 INFO o.a.j.p.h.s.HTTPSamplerBase: Parser for text/vnd.wap.wml is org.apache.jmeter.protocol.http.parser.RegexpHTMLParser
2026-10-09 21:42:31,748 INFO o.a.j.p.h.s.HTTPSamplerBase: Parser for text/css is org.apache.jmeter.protocol.http.parser.CssParser
2026-10-09 21:42:32,023 INFO o.a.j.JMeter: Creating summariser <summary>
2026-10-09 21:42:32,033 INFO o.a.j.e.StandardJMeterEngine: Running the test!
2026-10-09 21:42:32,033 INFO o.a.j.s.SampleEvent: List of sample_variables: [row, request_id]
2026-10-09 21:42:32,033 INFO o.a.j.s.SampleEvent: List of sample_variables: [row, request_id]
2026-10-09 21:42:32,042 INFO o.a.j.e.u.CompoundVariable: Note: Function class names must contain the string: '.functions.'
2026-10-09 21:42:32,042 INFO o.a.j.e.u.CompoundVariable: Note: Function class names must not contain the string: '.gui.'
2026-10-09 21:42:32,344 INFO o.a.j.JMeter: Running test (1791553352344)
2026-10-09 21:42:32,390 INFO o.a.j.e.StandardJMeterEngine: Starting ThreadGroup: 1 : Tickets
2026-10-09 21:42:32,390 INFO o.a.j.e.StandardJMeterEngine: Starting 0 threads for group Tickets.
2026-10-09 21:42:32,390 INFO o.a.j.e.StandardJMeterEngine: Thread will continue on error
2026-10-09 21:42:32,390 INFO o.a.j.t.o.OpenModelThreadGroup: Starting OpenModelThreadGroup#1 with schedule rate(52.44/hour) random_arrivals(600 sec) rate(52.44/hour) pause(140 sec)
2026-10-09 21:42:32,438 INFO o.a.j.e.StandardJMeterEngine: Starting ThreadGroup: 2 : Search
2026-10-09 21:42:32,438 INFO o.a.j.e.StandardJMeterEngine: Starting 0 threads for group Search.
2026-10-09 21:42:32,438 INFO o.a.j.e.StandardJMeterEngine: Thread will continue on error
2026-10-09 21:42:32,438 INFO o.a.j.t.o.OpenModelThreadGroup: Starting OpenModelThreadGroup#2 with schedule rate(104.89/hour) random_arrivals(600 sec) rate(104.89/hour) pause(140 sec)
2026-10-09 21:42:32,438 INFO o.a.j.t.o.OpenModelThreadGroup: Thread starting init
2026-10-09 21:42:32,438 INFO o.a.j.e.StandardJMeterEngine: All thread groups have been started
2026-10-09 21:42:32,438 INFO o.a.j.t.o.OpenModelThreadGroup: Thread starting init
2026-10-09 21:42:32,442 INFO o.a.j.t.o.PoissonArrivalsRamp: Generating 8 events, beginRate = 0.014566666666666665 / sec, endRate = 0.014566666666666665 / sec, duration = 600.0 sec
2026-10-09 21:42:32,442 INFO o.a.j.t.o.PoissonArrivalsRamp: Generating 17 events, beginRate = 0.029136111111111113 / sec, endRate = 0.029136111111111113 / sec, duration = 600.0 sec
2026-10-09 21:42:40,573 INFO o.a.j.t.JMeterThread: Thread started: Search 2-1
2026-10-09 21:42:40,589 INFO o.a.j.p.h.s.HTTPHCAbstractImpl: Local host = DESKTOP-NH5M8CL
2026-10-09 21:42:40,595 INFO o.a.j.p.h.s.HTTPHC4Impl: HTTP request retry count = 0
2026-10-09 21:42:40,596 INFO o.a.j.s.SampleResult: Note: Sample TimeStamps are START times
2026-10-09 21:42:40,596 INFO o.a.j.s.SampleResult: sampleresult.default.encoding is set to UTF-8
2026-10-09 21:42:40,596 INFO o.a.j.s.SampleResult: sampleresult.useNanoTime=true
2026-10-09 21:42:40,596 INFO o.a.j.s.SampleResult: sampleresult.nanoThreadSleep=5000
2026-10-09 21:42:41,051 INFO o.a.j.t.JMeterThread: Thread is done: Search 2-1
2026-10-09 21:42:41,051 INFO o.a.j.t.JMeterThread: Thread finished: Search 2-1
2026-10-09 21:42:59,823 INFO o.a.j.t.JMeterThread: Thread started: Search 2-2
2026-10-09 21:42:59,830 INFO o.a.j.t.JMeterThread: Thread is done: Search 2-2
2026-10-09 21:42:59,831 INFO o.a.j.t.JMeterThread: Thread finished: Search 2-2
2026-10-09 21:43:25,730 INFO o.a.j.t.JMeterThread: Thread started: Search 2-3
2026-10-09 21:43:25,737 INFO o.a.j.t.JMeterThread: Thread is done: Search 2-3
2026-10-09 21:43:25,737 INFO o.a.j.t.JMeterThread: Thread finished: Search 2-3
2026-10-09 21:44:42,183 INFO o.a.j.t.JMeterThread: Thread started: Search 2-4
2026-10-09 21:44:42,190 INFO o.a.j.t.JMeterThread: Thread is done: Search 2-4
2026-10-09 21:44:42,190 INFO o.a.j.t.JMeterThread: Thread finished: Search 2-4
