2026-10-09 22:22:40,661 INFO o.a.j.u.JMeterUtils: Setting Locale to en_EN
2026-10-09 22:22:40,670 INFO o.a.j.JMeter: Loading user properties from: D:\Program Files\apache-jmeter-5.6.3\bin\user.properties
2026-10-09 22:22:40,671 INFO o.a.j.JMeter: Loading system properties from: D:\Program Files\apache-jmeter-5.6.3\bin\system.properties
2026-10-09 22:22:40,671 INFO o.a.j.JMeter: Setting JMeter property: sample_variables=row,request_id
2026-10-09 22:22:40,671 INFO o.a.j.JMeter: Setting JMeter property: host=localhost
2026-10-09 22:22:40,671 INFO o.a.j.JMeter: Setting JMeter property: port=8000
2026-10-09 22:22:40,671 INFO o.a.j.JMeter: Setting JMeter property: post_rate=78.67
2026-10-09 22:22:40,671 INFO o.a.j.JMeter: Setting JMeter property: search_rate=157.33
2026-10-09 22:22:40,677 INFO o.a.j.JMeter: Copyright (c) 1998-2024 The Apache Software Foundation
2026-10-09 22:22:40,677 INFO o.a.j.JMeter: Version 5.6.3
2026-10-09 22:22:40,677 INFO o.a.j.JMeter: java.version=1.8.0_412-412
2026-10-09 22:22:40,677 INFO o.a.j.JMeter: java.vm.name=OpenJDK 64-Bit Server VM
2026-10-09 22:22:40,677 INFO o.a.j.JMeter: os.name=Windows 10
2026-10-09 22:22:40,677 INFO o.a.j.JMeter: os.arch=amd64
2026-10-09 22:22:40,677 INFO o.a.j.JMeter: os.version=10.0
2026-10-09 22:22:40,677 INFO o.a.j.JMeter: file.encoding=Cp1252
2026-10-09 22:22:40,677 INFO o.a.j.JMeter: java.awt.headless=true
2026-10-09 22:22:40,677 INFO o.a.j.JMeter: Max memory     =1073741824
2026-10-09 22:22:40,677 INFO o.a.j.JMeter: Available Processors =8
2026-10-09 22:22:40,680 INFO o.a.j.JMeter: Default Locale=English (EN)
2026-10-09 22:22:40,680 INFO o.a.j.JMeter: JMeter  Locale=English (EN)
2026-10-09 22:22:40,681 INFO o.a.j.JMeter: JMeterHome=D:\Program Files\apache-jmeter-5.6.3
2026-10-09 22:22:40,681 INFO o.a.j.JMeter: user.dir  =D:\Document\SE2026-T3\ICT3113\Proj\ICT3113-PTO-Project
2026-10-09 22:22:40,681 INFO o.a.j.JMeter: PWD       =D:\Document\SE2026-T3\ICT3113\Proj\ICT3113-PTO-Project
2026-10-09 22:22:40,682 INFO o.a.j.JMeter: IP: 172.25.96.1 Name: DESKTOP-NH5M8CL FullName: DESKTOP-NH5M8CL.mshome.net
2026-10-09 22:22:40,694 INFO o.a.j.s.FileServer: Default base='D:\Document\SE2026-T3\ICT3113\Proj\ICT3113-PTO-Project'
2026-10-09 22:22:40,695 INFO o.a.j.s.FileServer: Set new base='D:\Document\SE2026-T3\ICT3113\Proj\ICT3113-PTO-Project\jmeter\test_plans'
2026-10-09 22:22:40,792 INFO o.a.j.s.SaveService: Testplan (JMX) version: 2.2. Testlog (JTL) version: 2.2
2026-10-09 22:22:40,804 INFO o.a.j.s.SaveService: Using SaveService properties file encoding UTF-8
2026-10-09 22:22:40,808 INFO o.a.j.s.SaveService: Using SaveService properties version 5.0
2026-10-09 22:22:40,813 INFO o.a.j.s.SaveService: Loading file: jmeter\test_plans\ticket-load-test3B.jmx
2026-10-09 22:22:40,872 INFO o.a.j.p.h.s.HTTPSamplerBase: Parser for text/html is org.apache.jmeter.protocol.http.parser.LagartoBasedHtmlParser
2026-10-09 22:22:40,872 INFO o.a.j.p.h.s.HTTPSamplerBase: Parser for application/xhtml+xml is org.apache.jmeter.protocol.http.parser.LagartoBasedHtmlParser
2026-10-09 22:22:40,872 INFO o.a.j.p.h.s.HTTPSamplerBase: Parser for application/xml is org.apache.jmeter.protocol.http.parser.LagartoBasedHtmlParser
2026-10-09 22:22:40,872 INFO o.a.j.p.h.s.HTTPSamplerBase: Parser for text/xml is org.apache.jmeter.protocol.http.parser.LagartoBasedHtmlParser
2026-10-09 22:22:40,872 INFO o.a.j.p.h.s.HTTPSamplerBase: Parser for text/vnd.wap.wml is org.apache.jmeter.protocol.http.parser.RegexpHTMLParser
2026-10-09 22:22:40,872 INFO o.a.j.p.h.s.HTTPSamplerBase: Parser for text/css is org.apache.jmeter.protocol.http.parser.CssParser
2026-10-09 22:22:41,118 INFO o.a.j.JMeter: Creating summariser <summary>
2026-10-09 22:22:41,126 INFO o.a.j.e.StandardJMeterEngine: Running the test!
2026-10-09 22:22:41,127 INFO o.a.j.s.SampleEvent: List of sample_variables: [row, request_id]
2026-10-09 22:22:41,127 INFO o.a.j.s.SampleEvent: List of sample_variables: [row, request_id]
2026-10-09 22:22:41,133 INFO o.a.j.e.u.CompoundVariable: Note: Function class names must contain the string: '.functions.'
2026-10-09 22:22:41,133 INFO o.a.j.e.u.CompoundVariable: Note: Function class names must not contain the string: '.gui.'
2026-10-09 22:22:41,393 INFO o.a.j.JMeter: Running test (1791555761393)
2026-10-09 22:22:41,437 INFO o.a.j.e.StandardJMeterEngine: Starting ThreadGroup: 1 : Tickets
2026-10-09 22:22:41,437 INFO o.a.j.e.StandardJMeterEngine: Starting 0 threads for group Tickets.
2026-10-09 22:22:41,437 INFO o.a.j.e.StandardJMeterEngine: Thread will continue on error
2026-10-09 22:22:41,437 INFO o.a.j.t.o.OpenModelThreadGroup: Starting OpenModelThreadGroup#1 with schedule rate(78.67/hour) random_arrivals(600 sec) rate(78.67/hour) pause(140 sec)
2026-10-09 22:22:41,481 INFO o.a.j.e.StandardJMeterEngine: Starting ThreadGroup: 2 : Search
2026-10-09 22:22:41,481 INFO o.a.j.e.StandardJMeterEngine: Starting 0 threads for group Search.
2026-10-09 22:22:41,481 INFO o.a.j.e.StandardJMeterEngine: Thread will continue on error
2026-10-09 22:22:41,481 INFO o.a.j.t.o.OpenModelThreadGroup: Starting OpenModelThreadGroup#2 with schedule rate(157.33/hour) random_arrivals(600 sec) rate(157.33/hour) pause(140 sec)
2026-10-09 22:22:41,481 INFO o.a.j.t.o.OpenModelThreadGroup: Thread starting init
2026-10-09 22:22:41,481 INFO o.a.j.e.StandardJMeterEngine: All thread groups have been started
2026-10-09 22:22:41,482 INFO o.a.j.t.o.OpenModelThreadGroup: Thread starting init
2026-10-09 22:22:41,485 INFO o.a.j.t.o.PoissonArrivalsRamp: Generating 26 events, beginRate = 0.04370277777777778 / sec, endRate = 0.04370277777777778 / sec, duration = 600.0 sec
2026-10-09 22:22:41,485 INFO o.a.j.t.o.PoissonArrivalsRamp: Generating 13 events, beginRate = 0.021852777777777777 / sec, endRate = 0.021852777777777777 / sec, duration = 600.0 sec
2026-10-09 22:22:45,976 INFO o.a.j.t.JMeterThread: Thread started: Tickets 1-1
2026-10-09 22:22:45,977 INFO o.a.j.s.FileServer: Stored: ../../data/team11/jmeter_tickets.csv
2026-10-09 22:22:46,368 INFO o.a.j.p.h.s.HTTPHCAbstractImpl: Local host = DESKTOP-NH5M8CL
2026-10-09 22:22:46,374 INFO o.a.j.p.h.s.HTTPHC4Impl: HTTP request retry count = 0
2026-10-09 22:22:46,375 INFO o.a.j.s.SampleResult: Note: Sample TimeStamps are START times
2026-10-09 22:22:46,375 INFO o.a.j.s.SampleResult: sampleresult.default.encoding is set to UTF-8
2026-10-09 22:22:46,376 INFO o.a.j.s.SampleResult: sampleresult.useNanoTime=true
2026-10-09 22:22:46,376 INFO o.a.j.s.SampleResult: sampleresult.nanoThreadSleep=5000
2026-10-09 22:22:56,949 INFO o.a.j.t.JMeterThread: Thread started: Search 2-1
2026-10-09 22:22:56,971 INFO o.a.j.t.JMeterThread: Thread is done: Search 2-1
2026-10-09 22:22:56,971 INFO o.a.j.t.JMeterThread: Thread finished: Search 2-1
2026-10-09 22:22:57,184 INFO o.a.j.t.JMeterThread: Thread started: Search 2-2
2026-10-09 22:22:57,211 INFO o.a.j.t.JMeterThread: Thread is done: Search 2-2
2026-10-09 22:22:57,211 INFO o.a.j.t.JMeterThread: Thread finished: Search 2-2
2026-10-09 22:23:04,818 INFO o.a.j.r.Summariser: summary +      3 in 00:00:23 =    0.1/s Avg:  6143 Min:    19 Max: 18386 Err:     0 (0.00%) Active: 1 Started: 3 Finished: 2
2026-10-09 22:23:04,818 INFO o.a.j.t.JMeterThread: Thread is done: Tickets 1-1
2026-10-09 22:23:04,818 INFO o.a.j.t.JMeterThread: Thread finished: Tickets 1-1
2026-10-09 22:23:13,537 INFO o.a.j.t.JMeterThread: Thread started: Search 2-3
2026-10-09 22:23:13,544 INFO o.a.j.t.JMeterThread: Thread is done: Search 2-3
2026-10-09 22:23:13,544 INFO o.a.j.t.JMeterThread: Thread finished: Search 2-3
2026-10-09 22:23:19,648 INFO o.a.j.t.JMeterThread: Thread started: Search 2-4
2026-10-09 22:23:19,655 INFO o.a.j.t.JMeterThread: Thread is done: Search 2-4
2026-10-09 22:23:19,655 INFO o.a.j.t.JMeterThread: Thread finished: Search 2-4
2026-10-09 22:23:22,212 INFO o.a.j.t.JMeterThread: Thread started: Search 2-5
2026-10-09 22:23:22,220 INFO o.a.j.t.JMeterThread: Thread is done: Search 2-5
2026-10-09 22:23:22,220 INFO o.a.j.t.JMeterThread: Thread finished: Search 2-5
2026-10-09 22:23:25,082 INFO o.a.j.t.JMeterThread: Thread started: Search 2-6
2026-10-09 22:23:25,093 INFO o.a.j.t.JMeterThread: Thread is done: Search 2-6
2026-10-09 22:23:25,093 INFO o.a.j.t.JMeterThread: Thread finished: Search 2-6
2026-10-09 22:23:31,461 INFO o.a.j.t.JMeterThread: Thread started: Search 2-7
2026-10-09 22:23:31,469 INFO o.a.j.r.Summariser: summary +      5 in 00:00:27 =    0.2/s Avg:     6 Min:     5 Max:     9 Err:     0 (0.00%) Active: 1 Started: 8 Finished: 7
2026-10-09 22:23:31,469 INFO o.a.j.r.Summariser: summary =      8 in 00:00:50 =    0.2/s Avg:  2307 Min:     5 Max: 18386 Err:     0 (0.00%)
2026-10-09 22:23:31,470 INFO o.a.j.t.JMeterThread: Thread is done: Search 2-7
2026-10-09 22:23:31,470 INFO o.a.j.t.JMeterThread: Thread finished: Search 2-7
2026-10-09 22:23:36,491 INFO o.a.j.t.JMeterThread: Thread started: Tickets 1-2
2026-10-09 22:23:42,282 INFO o.a.j.t.JMeterThread: Thread is done: Tickets 1-2
2026-10-09 22:23:42,282 INFO o.a.j.t.JMeterThread: Thread finished: Tickets 1-2
2026-10-09 22:24:07,187 INFO o.a.j.t.JMeterThread: Thread started: Search 2-8
2026-10-09 22:24:07,194 INFO o.a.j.t.JMeterThread: Thread is done: Search 2-8
2026-10-09 22:24:07,194 INFO o.a.j.t.JMeterThread: Thread finished: Search 2-8
2026-10-09 22:25:16,538 INFO o.a.j.t.JMeterThread: Thread started: Tickets 1-3
2026-10-09 22:25:28,026 INFO o.a.j.t.JMeterThread: Thread started: Tickets 1-4
2026-10-09 22:25:32,900 INFO o.a.j.r.Summariser: summary +      3 in 00:02:01 =    0.0/s Avg:  7382 Min:     6 Max: 16354 Err:     0 (0.00%) Active: 2 Started: 12 Finished: 10
2026-10-09 22:25:32,900 INFO o.a.j.r.Summariser: summary =     11 in 00:02:52 =    0.1/s Avg:  3691 Min:     5 Max: 18386 Err:     0 (0.00%)
2026-10-09 22:25:32,901 INFO o.a.j.t.JMeterThread: Thread is done: Tickets 1-3
2026-10-09 22:25:32,901 INFO o.a.j.t.JMeterThread: Thread finished: Tickets 1-3
2026-10-09 22:25:38,627 INFO o.a.j.t.JMeterThread: Thread is done: Tickets 1-4
2026-10-09 22:25:38,627 INFO o.a.j.t.JMeterThread: Thread finished: Tickets 1-4
2026-10-09 22:25:45,935 INFO o.a.j.t.JMeterThread: Thread started: Search 2-9
2026-10-09 22:25:45,942 INFO o.a.j.t.JMeterThread: Thread is done: Search 2-9
2026-10-09 22:25:45,942 INFO o.a.j.t.JMeterThread: Thread finished: Search 2-9
2026-10-09 22:25:48,449 INFO o.a.j.t.JMeterThread: Thread started: Search 2-10
2026-10-09 22:25:48,456 INFO o.a.j.t.JMeterThread: Thread is done: Search 2-10
2026-10-09 22:25:48,457 INFO o.a.j.t.JMeterThread: Thread finished: Search 2-10
2026-10-09 22:26:00,943 INFO o.a.j.t.JMeterThread: Thread started: Tickets 1-5
2026-10-09 22:26:13,762 INFO o.a.j.t.JMeterThread: Thread is done: Tickets 1-5
2026-10-09 22:26:13,762 INFO o.a.j.t.JMeterThread: Thread finished: Tickets 1-5
2026-10-09 22:26:45,115 INFO o.a.j.t.JMeterThread: Thread started: Search 2-11
2026-10-09 22:26:45,122 INFO o.a.j.t.JMeterThread: Thread is done: Search 2-11
2026-10-09 22:26:45,122 INFO o.a.j.t.JMeterThread: Thread finished: Search 2-11
2026-10-09 22:26:51,570 INFO o.a.j.t.JMeterThread: Thread started: Search 2-12
2026-10-09 22:26:51,577 INFO o.a.j.t.JMeterThread: Thread is done: Search 2-12
2026-10-09 22:26:51,577 INFO o.a.j.t.JMeterThread: Thread finished: Search 2-12
2026-10-09 22:27:12,258 INFO o.a.j.t.JMeterThread: Thread started: Tickets 1-6
2026-10-09 22:27:20,171 INFO o.a.j.t.JMeterThread: Thread is done: Tickets 1-6
2026-10-09 22:27:20,171 INFO o.a.j.t.JMeterThread: Thread finished: Tickets 1-6
2026-10-09 22:27:25,894 INFO o.a.j.t.JMeterThread: Thread started: Search 2-13
2026-10-09 22:27:25,901 INFO o.a.j.t.JMeterThread: Thread is done: Search 2-13
2026-10-09 22:27:25,901 INFO o.a.j.t.JMeterThread: Thread finished: Search 2-13
2026-10-09 22:27:30,314 INFO o.a.j.t.JMeterThread: Thread started: Tickets 1-7
2026-10-09 22:27:43,249 INFO o.a.j.t.JMeterThread: Thread is done: Tickets 1-7
2026-10-09 22:27:43,249 INFO o.a.j.t.JMeterThread: Thread finished: Tickets 1-7
2026-10-09 22:27:49,039 INFO o.a.j.t.JMeterThread: Thread started: Search 2-14
2026-10-09 22:27:49,047 INFO o.a.j.t.JMeterThread: Thread is done: Search 2-14
2026-10-09 22:27:49,047 INFO o.a.j.t.JMeterThread: Thread finished: Search 2-14
2026-10-09 22:27:57,317 INFO o.a.j.t.JMeterThread: Thread started: Search 2-15
2026-10-09 22:27:57,324 INFO o.a.j.t.JMeterThread: Thread is done: Search 2-15
2026-10-09 22:27:57,324 INFO o.a.j.t.JMeterThread: Thread finished: Search 2-15
2026-10-09 22:28:01,851 INFO o.a.j.t.JMeterThread: Thread started: Search 2-16
2026-10-09 22:28:01,858 INFO o.a.j.r.Summariser: summary +     12 in 00:02:29 =    0.1/s Avg:  3690 Min:     5 Max: 12929 Err:     0 (0.00%) Active: 1 Started: 23 Finished: 22
2026-10-09 22:28:01,859 INFO o.a.j.r.Summariser: summary =     23 in 00:05:20 =    0.1/s Avg:  3691 Min:     5 Max: 18386 Err:     0 (0.00%)
2026-10-09 22:28:01,859 INFO o.a.j.t.JMeterThread: Thread is done: Search 2-16
2026-10-09 22:28:01,859 INFO o.a.j.t.JMeterThread: Thread finished: Search 2-16
2026-10-09 22:28:10,626 INFO o.a.j.t.JMeterThread: Thread started: Tickets 1-8
2026-10-09 22:28:25,251 INFO o.a.j.t.JMeterThread: Thread is done: Tickets 1-8
2026-10-09 22:28:25,251 INFO o.a.j.t.JMeterThread: Thread finished: Tickets 1-8
2026-10-09 22:28:31,504 INFO o.a.j.t.JMeterThread: Thread started: Search 2-17
2026-10-09 22:28:31,513 INFO o.a.j.r.Summariser: summary +      2 in 00:00:30 =    0.1/s Avg:  7312 Min:     6 Max: 14619 Err:     0 (0.00%) Active: 1 Started: 25 Finished: 24
2026-10-09 22:28:31,513 INFO o.a.j.r.Summariser: summary =     25 in 00:05:50 =    0.1/s Avg:  3980 Min:     5 Max: 18386 Err:     0 (0.00%)
2026-10-09 22:28:31,514 INFO o.a.j.t.JMeterThread: Thread is done: Search 2-17
2026-10-09 22:28:31,514 INFO o.a.j.t.JMeterThread: Thread finished: Search 2-17
2026-10-09 22:28:53,056 INFO o.a.j.t.JMeterThread: Thread started: Search 2-18
2026-10-09 22:28:53,062 INFO o.a.j.t.JMeterThread: Thread is done: Search 2-18
2026-10-09 22:28:53,062 INFO o.a.j.t.JMeterThread: Thread finished: Search 2-18
2026-10-09 22:29:18,803 INFO o.a.j.t.JMeterThread: Thread started: Search 2-19
2026-10-09 22:29:18,811 INFO o.a.j.t.JMeterThread: Thread is done: Search 2-19
2026-10-09 22:29:18,811 INFO o.a.j.t.JMeterThread: Thread finished: Search 2-19
2026-10-09 22:29:19,150 INFO o.a.j.t.JMeterThread: Thread started: Tickets 1-9
2026-10-09 22:29:35,122 INFO o.a.j.r.Summariser: summary +      3 in 00:01:04 =    0.0/s Avg:  5326 Min:     6 Max: 15968 Err:     0 (0.00%) Active: 1 Started: 28 Finished: 27
2026-10-09 22:29:35,122 INFO o.a.j.r.Summariser: summary =     28 in 00:06:54 =    0.1/s Avg:  4124 Min:     5 Max: 18386 Err:     0 (0.00%)
2026-10-09 22:29:35,123 INFO o.a.j.t.JMeterThread: Thread is done: Tickets 1-9
2026-10-09 22:29:35,123 INFO o.a.j.t.JMeterThread: Thread finished: Tickets 1-9
2026-10-09 22:29:46,626 INFO o.a.j.t.JMeterThread: Thread started: Search 2-20
2026-10-09 22:29:46,634 INFO o.a.j.t.JMeterThread: Thread is done: Search 2-20
2026-10-09 22:29:46,634 INFO o.a.j.t.JMeterThread: Thread finished: Search 2-20
2026-10-09 22:30:12,914 INFO o.a.j.t.JMeterThread: Thread started: Tickets 1-10
2026-10-09 22:30:21,222 INFO o.a.j.t.JMeterThread: Thread is done: Tickets 1-10
2026-10-09 22:30:21,222 INFO o.a.j.t.JMeterThread: Thread finished: Tickets 1-10
2026-10-09 22:30:24,741 INFO o.a.j.t.JMeterThread: Thread started: Search 2-21
2026-10-09 22:30:24,748 INFO o.a.j.t.JMeterThread: Thread is done: Search 2-21
2026-10-09 22:30:24,748 INFO o.a.j.t.JMeterThread: Thread finished: Search 2-21
2026-10-09 22:30:34,445 INFO o.a.j.t.JMeterThread: Thread started: Tickets 1-11
2026-10-09 22:30:38,668 INFO o.a.j.t.JMeterThread: Thread started: Tickets 1-12
2026-10-09 22:30:47,611 INFO o.a.j.t.JMeterThread: Thread started: Search 2-22
2026-10-09 22:30:47,628 INFO o.a.j.t.JMeterThread: Thread is done: Search 2-22
2026-10-09 22:30:47,628 INFO o.a.j.t.JMeterThread: Thread finished: Search 2-22
2026-10-09 22:30:49,320 INFO o.a.j.t.JMeterThread: Thread is done: Tickets 1-11
2026-10-09 22:30:49,321 INFO o.a.j.t.JMeterThread: Thread finished: Tickets 1-11
2026-10-09 22:30:54,064 INFO o.a.j.t.o.EvenArrivalsRamp: Generating 0 events, beginRate = 0.0 / sec, endRate = 0.0 / sec, duration = 140.0 sec
2026-10-09 22:30:54,064 INFO o.a.j.t.JMeterThread: Thread started: Tickets 1-13
2026-10-09 22:30:54,064 INFO o.a.j.t.o.OpenModelThreadGroup: There will be no more events, so will wait for 247 sec till the end of the schedule
2026-10-09 22:31:03,174 INFO o.a.j.t.JMeterThread: Thread started: Search 2-23
2026-10-09 22:31:03,182 INFO o.a.j.r.Summariser: summary +      6 in 00:01:28 =    0.1/s Avg:  3867 Min:     5 Max: 14868 Err:     0 (0.00%) Active: 3 Started: 36 Finished: 33
2026-10-09 22:31:03,182 INFO o.a.j.r.Summariser: summary =     34 in 00:08:22 =    0.1/s Avg:  4079 Min:     5 Max: 18386 Err:     0 (0.00%)
2026-10-09 22:31:03,185 INFO o.a.j.t.JMeterThread: Thread is done: Search 2-23
2026-10-09 22:31:03,186 INFO o.a.j.t.JMeterThread: Thread finished: Search 2-23
2026-10-09 22:31:04,240 INFO o.a.j.t.JMeterThread: Thread is done: Tickets 1-12
2026-10-09 22:31:04,241 INFO o.a.j.t.JMeterThread: Thread finished: Tickets 1-12
2026-10-09 22:31:16,365 INFO o.a.j.t.JMeterThread: Thread is done: Tickets 1-13
2026-10-09 22:31:16,365 INFO o.a.j.t.JMeterThread: Thread finished: Tickets 1-13
2026-10-09 22:31:31,593 INFO o.a.j.t.JMeterThread: Thread started: Search 2-24
2026-10-09 22:31:31,601 INFO o.a.j.r.Summariser: summary +      3 in 00:00:28 =    0.1/s Avg: 15955 Min:     5 Max: 25566 Err:     0 (0.00%) Active: 1 Started: 37 Finished: 36
2026-10-09 22:31:31,601 INFO o.a.j.r.Summariser: summary =     37 in 00:08:50 =    0.1/s Avg:  5042 Min:     5 Max: 25566 Err:     0 (0.00%)
2026-10-09 22:31:31,602 INFO o.a.j.t.JMeterThread: Thread is done: Search 2-24
2026-10-09 22:31:31,602 INFO o.a.j.t.JMeterThread: Thread finished: Search 2-24
2026-10-09 22:31:59,809 INFO o.a.j.t.JMeterThread: Thread started: Search 2-25
2026-10-09 22:31:59,818 INFO o.a.j.t.JMeterThread: Thread is done: Search 2-25
2026-10-09 22:31:59,818 INFO o.a.j.t.JMeterThread: Thread finished: Search 2-25
2026-10-09 22:32:32,564 INFO o.a.j.t.o.EvenArrivalsRamp: Generating 0 events, beginRate = 0.0 / sec, endRate = 0.0 / sec, duration = 140.0 sec
2026-10-09 22:32:32,564 INFO o.a.j.t.JMeterThread: Thread started: Search 2-26
2026-10-09 22:32:32,564 INFO o.a.j.t.o.OpenModelThreadGroup: There will be no more events, so will wait for 148 sec till the end of the schedule
2026-10-09 22:32:32,572 INFO o.a.j.r.Summariser: summary +      2 in 00:01:01 =    0.0/s Avg:     6 Min:     6 Max:     7 Err:     0 (0.00%) Active: 1 Started: 39 Finished: 38
2026-10-09 22:32:32,572 INFO o.a.j.r.Summariser: summary =     39 in 00:09:51 =    0.1/s Avg:  4784 Min:     5 Max: 25566 Err:     0 (0.00%)
2026-10-09 22:32:32,573 INFO o.a.j.t.JMeterThread: Thread is done: Search 2-26
2026-10-09 22:32:32,573 INFO o.a.j.t.JMeterThread: Thread finished: Search 2-26
2026-10-09 22:35:01,131 INFO o.a.j.t.o.OpenModelThreadGroup: There will be no more events, will shutdown the thread pool
2026-10-09 22:35:01,131 INFO o.a.j.t.o.OpenModelThreadGroup: There will be no more events, will shutdown the thread pool
2026-10-09 22:35:01,131 INFO o.a.j.t.o.OpenModelThreadGroup: Thread starting done
2026-10-09 22:35:01,131 INFO o.a.j.t.o.OpenModelThreadGroup: Thread starting done
2026-10-09 22:35:01,131 INFO o.a.j.e.StandardJMeterEngine: Notifying test listeners of end of test
2026-10-09 22:35:01,131 INFO o.a.j.s.FileServer: Close: ../../data/team11/jmeter_tickets.csv
2026-10-09 22:35:01,133 INFO o.a.j.r.Summariser: summary =     39 in 00:12:20 =    0.1/s Avg:  4784 Min:     5 Max: 25566 Err:     0 (0.00%)
