2026-10-09 22:36:03,686 INFO o.a.j.u.JMeterUtils: Setting Locale to en_EN
2026-10-09 22:36:03,696 INFO o.a.j.JMeter: Loading user properties from: D:\Program Files\apache-jmeter-5.6.3\bin\user.properties
2026-10-09 22:36:03,697 INFO o.a.j.JMeter: Loading system properties from: D:\Program Files\apache-jmeter-5.6.3\bin\system.properties
2026-10-09 22:36:03,697 INFO o.a.j.JMeter: Setting JMeter property: sample_variables=row,request_id
2026-10-09 22:36:03,698 INFO o.a.j.JMeter: Setting JMeter property: host=localhost
2026-10-09 22:36:03,698 INFO o.a.j.JMeter: Setting JMeter property: port=8000
2026-10-09 22:36:03,698 INFO o.a.j.JMeter: Setting JMeter property: post_rate=160
2026-10-09 22:36:03,698 INFO o.a.j.JMeter: Setting JMeter property: search_rate=320
2026-10-09 22:36:03,703 INFO o.a.j.JMeter: Copyright (c) 1998-2024 The Apache Software Foundation
2026-10-09 22:36:03,703 INFO o.a.j.JMeter: Version 5.6.3
2026-10-09 22:36:03,703 INFO o.a.j.JMeter: java.version=1.8.0_412-412
2026-10-09 22:36:03,703 INFO o.a.j.JMeter: java.vm.name=OpenJDK 64-Bit Server VM
2026-10-09 22:36:03,703 INFO o.a.j.JMeter: os.name=Windows 10
2026-10-09 22:36:03,703 INFO o.a.j.JMeter: os.arch=amd64
2026-10-09 22:36:03,703 INFO o.a.j.JMeter: os.version=10.0
2026-10-09 22:36:03,703 INFO o.a.j.JMeter: file.encoding=Cp1252
2026-10-09 22:36:03,703 INFO o.a.j.JMeter: java.awt.headless=true
2026-10-09 22:36:03,703 INFO o.a.j.JMeter: Max memory     =1073741824
2026-10-09 22:36:03,703 INFO o.a.j.JMeter: Available Processors =8
2026-10-09 22:36:03,706 INFO o.a.j.JMeter: Default Locale=English (EN)
2026-10-09 22:36:03,707 INFO o.a.j.JMeter: JMeter  Locale=English (EN)
2026-10-09 22:36:03,707 INFO o.a.j.JMeter: JMeterHome=D:\Program Files\apache-jmeter-5.6.3
2026-10-09 22:36:03,707 INFO o.a.j.JMeter: user.dir  =D:\Document\SE2026-T3\ICT3113\Proj\ICT3113-PTO-Project
2026-10-09 22:36:03,707 INFO o.a.j.JMeter: PWD       =D:\Document\SE2026-T3\ICT3113\Proj\ICT3113-PTO-Project
2026-10-09 22:36:03,708 INFO o.a.j.JMeter: IP: 172.25.96.1 Name: DESKTOP-NH5M8CL FullName: DESKTOP-NH5M8CL.mshome.net
2026-10-09 22:36:03,722 INFO o.a.j.s.FileServer: Default base='D:\Document\SE2026-T3\ICT3113\Proj\ICT3113-PTO-Project'
2026-10-09 22:36:03,724 INFO o.a.j.s.FileServer: Set new base='D:\Document\SE2026-T3\ICT3113\Proj\ICT3113-PTO-Project\jmeter\test_plans'
2026-10-09 22:36:03,830 INFO o.a.j.s.SaveService: Testplan (JMX) version: 2.2. Testlog (JTL) version: 2.2
2026-10-09 22:36:03,843 INFO o.a.j.s.SaveService: Using SaveService properties file encoding UTF-8
2026-10-09 22:36:03,848 INFO o.a.j.s.SaveService: Using SaveService properties version 5.0
2026-10-09 22:36:03,853 INFO o.a.j.s.SaveService: Loading file: jmeter\test_plans\ticket-load-test3B.jmx
2026-10-09 22:36:03,915 INFO o.a.j.p.h.s.HTTPSamplerBase: Parser for text/html is org.apache.jmeter.protocol.http.parser.LagartoBasedHtmlParser
2026-10-09 22:36:03,916 INFO o.a.j.p.h.s.HTTPSamplerBase: Parser for application/xhtml+xml is org.apache.jmeter.protocol.http.parser.LagartoBasedHtmlParser
2026-10-09 22:36:03,916 INFO o.a.j.p.h.s.HTTPSamplerBase: Parser for application/xml is org.apache.jmeter.protocol.http.parser.LagartoBasedHtmlParser
2026-10-09 22:36:03,916 INFO o.a.j.p.h.s.HTTPSamplerBase: Parser for text/xml is org.apache.jmeter.protocol.http.parser.LagartoBasedHtmlParser
2026-10-09 22:36:03,916 INFO o.a.j.p.h.s.HTTPSamplerBase: Parser for text/vnd.wap.wml is org.apache.jmeter.protocol.http.parser.RegexpHTMLParser
2026-10-09 22:36:03,916 INFO o.a.j.p.h.s.HTTPSamplerBase: Parser for text/css is org.apache.jmeter.protocol.http.parser.CssParser
2026-10-09 22:36:04,190 INFO o.a.j.JMeter: Creating summariser <summary>
2026-10-09 22:36:04,201 INFO o.a.j.e.StandardJMeterEngine: Running the test!
2026-10-09 22:36:04,201 INFO o.a.j.s.SampleEvent: List of sample_variables: [row, request_id]
2026-10-09 22:36:04,201 INFO o.a.j.s.SampleEvent: List of sample_variables: [row, request_id]
2026-10-09 22:36:04,207 INFO o.a.j.e.u.CompoundVariable: Note: Function class names must contain the string: '.functions.'
2026-10-09 22:36:04,207 INFO o.a.j.e.u.CompoundVariable: Note: Function class names must not contain the string: '.gui.'
2026-10-09 22:36:04,501 INFO o.a.j.JMeter: Running test (1791556564501)
2026-10-09 22:36:04,547 INFO o.a.j.e.StandardJMeterEngine: Starting ThreadGroup: 1 : Tickets
2026-10-09 22:36:04,547 INFO o.a.j.e.StandardJMeterEngine: Starting 0 threads for group Tickets.
2026-10-09 22:36:04,548 INFO o.a.j.e.StandardJMeterEngine: Thread will continue on error
2026-10-09 22:36:04,548 INFO o.a.j.t.o.OpenModelThreadGroup: Starting OpenModelThreadGroup#1 with schedule rate(160/hour) random_arrivals(600 sec) rate(160/hour) pause(140 sec)
2026-10-09 22:36:04,598 INFO o.a.j.e.StandardJMeterEngine: Starting ThreadGroup: 2 : Search
2026-10-09 22:36:04,598 INFO o.a.j.e.StandardJMeterEngine: Starting 0 threads for group Search.
2026-10-09 22:36:04,598 INFO o.a.j.e.StandardJMeterEngine: Thread will continue on error
2026-10-09 22:36:04,598 INFO o.a.j.t.o.OpenModelThreadGroup: Starting OpenModelThreadGroup#2 with schedule rate(320/hour) random_arrivals(600 sec) rate(320/hour) pause(140 sec)
2026-10-09 22:36:04,598 INFO o.a.j.t.o.OpenModelThreadGroup: Thread starting init
2026-10-09 22:36:04,599 INFO o.a.j.e.StandardJMeterEngine: All thread groups have been started
2026-10-09 22:36:04,599 INFO o.a.j.t.o.OpenModelThreadGroup: Thread starting init
2026-10-09 22:36:04,602 INFO o.a.j.t.o.PoissonArrivalsRamp: Generating 53 events, beginRate = 0.08888888888888889 / sec, endRate = 0.08888888888888889 / sec, duration = 600.0 sec
2026-10-09 22:36:04,602 INFO o.a.j.t.o.PoissonArrivalsRamp: Generating 26 events, beginRate = 0.044444444444444446 / sec, endRate = 0.044444444444444446 / sec, duration = 600.0 sec
2026-10-09 22:36:09,833 INFO o.a.j.t.JMeterThread: Thread started: Tickets 1-1
2026-10-09 22:36:09,834 INFO o.a.j.s.FileServer: Stored: ../../data/team11/jmeter_tickets.csv
2026-10-09 22:36:10,223 INFO o.a.j.p.h.s.HTTPHCAbstractImpl: Local host = DESKTOP-NH5M8CL
2026-10-09 22:36:10,228 INFO o.a.j.p.h.s.HTTPHC4Impl: HTTP request retry count = 0
2026-10-09 22:36:10,229 INFO o.a.j.s.SampleResult: Note: Sample TimeStamps are START times
2026-10-09 22:36:10,229 INFO o.a.j.s.SampleResult: sampleresult.default.encoding is set to UTF-8
2026-10-09 22:36:10,230 INFO o.a.j.s.SampleResult: sampleresult.useNanoTime=true
2026-10-09 22:36:10,230 INFO o.a.j.s.SampleResult: sampleresult.nanoThreadSleep=5000
2026-10-09 22:36:16,228 INFO o.a.j.t.JMeterThread: Thread started: Tickets 1-2
2026-10-09 22:36:19,115 INFO o.a.j.t.JMeterThread: Thread started: Search 2-1
2026-10-09 22:36:19,145 INFO o.a.j.t.JMeterThread: Thread is done: Search 2-1
2026-10-09 22:36:19,145 INFO o.a.j.t.JMeterThread: Thread finished: Search 2-1
2026-10-09 22:36:21,739 INFO o.a.j.t.JMeterThread: Thread is done: Tickets 1-1
2026-10-09 22:36:21,739 INFO o.a.j.t.JMeterThread: Thread finished: Tickets 1-1
2026-10-09 22:36:27,567 INFO o.a.j.t.JMeterThread: Thread started: Search 2-2
2026-10-09 22:36:27,575 INFO o.a.j.t.JMeterThread: Thread is done: Search 2-2
2026-10-09 22:36:27,575 INFO o.a.j.t.JMeterThread: Thread finished: Search 2-2
2026-10-09 22:36:38,515 INFO o.a.j.t.JMeterThread: Thread is done: Tickets 1-2
2026-10-09 22:36:38,515 INFO o.a.j.t.JMeterThread: Thread finished: Tickets 1-2
2026-10-09 22:36:44,004 INFO o.a.j.t.JMeterThread: Thread started: Tickets 1-3
2026-10-09 22:36:56,224 INFO o.a.j.t.JMeterThread: Thread is done: Tickets 1-3
2026-10-09 22:36:56,224 INFO o.a.j.t.JMeterThread: Thread finished: Tickets 1-3
2026-10-09 22:37:09,385 INFO o.a.j.t.JMeterThread: Thread started: Search 2-3
2026-10-09 22:37:09,392 INFO o.a.j.t.JMeterThread: Thread is done: Search 2-3
2026-10-09 22:37:09,392 INFO o.a.j.t.JMeterThread: Thread finished: Search 2-3
2026-10-09 22:37:16,847 INFO o.a.j.t.JMeterThread: Thread started: Search 2-4
2026-10-09 22:37:16,854 INFO o.a.j.t.JMeterThread: Thread is done: Search 2-4
2026-10-09 22:37:16,854 INFO o.a.j.t.JMeterThread: Thread finished: Search 2-4
2026-10-09 22:37:18,685 INFO o.a.j.t.JMeterThread: Thread started: Tickets 1-4
2026-10-09 22:37:28,415 INFO o.a.j.t.JMeterThread: Thread started: Search 2-5
2026-10-09 22:37:28,433 INFO o.a.j.t.JMeterThread: Thread is done: Search 2-5
2026-10-09 22:37:28,433 INFO o.a.j.t.JMeterThread: Thread finished: Search 2-5
2026-10-09 22:37:32,271 INFO o.a.j.r.Summariser: summary +      9 in 00:01:28 =    0.1/s Avg:  6620 Min:     6 Max: 22270 Err:     0 (0.00%) Active: 1 Started: 9 Finished: 8
2026-10-09 22:37:32,272 INFO o.a.j.t.JMeterThread: Thread is done: Tickets 1-4
2026-10-09 22:37:32,272 INFO o.a.j.t.JMeterThread: Thread finished: Tickets 1-4
2026-10-09 22:38:20,148 INFO o.a.j.t.JMeterThread: Thread started: Search 2-6
2026-10-09 22:38:20,157 INFO o.a.j.t.JMeterThread: Thread is done: Search 2-6
2026-10-09 22:38:20,157 INFO o.a.j.t.JMeterThread: Thread finished: Search 2-6
2026-10-09 22:38:22,782 INFO o.a.j.t.JMeterThread: Thread started: Search 2-7
2026-10-09 22:38:22,789 INFO o.a.j.t.JMeterThread: Thread is done: Search 2-7
2026-10-09 22:38:22,789 INFO o.a.j.t.JMeterThread: Thread finished: Search 2-7
2026-10-09 22:38:24,141 INFO o.a.j.t.JMeterThread: Thread started: Search 2-8
2026-10-09 22:38:24,148 INFO o.a.j.t.JMeterThread: Thread is done: Search 2-8
2026-10-09 22:38:24,148 INFO o.a.j.t.JMeterThread: Thread finished: Search 2-8
2026-10-09 22:38:25,184 INFO o.a.j.t.JMeterThread: Thread started: Search 2-9
2026-10-09 22:38:25,191 INFO o.a.j.t.JMeterThread: Thread is done: Search 2-9
2026-10-09 22:38:25,191 INFO o.a.j.t.JMeterThread: Thread finished: Search 2-9
2026-10-09 22:38:28,133 INFO o.a.j.t.JMeterThread: Thread started: Search 2-10
2026-10-09 22:38:28,140 INFO o.a.j.t.JMeterThread: Thread is done: Search 2-10
2026-10-09 22:38:28,140 INFO o.a.j.t.JMeterThread: Thread finished: Search 2-10
2026-10-09 22:38:35,874 INFO o.a.j.t.JMeterThread: Thread started: Search 2-11
2026-10-09 22:38:35,881 INFO o.a.j.r.Summariser: summary +      6 in 00:01:04 =    0.1/s Avg:     5 Min:     5 Max:     6 Err:     0 (0.00%) Active: 1 Started: 15 Finished: 14
2026-10-09 22:38:35,882 INFO o.a.j.r.Summariser: summary =     15 in 00:02:31 =    0.1/s Avg:  3974 Min:     5 Max: 22270 Err:     0 (0.00%)
2026-10-09 22:38:35,883 INFO o.a.j.t.JMeterThread: Thread is done: Search 2-11
2026-10-09 22:38:35,883 INFO o.a.j.t.JMeterThread: Thread finished: Search 2-11
2026-10-09 22:38:59,768 INFO o.a.j.t.JMeterThread: Thread started: Search 2-12
2026-10-09 22:38:59,775 INFO o.a.j.t.JMeterThread: Thread is done: Search 2-12
2026-10-09 22:38:59,775 INFO o.a.j.t.JMeterThread: Thread finished: Search 2-12
2026-10-09 22:39:03,386 INFO o.a.j.t.JMeterThread: Thread started: Tickets 1-5
2026-10-09 22:39:14,118 INFO o.a.j.t.JMeterThread: Thread started: Search 2-13
2026-10-09 22:39:14,137 INFO o.a.j.t.JMeterThread: Thread is done: Search 2-13
2026-10-09 22:39:14,137 INFO o.a.j.t.JMeterThread: Thread finished: Search 2-13
2026-10-09 22:39:14,604 INFO o.a.j.t.JMeterThread: Thread is done: Tickets 1-5
2026-10-09 22:39:14,604 INFO o.a.j.t.JMeterThread: Thread finished: Tickets 1-5
2026-10-09 22:39:21,362 INFO o.a.j.t.JMeterThread: Thread started: Tickets 1-6
2026-10-09 22:39:27,104 INFO o.a.j.t.JMeterThread: Thread started: Search 2-14
2026-10-09 22:39:27,110 INFO o.a.j.t.JMeterThread: Thread is done: Search 2-14
2026-10-09 22:39:27,111 INFO o.a.j.t.JMeterThread: Thread finished: Search 2-14
2026-10-09 22:39:33,272 INFO o.a.j.t.JMeterThread: Thread started: Search 2-15
2026-10-09 22:39:33,295 INFO o.a.j.r.Summariser: summary +      5 in 00:00:57 =    0.1/s Avg:  4633 Min:     5 Max: 11927 Err:     0 (0.00%) Active: 2 Started: 21 Finished: 19
2026-10-09 22:39:33,296 INFO o.a.j.r.Summariser: summary =     20 in 00:03:29 =    0.1/s Avg:  4139 Min:     5 Max: 22270 Err:     0 (0.00%)
2026-10-09 22:39:33,296 INFO o.a.j.t.JMeterThread: Thread is done: Tickets 1-6
2026-10-09 22:39:33,296 INFO o.a.j.t.JMeterThread: Thread finished: Tickets 1-6
2026-10-09 22:39:33,299 INFO o.a.j.t.JMeterThread: Thread is done: Search 2-15
2026-10-09 22:39:33,299 INFO o.a.j.t.JMeterThread: Thread finished: Search 2-15
2026-10-09 22:39:36,123 INFO o.a.j.t.JMeterThread: Thread started: Search 2-16
2026-10-09 22:39:36,129 INFO o.a.j.t.JMeterThread: Thread is done: Search 2-16
2026-10-09 22:39:36,129 INFO o.a.j.t.JMeterThread: Thread finished: Search 2-16
2026-10-09 22:39:37,033 INFO o.a.j.t.JMeterThread: Thread started: Search 2-17
2026-10-09 22:39:37,039 INFO o.a.j.t.JMeterThread: Thread is done: Search 2-17
2026-10-09 22:39:37,040 INFO o.a.j.t.JMeterThread: Thread finished: Search 2-17
2026-10-09 22:39:42,046 INFO o.a.j.t.JMeterThread: Thread started: Search 2-18
2026-10-09 22:39:42,053 INFO o.a.j.t.JMeterThread: Thread is done: Search 2-18
2026-10-09 22:39:42,053 INFO o.a.j.t.JMeterThread: Thread finished: Search 2-18
2026-10-09 22:39:44,821 INFO o.a.j.t.JMeterThread: Thread started: Tickets 1-7
2026-10-09 22:39:49,348 INFO o.a.j.t.JMeterThread: Thread started: Search 2-19
2026-10-09 22:39:49,371 INFO o.a.j.t.JMeterThread: Thread is done: Search 2-19
2026-10-09 22:39:49,371 INFO o.a.j.t.JMeterThread: Thread finished: Search 2-19
2026-10-09 22:39:55,482 INFO o.a.j.t.JMeterThread: Thread started: Search 2-20
2026-10-09 22:39:55,504 INFO o.a.j.t.JMeterThread: Thread is done: Search 2-20
2026-10-09 22:39:55,504 INFO o.a.j.t.JMeterThread: Thread finished: Search 2-20
2026-10-09 22:39:59,425 INFO o.a.j.t.JMeterThread: Thread started: Search 2-21
2026-10-09 22:39:59,432 INFO o.a.j.t.JMeterThread: Thread is done: Search 2-21
2026-10-09 22:39:59,432 INFO o.a.j.t.JMeterThread: Thread finished: Search 2-21
2026-10-09 22:39:59,704 INFO o.a.j.t.JMeterThread: Thread is done: Tickets 1-7
2026-10-09 22:39:59,704 INFO o.a.j.t.JMeterThread: Thread finished: Tickets 1-7
2026-10-09 22:40:08,526 INFO o.a.j.t.JMeterThread: Thread started: Search 2-22
2026-10-09 22:40:08,533 INFO o.a.j.t.JMeterThread: Thread is done: Search 2-22
2026-10-09 22:40:08,533 INFO o.a.j.t.JMeterThread: Thread finished: Search 2-22
2026-10-09 22:40:15,537 INFO o.a.j.t.JMeterThread: Thread started: Search 2-23
2026-10-09 22:40:15,544 INFO o.a.j.t.JMeterThread: Thread is done: Search 2-23
2026-10-09 22:40:15,544 INFO o.a.j.t.JMeterThread: Thread finished: Search 2-23
2026-10-09 22:40:16,798 INFO o.a.j.t.JMeterThread: Thread started: Tickets 1-8
2026-10-09 22:40:30,667 INFO o.a.j.r.Summariser: summary +     11 in 00:00:57 =    0.2/s Avg:  2622 Min:     5 Max: 14878 Err:     0 (0.00%) Active: 1 Started: 31 Finished: 30
2026-10-09 22:40:30,668 INFO o.a.j.r.Summariser: summary =     31 in 00:04:26 =    0.1/s Avg:  3600 Min:     5 Max: 22270 Err:     0 (0.00%)
2026-10-09 22:40:30,668 INFO o.a.j.t.JMeterThread: Thread is done: Tickets 1-8
2026-10-09 22:40:30,669 INFO o.a.j.t.JMeterThread: Thread finished: Tickets 1-8
2026-10-09 22:40:32,666 INFO o.a.j.t.JMeterThread: Thread started: Search 2-24
2026-10-09 22:40:32,674 INFO o.a.j.t.JMeterThread: Thread is done: Search 2-24
2026-10-09 22:40:32,674 INFO o.a.j.t.JMeterThread: Thread finished: Search 2-24
2026-10-09 22:40:34,360 INFO o.a.j.t.JMeterThread: Thread started: Tickets 1-9
2026-10-09 22:40:35,964 INFO o.a.j.t.JMeterThread: Thread started: Tickets 1-10
2026-10-09 22:40:36,462 INFO o.a.j.t.JMeterThread: Thread started: Search 2-25
2026-10-09 22:40:36,483 INFO o.a.j.t.JMeterThread: Thread is done: Search 2-25
2026-10-09 22:40:36,483 INFO o.a.j.t.JMeterThread: Thread finished: Search 2-25
2026-10-09 22:40:43,284 INFO o.a.j.t.JMeterThread: Thread is done: Tickets 1-9
2026-10-09 22:40:43,284 INFO o.a.j.t.JMeterThread: Thread finished: Tickets 1-9
2026-10-09 22:40:44,946 INFO o.a.j.t.JMeterThread: Thread started: Search 2-26
2026-10-09 22:40:44,971 INFO o.a.j.t.JMeterThread: Thread is done: Search 2-26
2026-10-09 22:40:44,971 INFO o.a.j.t.JMeterThread: Thread finished: Search 2-26
2026-10-09 22:40:47,806 INFO o.a.j.t.JMeterThread: Thread started: Search 2-27
2026-10-09 22:40:47,816 INFO o.a.j.t.JMeterThread: Thread is done: Search 2-27
2026-10-09 22:40:47,816 INFO o.a.j.t.JMeterThread: Thread finished: Search 2-27
2026-10-09 22:40:55,675 INFO o.a.j.t.JMeterThread: Thread is done: Tickets 1-10
2026-10-09 22:40:55,675 INFO o.a.j.t.JMeterThread: Thread finished: Tickets 1-10
2026-10-09 22:40:58,441 INFO o.a.j.t.JMeterThread: Thread started: Search 2-28
2026-10-09 22:40:58,448 INFO o.a.j.t.JMeterThread: Thread is done: Search 2-28
2026-10-09 22:40:58,448 INFO o.a.j.t.JMeterThread: Thread finished: Search 2-28
2026-10-09 22:41:18,386 INFO o.a.j.t.JMeterThread: Thread started: Tickets 1-11
2026-10-09 22:41:29,944 INFO o.a.j.t.JMeterThread: Thread started: Search 2-29
2026-10-09 22:41:29,962 INFO o.a.j.t.JMeterThread: Thread is done: Search 2-29
2026-10-09 22:41:29,962 INFO o.a.j.t.JMeterThread: Thread finished: Search 2-29
2026-10-09 22:41:32,503 INFO o.a.j.r.Summariser: summary +      9 in 00:01:02 =    0.1/s Avg:  4757 Min:     6 Max: 19705 Err:     0 (0.00%) Active: 1 Started: 40 Finished: 39
2026-10-09 22:41:32,504 INFO o.a.j.r.Summariser: summary =     40 in 00:05:28 =    0.1/s Avg:  3861 Min:     5 Max: 22270 Err:     0 (0.00%)
2026-10-09 22:41:32,504 INFO o.a.j.t.JMeterThread: Thread is done: Tickets 1-11
2026-10-09 22:41:32,504 INFO o.a.j.t.JMeterThread: Thread finished: Tickets 1-11
2026-10-09 22:41:37,782 INFO o.a.j.t.JMeterThread: Thread started: Search 2-30
2026-10-09 22:41:37,790 INFO o.a.j.t.JMeterThread: Thread is done: Search 2-30
2026-10-09 22:41:37,790 INFO o.a.j.t.JMeterThread: Thread finished: Search 2-30
2026-10-09 22:41:39,542 INFO o.a.j.t.JMeterThread: Thread started: Tickets 1-12
2026-10-09 22:41:49,784 INFO o.a.j.t.JMeterThread: Thread started: Search 2-31
2026-10-09 22:41:49,793 INFO o.a.j.t.JMeterThread: Thread is done: Search 2-31
2026-10-09 22:41:49,794 INFO o.a.j.t.JMeterThread: Thread finished: Search 2-31
2026-10-09 22:41:51,917 INFO o.a.j.t.JMeterThread: Thread is done: Tickets 1-12
2026-10-09 22:41:51,917 INFO o.a.j.t.JMeterThread: Thread finished: Tickets 1-12
2026-10-09 22:41:52,444 INFO o.a.j.t.JMeterThread: Thread started: Search 2-32
2026-10-09 22:41:52,450 INFO o.a.j.t.JMeterThread: Thread is done: Search 2-32
2026-10-09 22:41:52,450 INFO o.a.j.t.JMeterThread: Thread finished: Search 2-32
2026-10-09 22:41:54,877 INFO o.a.j.t.JMeterThread: Thread started: Search 2-33
2026-10-09 22:41:54,884 INFO o.a.j.t.JMeterThread: Thread is done: Search 2-33
2026-10-09 22:41:54,884 INFO o.a.j.t.JMeterThread: Thread finished: Search 2-33
2026-10-09 22:42:00,631 INFO o.a.j.t.JMeterThread: Thread started: Tickets 1-13
2026-10-09 22:42:00,961 INFO o.a.j.t.JMeterThread: Thread started: Search 2-34
2026-10-09 22:42:00,981 INFO o.a.j.r.Summariser: summary +      6 in 00:00:28 =    0.2/s Avg:  2069 Min:     5 Max: 12369 Err:     0 (0.00%) Active: 2 Started: 47 Finished: 45
2026-10-09 22:42:00,981 INFO o.a.j.r.Summariser: summary =     46 in 00:05:56 =    0.1/s Avg:  3627 Min:     5 Max: 22270 Err:     0 (0.00%)
2026-10-09 22:42:00,983 INFO o.a.j.t.JMeterThread: Thread is done: Search 2-34
2026-10-09 22:42:00,983 INFO o.a.j.t.JMeterThread: Thread finished: Search 2-34
2026-10-09 22:42:02,518 INFO o.a.j.t.JMeterThread: Thread started: Tickets 1-14
2026-10-09 22:42:12,765 INFO o.a.j.t.JMeterThread: Thread started: Search 2-35
2026-10-09 22:42:12,773 INFO o.a.j.t.JMeterThread: Thread is done: Search 2-35
2026-10-09 22:42:12,773 INFO o.a.j.t.JMeterThread: Thread finished: Search 2-35
2026-10-09 22:42:14,769 INFO o.a.j.t.JMeterThread: Thread is done: Tickets 1-13
2026-10-09 22:42:14,769 INFO o.a.j.t.JMeterThread: Thread finished: Tickets 1-13
2026-10-09 22:42:15,874 INFO o.a.j.t.JMeterThread: Thread started: Tickets 1-15
2026-10-09 22:42:30,955 INFO o.a.j.r.Summariser: summary +      3 in 00:00:30 =    0.1/s Avg: 14184 Min:     8 Max: 28423 Err:     0 (0.00%) Active: 2 Started: 50 Finished: 48
2026-10-09 22:42:30,956 INFO o.a.j.r.Summariser: summary =     49 in 00:06:26 =    0.1/s Avg:  4273 Min:     5 Max: 28423 Err:     0 (0.00%)
2026-10-09 22:42:30,956 INFO o.a.j.t.JMeterThread: Thread is done: Tickets 1-14
2026-10-09 22:42:30,956 INFO o.a.j.t.JMeterThread: Thread finished: Tickets 1-14
2026-10-09 22:42:31,070 INFO o.a.j.t.JMeterThread: Thread started: Tickets 1-16
2026-10-09 22:42:34,511 INFO o.a.j.t.JMeterThread: Thread started: Search 2-36
2026-10-09 22:42:34,545 INFO o.a.j.t.JMeterThread: Thread is done: Search 2-36
2026-10-09 22:42:34,545 INFO o.a.j.t.JMeterThread: Thread finished: Search 2-36
2026-10-09 22:42:39,787 INFO o.a.j.t.JMeterThread: Thread started: Tickets 1-17
2026-10-09 22:42:46,093 INFO o.a.j.t.JMeterThread: Thread is done: Tickets 1-15
2026-10-09 22:42:46,093 INFO o.a.j.t.JMeterThread: Thread finished: Tickets 1-15
2026-10-09 22:42:47,474 INFO o.a.j.t.JMeterThread: Thread started: Search 2-37
2026-10-09 22:42:47,503 INFO o.a.j.t.JMeterThread: Thread is done: Search 2-37
2026-10-09 22:42:47,503 INFO o.a.j.t.JMeterThread: Thread finished: Search 2-37
2026-10-09 22:42:59,002 INFO o.a.j.t.JMeterThread: Thread started: Tickets 1-18
2026-10-09 22:43:00,767 INFO o.a.j.t.JMeterThread: Thread started: Tickets 1-19
2026-10-09 22:43:01,297 INFO o.a.j.r.Summariser: summary +      4 in 00:00:30 =    0.1/s Avg: 15115 Min:    28 Max: 30210 Err:     0 (0.00%) Active: 4 Started: 56 Finished: 52
2026-10-09 22:43:01,298 INFO o.a.j.r.Summariser: summary =     53 in 00:06:57 =    0.1/s Avg:  5091 Min:     5 Max: 30210 Err:     0 (0.00%)
2026-10-09 22:43:01,298 INFO o.a.j.t.JMeterThread: Thread is done: Tickets 1-16
2026-10-09 22:43:01,298 INFO o.a.j.t.JMeterThread: Thread finished: Tickets 1-16
2026-10-09 22:43:06,817 INFO o.a.j.t.JMeterThread: Thread started: Search 2-38
2026-10-09 22:43:06,836 INFO o.a.j.t.JMeterThread: Thread is done: Search 2-38
2026-10-09 22:43:06,836 INFO o.a.j.t.JMeterThread: Thread finished: Search 2-38
2026-10-09 22:43:08,073 INFO o.a.j.t.JMeterThread: Thread started: Search 2-39
2026-10-09 22:43:08,079 INFO o.a.j.t.JMeterThread: Thread is done: Search 2-39
2026-10-09 22:43:08,079 INFO o.a.j.t.JMeterThread: Thread finished: Search 2-39
2026-10-09 22:43:19,531 INFO o.a.j.t.JMeterThread: Thread started: Tickets 1-20
2026-10-09 22:43:20,024 INFO o.a.j.t.JMeterThread: Thread is done: Tickets 1-17
2026-10-09 22:43:20,024 INFO o.a.j.t.JMeterThread: Thread finished: Tickets 1-17
2026-10-09 22:43:33,966 INFO o.a.j.r.Summariser: summary +      4 in 00:00:33 =    0.1/s Avg: 18801 Min:     5 Max: 40230 Err:     0 (0.00%) Active: 3 Started: 59 Finished: 56
2026-10-09 22:43:33,966 INFO o.a.j.r.Summariser: summary =     57 in 00:07:29 =    0.1/s Avg:  6053 Min:     5 Max: 40230 Err:     0 (0.00%)
2026-10-09 22:43:33,967 INFO o.a.j.t.JMeterThread: Thread is done: Tickets 1-18
2026-10-09 22:43:33,967 INFO o.a.j.t.JMeterThread: Thread finished: Tickets 1-18
2026-10-09 22:43:39,619 INFO o.a.j.t.JMeterThread: Thread started: Tickets 1-21
2026-10-09 22:43:49,284 INFO o.a.j.t.JMeterThread: Thread started: Search 2-40
2026-10-09 22:43:49,321 INFO o.a.j.t.JMeterThread: Thread is done: Search 2-40
2026-10-09 22:43:49,321 INFO o.a.j.t.JMeterThread: Thread finished: Search 2-40
2026-10-09 22:43:50,810 INFO o.a.j.t.JMeterThread: Thread is done: Tickets 1-19
2026-10-09 22:43:50,810 INFO o.a.j.t.JMeterThread: Thread finished: Tickets 1-19
2026-10-09 22:43:59,571 INFO o.a.j.t.JMeterThread: Thread started: Tickets 1-22
2026-10-09 22:44:00,824 INFO o.a.j.t.JMeterThread: Thread started: Tickets 1-23
2026-10-09 22:44:01,048 INFO o.a.j.t.JMeterThread: Thread started: Search 2-41
2026-10-09 22:44:01,066 INFO o.a.j.r.Summariser: summary +      3 in 00:00:27 =    0.1/s Avg: 16696 Min:    17 Max: 50037 Err:     0 (0.00%) Active: 5 Started: 64 Finished: 59
2026-10-09 22:44:01,066 INFO o.a.j.r.Summariser: summary =     60 in 00:07:57 =    0.1/s Avg:  6586 Min:     5 Max: 50037 Err:     0 (0.00%)
2026-10-09 22:44:01,066 INFO o.a.j.t.JMeterThread: Thread is done: Search 2-41
2026-10-09 22:44:01,066 INFO o.a.j.t.JMeterThread: Thread finished: Search 2-41
2026-10-09 22:44:02,109 INFO o.a.j.t.JMeterThread: Thread started: Tickets 1-24
2026-10-09 22:44:03,866 INFO o.a.j.t.JMeterThread: Thread is done: Tickets 1-20
2026-10-09 22:44:03,866 INFO o.a.j.t.JMeterThread: Thread finished: Tickets 1-20
2026-10-09 22:44:04,054 INFO o.a.j.t.JMeterThread: Thread started: Tickets 1-25
2026-10-09 22:44:17,843 INFO o.a.j.t.JMeterThread: Thread is done: Tickets 1-21
2026-10-09 22:44:17,844 INFO o.a.j.t.JMeterThread: Thread finished: Tickets 1-21
2026-10-09 22:44:25,844 INFO o.a.j.t.JMeterThread: Thread started: Search 2-42
2026-10-09 22:44:25,863 INFO o.a.j.t.JMeterThread: Thread is done: Search 2-42
2026-10-09 22:44:25,863 INFO o.a.j.t.JMeterThread: Thread finished: Search 2-42
2026-10-09 22:44:32,647 INFO o.a.j.r.Summariser: summary +      4 in 00:00:32 =    0.1/s Avg: 28902 Min:    14 Max: 44325 Err:     0 (0.00%) Active: 4 Started: 67 Finished: 63
2026-10-09 22:44:32,647 INFO o.a.j.r.Summariser: summary =     64 in 00:08:28 =    0.1/s Avg:  7980 Min:     5 Max: 50037 Err:     0 (0.00%)
2026-10-09 22:44:32,648 INFO o.a.j.t.JMeterThread: Thread is done: Tickets 1-22
2026-10-09 22:44:32,648 INFO o.a.j.t.JMeterThread: Thread finished: Tickets 1-22
2026-10-09 22:44:35,090 INFO o.a.j.t.JMeterThread: Thread started: Search 2-43
2026-10-09 22:44:35,098 INFO o.a.j.t.JMeterThread: Thread is done: Search 2-43
2026-10-09 22:44:35,098 INFO o.a.j.t.JMeterThread: Thread finished: Search 2-43
2026-10-09 22:44:37,895 INFO o.a.j.t.JMeterThread: Thread started: Search 2-44
2026-10-09 22:44:37,905 INFO o.a.j.t.JMeterThread: Thread is done: Search 2-44
2026-10-09 22:44:37,905 INFO o.a.j.t.JMeterThread: Thread finished: Search 2-44
2026-10-09 22:44:38,700 INFO o.a.j.t.JMeterThread: Thread started: Search 2-45
2026-10-09 22:44:38,717 INFO o.a.j.t.JMeterThread: Thread is done: Search 2-45
2026-10-09 22:44:38,717 INFO o.a.j.t.JMeterThread: Thread finished: Search 2-45
2026-10-09 22:44:42,158 INFO o.a.j.t.JMeterThread: Thread started: Search 2-46
2026-10-09 22:44:42,168 INFO o.a.j.t.JMeterThread: Thread is done: Search 2-46
2026-10-09 22:44:42,168 INFO o.a.j.t.JMeterThread: Thread finished: Search 2-46
2026-10-09 22:44:46,448 INFO o.a.j.t.JMeterThread: Thread is done: Tickets 1-23
2026-10-09 22:44:46,448 INFO o.a.j.t.JMeterThread: Thread finished: Tickets 1-23
2026-10-09 22:44:54,171 INFO o.a.j.t.JMeterThread: Thread is done: Tickets 1-24
2026-10-09 22:44:54,171 INFO o.a.j.t.JMeterThread: Thread finished: Tickets 1-24
2026-10-09 22:44:54,204 INFO o.a.j.t.JMeterThread: Thread started: Search 2-47
2026-10-09 22:44:54,222 INFO o.a.j.t.JMeterThread: Thread is done: Search 2-47
2026-10-09 22:44:54,222 INFO o.a.j.t.JMeterThread: Thread finished: Search 2-47
2026-10-09 22:44:56,671 INFO o.a.j.t.JMeterThread: Thread started: Search 2-48
2026-10-09 22:44:56,690 INFO o.a.j.t.JMeterThread: Thread is done: Search 2-48
2026-10-09 22:44:56,690 INFO o.a.j.t.JMeterThread: Thread finished: Search 2-48
2026-10-09 22:45:02,118 INFO o.a.j.t.JMeterThread: Thread started: Search 2-49
2026-10-09 22:45:02,163 INFO o.a.j.r.Summariser: summary +      9 in 00:00:30 =    0.3/s Avg: 10865 Min:     7 Max: 52057 Err:     0 (0.00%) Active: 2 Started: 74 Finished: 72
2026-10-09 22:45:02,164 INFO o.a.j.r.Summariser: summary =     73 in 00:08:58 =    0.1/s Avg:  8336 Min:     5 Max: 52057 Err:     0 (0.00%)
2026-10-09 22:45:02,164 INFO o.a.j.t.JMeterThread: Thread is done: Search 2-49
2026-10-09 22:45:02,164 INFO o.a.j.t.JMeterThread: Thread finished: Search 2-49
2026-10-09 22:45:06,893 INFO o.a.j.t.JMeterThread: Thread is done: Tickets 1-25
2026-10-09 22:45:06,893 INFO o.a.j.t.JMeterThread: Thread finished: Tickets 1-25
2026-10-09 22:45:11,115 INFO o.a.j.t.JMeterThread: Thread started: Tickets 1-26
2026-10-09 22:45:11,115 INFO o.a.j.t.o.EvenArrivalsRamp: Generating 0 events, beginRate = 0.0 / sec, endRate = 0.0 / sec, duration = 140.0 sec
2026-10-09 22:45:11,115 INFO o.a.j.t.o.OpenModelThreadGroup: There will be no more events, so will wait for 193 sec till the end of the schedule
2026-10-09 22:45:27,866 INFO o.a.j.t.JMeterThread: Thread is done: Tickets 1-26
2026-10-09 22:45:27,866 INFO o.a.j.t.JMeterThread: Thread finished: Tickets 1-26
2026-10-09 22:45:28,756 INFO o.a.j.t.JMeterThread: Thread started: Search 2-50
2026-10-09 22:45:28,763 INFO o.a.j.t.JMeterThread: Thread is done: Search 2-50
2026-10-09 22:45:28,763 INFO o.a.j.t.JMeterThread: Thread finished: Search 2-50
2026-10-09 22:45:38,836 INFO o.a.j.t.JMeterThread: Thread started: Search 2-51
2026-10-09 22:45:38,842 INFO o.a.j.t.JMeterThread: Thread is done: Search 2-51
2026-10-09 22:45:38,842 INFO o.a.j.t.JMeterThread: Thread finished: Search 2-51
2026-10-09 22:45:47,768 INFO o.a.j.t.JMeterThread: Thread started: Search 2-52
2026-10-09 22:45:47,775 INFO o.a.j.t.JMeterThread: Thread is done: Search 2-52
2026-10-09 22:45:47,775 INFO o.a.j.t.JMeterThread: Thread finished: Search 2-52
2026-10-09 22:45:54,437 INFO o.a.j.t.o.EvenArrivalsRamp: Generating 0 events, beginRate = 0.0 / sec, endRate = 0.0 / sec, duration = 140.0 sec
2026-10-09 22:45:54,437 INFO o.a.j.t.JMeterThread: Thread started: Search 2-53
2026-10-09 22:45:54,437 INFO o.a.j.t.o.OpenModelThreadGroup: There will be no more events, so will wait for 149 sec till the end of the schedule
2026-10-09 22:45:54,444 INFO o.a.j.t.JMeterThread: Thread is done: Search 2-53
2026-10-09 22:45:54,444 INFO o.a.j.t.JMeterThread: Thread finished: Search 2-53
2026-10-09 22:48:24,204 INFO o.a.j.t.o.OpenModelThreadGroup: There will be no more events, will shutdown the thread pool
2026-10-09 22:48:24,204 INFO o.a.j.t.o.OpenModelThreadGroup: Thread starting done
2026-10-09 22:48:24,205 INFO o.a.j.t.o.OpenModelThreadGroup: There will be no more events, will shutdown the thread pool
2026-10-09 22:48:24,205 INFO o.a.j.t.o.OpenModelThreadGroup: Thread starting done
2026-10-09 22:48:24,205 INFO o.a.j.e.StandardJMeterEngine: Notifying test listeners of end of test
2026-10-09 22:48:24,205 INFO o.a.j.s.FileServer: Close: ../../data/team11/jmeter_tickets.csv
2026-10-09 22:48:24,207 INFO o.a.j.r.Summariser: summary +      6 in 00:03:22 =    0.0/s Avg: 13267 Min:     5 Max: 62834 Err:     0 (0.00%) Active: 0 Started: 79 Finished: 79
2026-10-09 22:48:24,207 INFO o.a.j.r.Summariser: summary =     79 in 00:12:20 =    0.1/s Avg:  8710 Min:     5 Max: 62834 Err:     0 (0.00%)
