2026-10-09 23:02:49,525 INFO o.a.j.u.JMeterUtils: Setting Locale to en_EN
2026-10-09 23:02:49,533 INFO o.a.j.JMeter: Loading user properties from: D:\Program Files\apache-jmeter-5.6.3\bin\user.properties
2026-10-09 23:02:49,533 INFO o.a.j.JMeter: Loading system properties from: D:\Program Files\apache-jmeter-5.6.3\bin\system.properties
2026-10-09 23:02:49,533 INFO o.a.j.JMeter: Setting JMeter property: sample_variables=row,request_id
2026-10-09 23:02:49,533 INFO o.a.j.JMeter: Setting JMeter property: host=localhost
2026-10-09 23:02:49,533 INFO o.a.j.JMeter: Setting JMeter property: port=8000
2026-10-09 23:02:49,533 INFO o.a.j.JMeter: Setting JMeter property: post_rate=160
2026-10-09 23:02:49,533 INFO o.a.j.JMeter: Setting JMeter property: search_rate=320
2026-10-09 23:02:49,538 INFO o.a.j.JMeter: Copyright (c) 1998-2024 The Apache Software Foundation
2026-10-09 23:02:49,538 INFO o.a.j.JMeter: Version 5.6.3
2026-10-09 23:02:49,538 INFO o.a.j.JMeter: java.version=1.8.0_412-412
2026-10-09 23:02:49,538 INFO o.a.j.JMeter: java.vm.name=OpenJDK 64-Bit Server VM
2026-10-09 23:02:49,538 INFO o.a.j.JMeter: os.name=Windows 10
2026-10-09 23:02:49,538 INFO o.a.j.JMeter: os.arch=amd64
2026-10-09 23:02:49,538 INFO o.a.j.JMeter: os.version=10.0
2026-10-09 23:02:49,538 INFO o.a.j.JMeter: file.encoding=Cp1252
2026-10-09 23:02:49,538 INFO o.a.j.JMeter: java.awt.headless=true
2026-10-09 23:02:49,538 INFO o.a.j.JMeter: Max memory     =1073741824
2026-10-09 23:02:49,538 INFO o.a.j.JMeter: Available Processors =8
2026-10-09 23:02:49,541 INFO o.a.j.JMeter: Default Locale=English (EN)
2026-10-09 23:02:49,541 INFO o.a.j.JMeter: JMeter  Locale=English (EN)
2026-10-09 23:02:49,541 INFO o.a.j.JMeter: JMeterHome=D:\Program Files\apache-jmeter-5.6.3
2026-10-09 23:02:49,541 INFO o.a.j.JMeter: user.dir  =D:\Document\SE2026-T3\ICT3113\Proj\ICT3113-PTO-Project
2026-10-09 23:02:49,542 INFO o.a.j.JMeter: PWD       =D:\Document\SE2026-T3\ICT3113\Proj\ICT3113-PTO-Project
2026-10-09 23:02:49,542 INFO o.a.j.JMeter: IP: 172.25.96.1 Name: DESKTOP-NH5M8CL FullName: DESKTOP-NH5M8CL.mshome.net
2026-10-09 23:02:49,555 INFO o.a.j.s.FileServer: Default base='D:\Document\SE2026-T3\ICT3113\Proj\ICT3113-PTO-Project'
2026-10-09 23:02:49,556 INFO o.a.j.s.FileServer: Set new base='D:\Document\SE2026-T3\ICT3113\Proj\ICT3113-PTO-Project\jmeter\test_plans'
2026-10-09 23:02:49,643 INFO o.a.j.s.SaveService: Testplan (JMX) version: 2.2. Testlog (JTL) version: 2.2
2026-10-09 23:02:49,655 INFO o.a.j.s.SaveService: Using SaveService properties file encoding UTF-8
2026-10-09 23:02:49,658 INFO o.a.j.s.SaveService: Using SaveService properties version 5.0
2026-10-09 23:02:49,662 INFO o.a.j.s.SaveService: Loading file: jmeter\test_plans\ticket-load-test3B.jmx
2026-10-09 23:02:49,712 INFO o.a.j.p.h.s.HTTPSamplerBase: Parser for text/html is org.apache.jmeter.protocol.http.parser.LagartoBasedHtmlParser
2026-10-09 23:02:49,712 INFO o.a.j.p.h.s.HTTPSamplerBase: Parser for application/xhtml+xml is org.apache.jmeter.protocol.http.parser.LagartoBasedHtmlParser
2026-10-09 23:02:49,712 INFO o.a.j.p.h.s.HTTPSamplerBase: Parser for application/xml is org.apache.jmeter.protocol.http.parser.LagartoBasedHtmlParser
2026-10-09 23:02:49,712 INFO o.a.j.p.h.s.HTTPSamplerBase: Parser for text/xml is org.apache.jmeter.protocol.http.parser.LagartoBasedHtmlParser
2026-10-09 23:02:49,712 INFO o.a.j.p.h.s.HTTPSamplerBase: Parser for text/vnd.wap.wml is org.apache.jmeter.protocol.http.parser.RegexpHTMLParser
2026-10-09 23:02:49,712 INFO o.a.j.p.h.s.HTTPSamplerBase: Parser for text/css is org.apache.jmeter.protocol.http.parser.CssParser
2026-10-09 23:02:49,934 INFO o.a.j.JMeter: Creating summariser <summary>
2026-10-09 23:02:49,942 INFO o.a.j.e.StandardJMeterEngine: Running the test!
2026-10-09 23:02:49,942 INFO o.a.j.s.SampleEvent: List of sample_variables: [row, request_id]
2026-10-09 23:02:49,942 INFO o.a.j.s.SampleEvent: List of sample_variables: [row, request_id]
2026-10-09 23:02:49,947 INFO o.a.j.e.u.CompoundVariable: Note: Function class names must contain the string: '.functions.'
2026-10-09 23:02:49,947 INFO o.a.j.e.u.CompoundVariable: Note: Function class names must not contain the string: '.gui.'
2026-10-09 23:02:50,187 INFO o.a.j.JMeter: Running test (1791558170187)
2026-10-09 23:02:50,229 INFO o.a.j.e.StandardJMeterEngine: Starting ThreadGroup: 1 : Tickets
2026-10-09 23:02:50,229 INFO o.a.j.e.StandardJMeterEngine: Starting 0 threads for group Tickets.
2026-10-09 23:02:50,229 INFO o.a.j.e.StandardJMeterEngine: Thread will continue on error
2026-10-09 23:02:50,229 INFO o.a.j.t.o.OpenModelThreadGroup: Starting OpenModelThreadGroup#1 with schedule rate(160/hour) random_arrivals(600 sec) rate(160/hour) pause(140 sec)
2026-10-09 23:02:50,271 INFO o.a.j.e.StandardJMeterEngine: Starting ThreadGroup: 2 : Search
2026-10-09 23:02:50,271 INFO o.a.j.e.StandardJMeterEngine: Starting 0 threads for group Search.
2026-10-09 23:02:50,271 INFO o.a.j.e.StandardJMeterEngine: Thread will continue on error
2026-10-09 23:02:50,271 INFO o.a.j.t.o.OpenModelThreadGroup: Starting OpenModelThreadGroup#2 with schedule rate(320/hour) random_arrivals(600 sec) rate(320/hour) pause(140 sec)
2026-10-09 23:02:50,271 INFO o.a.j.t.o.OpenModelThreadGroup: Thread starting init
2026-10-09 23:02:50,271 INFO o.a.j.e.StandardJMeterEngine: All thread groups have been started
2026-10-09 23:02:50,272 INFO o.a.j.t.o.OpenModelThreadGroup: Thread starting init
2026-10-09 23:02:50,274 INFO o.a.j.t.o.PoissonArrivalsRamp: Generating 53 events, beginRate = 0.08888888888888889 / sec, endRate = 0.08888888888888889 / sec, duration = 600.0 sec
2026-10-09 23:02:50,274 INFO o.a.j.t.o.PoissonArrivalsRamp: Generating 26 events, beginRate = 0.044444444444444446 / sec, endRate = 0.044444444444444446 / sec, duration = 600.0 sec
2026-10-09 23:02:51,841 INFO o.a.j.t.JMeterThread: Thread started: Search 2-1
2026-10-09 23:02:51,854 INFO o.a.j.p.h.s.HTTPHCAbstractImpl: Local host = DESKTOP-NH5M8CL
2026-10-09 23:02:51,860 INFO o.a.j.p.h.s.HTTPHC4Impl: HTTP request retry count = 0
2026-10-09 23:02:51,861 INFO o.a.j.s.SampleResult: Note: Sample TimeStamps are START times
2026-10-09 23:02:51,861 INFO o.a.j.s.SampleResult: sampleresult.default.encoding is set to UTF-8
2026-10-09 23:02:51,861 INFO o.a.j.s.SampleResult: sampleresult.useNanoTime=true
2026-10-09 23:02:51,861 INFO o.a.j.s.SampleResult: sampleresult.nanoThreadSleep=5000
2026-10-09 23:02:52,263 INFO o.a.j.t.JMeterThread: Thread is done: Search 2-1
2026-10-09 23:02:52,263 INFO o.a.j.t.JMeterThread: Thread finished: Search 2-1
2026-10-09 23:03:08,067 INFO o.a.j.t.JMeterThread: Thread started: Tickets 1-1
2026-10-09 23:03:08,067 INFO o.a.j.s.FileServer: Stored: ../../data/team11/jmeter_tickets.csv
2026-10-09 23:03:09,305 INFO o.a.j.t.JMeterThread: Thread started: Tickets 1-2
2026-10-09 23:03:10,024 INFO o.a.j.t.JMeterThread: Thread is done: Tickets 1-1
2026-10-09 23:03:10,024 INFO o.a.j.t.JMeterThread: Thread finished: Tickets 1-1
2026-10-09 23:03:13,206 INFO o.a.j.t.JMeterThread: Thread started: Tickets 1-3
2026-10-09 23:03:14,334 INFO o.a.j.t.JMeterThread: Thread is done: Tickets 1-2
2026-10-09 23:03:14,335 INFO o.a.j.t.JMeterThread: Thread finished: Tickets 1-2
2026-10-09 23:03:14,571 INFO o.a.j.t.JMeterThread: Thread started: Search 2-2
2026-10-09 23:03:14,582 INFO o.a.j.t.JMeterThread: Thread is done: Search 2-2
2026-10-09 23:03:14,582 INFO o.a.j.t.JMeterThread: Thread finished: Search 2-2
2026-10-09 23:03:15,258 INFO o.a.j.t.JMeterThread: Thread is done: Tickets 1-3
2026-10-09 23:03:15,258 INFO o.a.j.t.JMeterThread: Thread finished: Tickets 1-3
2026-10-09 23:03:33,011 INFO o.a.j.t.JMeterThread: Thread started: Search 2-3
2026-10-09 23:03:33,019 INFO o.a.j.r.Summariser: summary +      6 in 00:00:43 =    0.1/s Avg:  1509 Min:     6 Max:  5021 Err:     0 (0.00%) Active: 1 Started: 6 Finished: 5
2026-10-09 23:03:33,020 INFO o.a.j.t.JMeterThread: Thread is done: Search 2-3
2026-10-09 23:03:33,020 INFO o.a.j.t.JMeterThread: Thread finished: Search 2-3
2026-10-09 23:03:34,123 INFO o.a.j.t.JMeterThread: Thread started: Tickets 1-4
2026-10-09 23:03:35,288 INFO o.a.j.t.JMeterThread: Thread is done: Tickets 1-4
2026-10-09 23:03:35,288 INFO o.a.j.t.JMeterThread: Thread finished: Tickets 1-4
2026-10-09 23:03:38,336 INFO o.a.j.t.JMeterThread: Thread started: Search 2-4
2026-10-09 23:03:38,345 INFO o.a.j.t.JMeterThread: Thread is done: Search 2-4
2026-10-09 23:03:38,345 INFO o.a.j.t.JMeterThread: Thread finished: Search 2-4
2026-10-09 23:03:40,722 INFO o.a.j.t.JMeterThread: Thread started: Search 2-5
2026-10-09 23:03:40,731 INFO o.a.j.t.JMeterThread: Thread is done: Search 2-5
2026-10-09 23:03:40,732 INFO o.a.j.t.JMeterThread: Thread finished: Search 2-5
2026-10-09 23:03:53,386 INFO o.a.j.t.JMeterThread: Thread started: Search 2-6
2026-10-09 23:03:53,394 INFO o.a.j.t.JMeterThread: Thread is done: Search 2-6
2026-10-09 23:03:53,394 INFO o.a.j.t.JMeterThread: Thread finished: Search 2-6
2026-10-09 23:04:12,199 INFO o.a.j.t.JMeterThread: Thread started: Search 2-7
2026-10-09 23:04:12,207 INFO o.a.j.t.JMeterThread: Thread is done: Search 2-7
2026-10-09 23:04:12,207 INFO o.a.j.t.JMeterThread: Thread finished: Search 2-7
2026-10-09 23:04:18,808 INFO o.a.j.t.JMeterThread: Thread started: Tickets 1-5
2026-10-09 23:04:20,816 INFO o.a.j.t.JMeterThread: Thread is done: Tickets 1-5
2026-10-09 23:04:20,816 INFO o.a.j.t.JMeterThread: Thread finished: Tickets 1-5
2026-10-09 23:04:33,667 INFO o.a.j.t.JMeterThread: Thread started: Search 2-8
2026-10-09 23:04:33,676 INFO o.a.j.r.Summariser: summary +      7 in 00:01:01 =    0.1/s Avg:   456 Min:     6 Max:  2003 Err:     0 (0.00%) Active: 1 Started: 13 Finished: 12
2026-10-09 23:04:33,676 INFO o.a.j.r.Summariser: summary =     13 in 00:01:43 =    0.1/s Avg:   942 Min:     6 Max:  5021 Err:     0 (0.00%)
2026-10-09 23:04:33,677 INFO o.a.j.t.JMeterThread: Thread is done: Search 2-8
2026-10-09 23:04:33,677 INFO o.a.j.t.JMeterThread: Thread finished: Search 2-8
2026-10-09 23:04:40,802 INFO o.a.j.t.JMeterThread: Thread started: Search 2-9
2026-10-09 23:04:40,810 INFO o.a.j.t.JMeterThread: Thread is done: Search 2-9
2026-10-09 23:04:40,810 INFO o.a.j.t.JMeterThread: Thread finished: Search 2-9
2026-10-09 23:04:43,359 INFO o.a.j.t.JMeterThread: Thread started: Search 2-10
2026-10-09 23:04:43,366 INFO o.a.j.t.JMeterThread: Thread is done: Search 2-10
2026-10-09 23:04:43,366 INFO o.a.j.t.JMeterThread: Thread finished: Search 2-10
2026-10-09 23:04:51,563 INFO o.a.j.t.JMeterThread: Thread started: Search 2-11
2026-10-09 23:04:51,570 INFO o.a.j.t.JMeterThread: Thread is done: Search 2-11
2026-10-09 23:04:51,570 INFO o.a.j.t.JMeterThread: Thread finished: Search 2-11
2026-10-09 23:04:52,209 INFO o.a.j.t.JMeterThread: Thread started: Search 2-12
2026-10-09 23:04:52,216 INFO o.a.j.t.JMeterThread: Thread is done: Search 2-12
2026-10-09 23:04:52,216 INFO o.a.j.t.JMeterThread: Thread finished: Search 2-12
2026-10-09 23:04:53,668 INFO o.a.j.t.JMeterThread: Thread started: Search 2-13
2026-10-09 23:04:53,675 INFO o.a.j.t.JMeterThread: Thread is done: Search 2-13
2026-10-09 23:04:53,675 INFO o.a.j.t.JMeterThread: Thread finished: Search 2-13
2026-10-09 23:04:56,013 INFO o.a.j.t.JMeterThread: Thread started: Search 2-14
2026-10-09 23:04:56,022 INFO o.a.j.t.JMeterThread: Thread is done: Search 2-14
2026-10-09 23:04:56,022 INFO o.a.j.t.JMeterThread: Thread finished: Search 2-14
2026-10-09 23:05:04,117 INFO o.a.j.t.JMeterThread: Thread started: Tickets 1-6
2026-10-09 23:05:05,767 INFO o.a.j.r.Summariser: summary +      7 in 00:00:32 =    0.2/s Avg:   240 Min:     6 Max:  1644 Err:     0 (0.00%) Active: 1 Started: 20 Finished: 19
2026-10-09 23:05:05,767 INFO o.a.j.r.Summariser: summary =     20 in 00:02:16 =    0.1/s Avg:   696 Min:     6 Max:  5021 Err:     0 (0.00%)
2026-10-09 23:05:05,768 INFO o.a.j.t.JMeterThread: Thread is done: Tickets 1-6
2026-10-09 23:05:05,768 INFO o.a.j.t.JMeterThread: Thread finished: Tickets 1-6
2026-10-09 23:05:15,494 INFO o.a.j.t.JMeterThread: Thread started: Search 2-15
2026-10-09 23:05:15,501 INFO o.a.j.t.JMeterThread: Thread is done: Search 2-15
2026-10-09 23:05:15,501 INFO o.a.j.t.JMeterThread: Thread finished: Search 2-15
2026-10-09 23:05:15,648 INFO o.a.j.t.JMeterThread: Thread started: Search 2-16
2026-10-09 23:05:15,655 INFO o.a.j.t.JMeterThread: Thread is done: Search 2-16
2026-10-09 23:05:15,655 INFO o.a.j.t.JMeterThread: Thread finished: Search 2-16
2026-10-09 23:05:19,694 INFO o.a.j.t.JMeterThread: Thread started: Search 2-17
2026-10-09 23:05:19,707 INFO o.a.j.t.JMeterThread: Thread is done: Search 2-17
2026-10-09 23:05:19,707 INFO o.a.j.t.JMeterThread: Thread finished: Search 2-17
2026-10-09 23:05:30,489 INFO o.a.j.t.JMeterThread: Thread started: Tickets 1-7
2026-10-09 23:05:33,949 INFO o.a.j.r.Summariser: summary +      4 in 00:00:28 =    0.1/s Avg:   869 Min:     6 Max:  3454 Err:     0 (0.00%) Active: 1 Started: 24 Finished: 23
2026-10-09 23:05:33,950 INFO o.a.j.r.Summariser: summary =     24 in 00:02:44 =    0.1/s Avg:   725 Min:     6 Max:  5021 Err:     0 (0.00%)
2026-10-09 23:05:33,950 INFO o.a.j.t.JMeterThread: Thread is done: Tickets 1-7
2026-10-09 23:05:33,950 INFO o.a.j.t.JMeterThread: Thread finished: Tickets 1-7
2026-10-09 23:05:35,885 INFO o.a.j.t.JMeterThread: Thread started: Search 2-18
2026-10-09 23:05:35,892 INFO o.a.j.t.JMeterThread: Thread is done: Search 2-18
2026-10-09 23:05:35,892 INFO o.a.j.t.JMeterThread: Thread finished: Search 2-18
2026-10-09 23:05:40,309 INFO o.a.j.t.JMeterThread: Thread started: Tickets 1-8
2026-10-09 23:05:41,695 INFO o.a.j.t.JMeterThread: Thread is done: Tickets 1-8
2026-10-09 23:05:41,695 INFO o.a.j.t.JMeterThread: Thread finished: Tickets 1-8
2026-10-09 23:05:56,055 INFO o.a.j.t.JMeterThread: Thread started: Search 2-19
2026-10-09 23:05:56,063 INFO o.a.j.t.JMeterThread: Thread is done: Search 2-19
2026-10-09 23:05:56,063 INFO o.a.j.t.JMeterThread: Thread finished: Search 2-19
2026-10-09 23:05:59,535 INFO o.a.j.t.JMeterThread: Thread started: Search 2-20
2026-10-09 23:05:59,544 INFO o.a.j.t.JMeterThread: Thread is done: Search 2-20
2026-10-09 23:05:59,544 INFO o.a.j.t.JMeterThread: Thread finished: Search 2-20
2026-10-09 23:06:12,921 INFO o.a.j.t.JMeterThread: Thread started: Tickets 1-9
2026-10-09 23:06:15,913 INFO o.a.j.t.JMeterThread: Thread is done: Tickets 1-9
2026-10-09 23:06:15,913 INFO o.a.j.t.JMeterThread: Thread finished: Tickets 1-9
2026-10-09 23:06:20,901 INFO o.a.j.t.JMeterThread: Thread started: Tickets 1-10
2026-10-09 23:06:22,713 INFO o.a.j.t.JMeterThread: Thread is done: Tickets 1-10
2026-10-09 23:06:22,713 INFO o.a.j.t.JMeterThread: Thread finished: Tickets 1-10
2026-10-09 23:06:23,207 INFO o.a.j.t.JMeterThread: Thread started: Search 2-21
2026-10-09 23:06:23,214 INFO o.a.j.t.JMeterThread: Thread is done: Search 2-21
2026-10-09 23:06:23,215 INFO o.a.j.t.JMeterThread: Thread finished: Search 2-21
2026-10-09 23:06:26,097 INFO o.a.j.t.JMeterThread: Thread started: Tickets 1-11
2026-10-09 23:06:29,379 INFO o.a.j.t.JMeterThread: Thread is done: Tickets 1-11
2026-10-09 23:06:29,379 INFO o.a.j.t.JMeterThread: Thread finished: Tickets 1-11
2026-10-09 23:06:35,443 INFO o.a.j.t.JMeterThread: Thread started: Tickets 1-12
2026-10-09 23:06:36,569 INFO o.a.j.t.JMeterThread: Thread is done: Tickets 1-12
2026-10-09 23:06:36,569 INFO o.a.j.t.JMeterThread: Thread finished: Tickets 1-12
2026-10-09 23:06:42,820 INFO o.a.j.t.JMeterThread: Thread started: Search 2-22
2026-10-09 23:06:42,828 INFO o.a.j.t.JMeterThread: Thread is done: Search 2-22
2026-10-09 23:06:42,828 INFO o.a.j.t.JMeterThread: Thread finished: Search 2-22
2026-10-09 23:06:44,834 INFO o.a.j.t.JMeterThread: Thread started: Tickets 1-13
2026-10-09 23:06:46,093 INFO o.a.j.t.JMeterThread: Thread is done: Tickets 1-13
2026-10-09 23:06:46,093 INFO o.a.j.t.JMeterThread: Thread finished: Tickets 1-13
2026-10-09 23:06:47,727 INFO o.a.j.t.JMeterThread: Thread started: Search 2-23
2026-10-09 23:06:47,735 INFO o.a.j.t.JMeterThread: Thread is done: Search 2-23
2026-10-09 23:06:47,735 INFO o.a.j.t.JMeterThread: Thread finished: Search 2-23
2026-10-09 23:07:04,498 INFO o.a.j.t.JMeterThread: Thread started: Search 2-24
2026-10-09 23:07:04,506 INFO o.a.j.r.Summariser: summary +     13 in 00:01:31 =    0.1/s Avg:   913 Min:     6 Max:  3275 Err:     0 (0.00%) Active: 1 Started: 37 Finished: 36
2026-10-09 23:07:04,506 INFO o.a.j.r.Summariser: summary =     37 in 00:04:14 =    0.1/s Avg:   791 Min:     6 Max:  5021 Err:     0 (0.00%)
2026-10-09 23:07:04,507 INFO o.a.j.t.JMeterThread: Thread is done: Search 2-24
2026-10-09 23:07:04,507 INFO o.a.j.t.JMeterThread: Thread finished: Search 2-24
2026-10-09 23:07:07,584 INFO o.a.j.t.JMeterThread: Thread started: Search 2-25
2026-10-09 23:07:07,591 INFO o.a.j.t.JMeterThread: Thread is done: Search 2-25
2026-10-09 23:07:07,591 INFO o.a.j.t.JMeterThread: Thread finished: Search 2-25
2026-10-09 23:07:14,951 INFO o.a.j.t.JMeterThread: Thread started: Tickets 1-14
2026-10-09 23:07:17,687 INFO o.a.j.t.JMeterThread: Thread is done: Tickets 1-14
2026-10-09 23:07:17,687 INFO o.a.j.t.JMeterThread: Thread finished: Tickets 1-14
2026-10-09 23:07:23,954 INFO o.a.j.t.JMeterThread: Thread started: Search 2-26
2026-10-09 23:07:23,961 INFO o.a.j.t.JMeterThread: Thread is done: Search 2-26
2026-10-09 23:07:23,961 INFO o.a.j.t.JMeterThread: Thread finished: Search 2-26
2026-10-09 23:07:29,128 INFO o.a.j.t.JMeterThread: Thread started: Search 2-27
2026-10-09 23:07:29,135 INFO o.a.j.t.JMeterThread: Thread is done: Search 2-27
2026-10-09 23:07:29,135 INFO o.a.j.t.JMeterThread: Thread finished: Search 2-27
2026-10-09 23:07:33,816 INFO o.a.j.t.JMeterThread: Thread started: Tickets 1-15
2026-10-09 23:07:35,941 INFO o.a.j.r.Summariser: summary +      5 in 00:00:31 =    0.2/s Avg:   974 Min:     6 Max:  2732 Err:     0 (0.00%) Active: 1 Started: 42 Finished: 41
2026-10-09 23:07:35,941 INFO o.a.j.r.Summariser: summary =     42 in 00:04:46 =    0.1/s Avg:   813 Min:     6 Max:  5021 Err:     0 (0.00%)
2026-10-09 23:07:35,942 INFO o.a.j.t.JMeterThread: Thread is done: Tickets 1-15
2026-10-09 23:07:35,942 INFO o.a.j.t.JMeterThread: Thread finished: Tickets 1-15
2026-10-09 23:07:40,419 INFO o.a.j.t.JMeterThread: Thread started: Search 2-28
2026-10-09 23:07:40,428 INFO o.a.j.t.JMeterThread: Thread is done: Search 2-28
2026-10-09 23:07:40,428 INFO o.a.j.t.JMeterThread: Thread finished: Search 2-28
2026-10-09 23:07:44,478 INFO o.a.j.t.JMeterThread: Thread started: Tickets 1-16
2026-10-09 23:07:47,351 INFO o.a.j.t.JMeterThread: Thread is done: Tickets 1-16
2026-10-09 23:07:47,351 INFO o.a.j.t.JMeterThread: Thread finished: Tickets 1-16
2026-10-09 23:07:58,027 INFO o.a.j.t.JMeterThread: Thread started: Search 2-29
2026-10-09 23:07:58,036 INFO o.a.j.t.JMeterThread: Thread is done: Search 2-29
2026-10-09 23:07:58,036 INFO o.a.j.t.JMeterThread: Thread finished: Search 2-29
2026-10-09 23:08:03,618 INFO o.a.j.t.JMeterThread: Thread started: Search 2-30
2026-10-09 23:08:03,625 INFO o.a.j.r.Summariser: summary +      4 in 00:00:28 =    0.1/s Avg:   721 Min:     6 Max:  2867 Err:     0 (0.00%) Active: 1 Started: 46 Finished: 45
2026-10-09 23:08:03,626 INFO o.a.j.r.Summariser: summary =     46 in 00:05:13 =    0.1/s Avg:   805 Min:     6 Max:  5021 Err:     0 (0.00%)
2026-10-09 23:08:03,627 INFO o.a.j.t.JMeterThread: Thread is done: Search 2-30
2026-10-09 23:08:03,627 INFO o.a.j.t.JMeterThread: Thread finished: Search 2-30
2026-10-09 23:08:37,610 INFO o.a.j.t.JMeterThread: Thread started: Search 2-31
2026-10-09 23:08:37,617 INFO o.a.j.t.JMeterThread: Thread is done: Search 2-31
2026-10-09 23:08:37,617 INFO o.a.j.t.JMeterThread: Thread finished: Search 2-31
2026-10-09 23:08:47,022 INFO o.a.j.t.JMeterThread: Thread started: Search 2-32
2026-10-09 23:08:47,031 INFO o.a.j.t.JMeterThread: Thread is done: Search 2-32
2026-10-09 23:08:47,031 INFO o.a.j.t.JMeterThread: Thread finished: Search 2-32
2026-10-09 23:09:17,784 INFO o.a.j.t.JMeterThread: Thread started: Tickets 1-17
2026-10-09 23:09:19,258 INFO o.a.j.t.JMeterThread: Thread is done: Tickets 1-17
2026-10-09 23:09:19,258 INFO o.a.j.t.JMeterThread: Thread finished: Tickets 1-17
2026-10-09 23:09:19,311 INFO o.a.j.t.JMeterThread: Thread started: Search 2-33
2026-10-09 23:09:19,319 INFO o.a.j.t.JMeterThread: Thread is done: Search 2-33
2026-10-09 23:09:19,319 INFO o.a.j.t.JMeterThread: Thread finished: Search 2-33
2026-10-09 23:09:26,195 INFO o.a.j.t.JMeterThread: Thread started: Tickets 1-18
2026-10-09 23:09:27,704 INFO o.a.j.t.JMeterThread: Thread is done: Tickets 1-18
2026-10-09 23:09:27,704 INFO o.a.j.t.JMeterThread: Thread finished: Tickets 1-18
2026-10-09 23:09:32,137 INFO o.a.j.t.JMeterThread: Thread started: Search 2-34
2026-10-09 23:09:32,145 INFO o.a.j.r.Summariser: summary +      6 in 00:01:29 =    0.1/s Avg:   500 Min:     6 Max:  1505 Err:     0 (0.00%) Active: 1 Started: 52 Finished: 51
2026-10-09 23:09:32,145 INFO o.a.j.r.Summariser: summary =     52 in 00:06:42 =    0.1/s Avg:   770 Min:     6 Max:  5021 Err:     0 (0.00%)
2026-10-09 23:09:32,146 INFO o.a.j.t.JMeterThread: Thread is done: Search 2-34
2026-10-09 23:09:32,146 INFO o.a.j.t.JMeterThread: Thread finished: Search 2-34
2026-10-09 23:09:35,352 INFO o.a.j.t.JMeterThread: Thread started: Search 2-35
2026-10-09 23:09:35,359 INFO o.a.j.t.JMeterThread: Thread is done: Search 2-35
2026-10-09 23:09:35,359 INFO o.a.j.t.JMeterThread: Thread finished: Search 2-35
2026-10-09 23:09:56,639 INFO o.a.j.t.JMeterThread: Thread started: Tickets 1-19
2026-10-09 23:09:57,870 INFO o.a.j.t.JMeterThread: Thread is done: Tickets 1-19
2026-10-09 23:09:57,870 INFO o.a.j.t.JMeterThread: Thread finished: Tickets 1-19
2026-10-09 23:10:02,259 INFO o.a.j.t.JMeterThread: Thread started: Search 2-36
2026-10-09 23:10:02,266 INFO o.a.j.r.Summariser: summary +      3 in 00:00:30 =    0.1/s Avg:   412 Min:     6 Max:  1225 Err:     0 (0.00%) Active: 1 Started: 55 Finished: 54
2026-10-09 23:10:02,267 INFO o.a.j.r.Summariser: summary =     55 in 00:07:12 =    0.1/s Avg:   750 Min:     6 Max:  5021 Err:     0 (0.00%)
2026-10-09 23:10:02,267 INFO o.a.j.t.JMeterThread: Thread is done: Search 2-36
2026-10-09 23:10:02,267 INFO o.a.j.t.JMeterThread: Thread finished: Search 2-36
2026-10-09 23:10:07,038 INFO o.a.j.t.JMeterThread: Thread started: Search 2-37
2026-10-09 23:10:07,047 INFO o.a.j.t.JMeterThread: Thread is done: Search 2-37
2026-10-09 23:10:07,047 INFO o.a.j.t.JMeterThread: Thread finished: Search 2-37
2026-10-09 23:10:14,526 INFO o.a.j.t.JMeterThread: Thread started: Tickets 1-20
2026-10-09 23:10:16,273 INFO o.a.j.t.JMeterThread: Thread is done: Tickets 1-20
2026-10-09 23:10:16,273 INFO o.a.j.t.JMeterThread: Thread finished: Tickets 1-20
2026-10-09 23:10:19,366 INFO o.a.j.t.JMeterThread: Thread started: Search 2-38
2026-10-09 23:10:19,373 INFO o.a.j.t.JMeterThread: Thread is done: Search 2-38
2026-10-09 23:10:19,373 INFO o.a.j.t.JMeterThread: Thread finished: Search 2-38
2026-10-09 23:10:22,297 INFO o.a.j.t.JMeterThread: Thread started: Search 2-39
2026-10-09 23:10:22,305 INFO o.a.j.t.JMeterThread: Thread is done: Search 2-39
2026-10-09 23:10:22,305 INFO o.a.j.t.JMeterThread: Thread finished: Search 2-39
2026-10-09 23:10:26,640 INFO o.a.j.t.JMeterThread: Thread started: Search 2-40
2026-10-09 23:10:26,646 INFO o.a.j.t.JMeterThread: Thread is done: Search 2-40
2026-10-09 23:10:26,646 INFO o.a.j.t.JMeterThread: Thread finished: Search 2-40
2026-10-09 23:10:30,747 INFO o.a.j.t.JMeterThread: Thread started: Search 2-41
2026-10-09 23:10:30,755 INFO o.a.j.r.Summariser: summary +      6 in 00:00:28 =    0.2/s Avg:   295 Min:     6 Max:  1743 Err:     0 (0.00%) Active: 1 Started: 61 Finished: 60
2026-10-09 23:10:30,755 INFO o.a.j.r.Summariser: summary =     61 in 00:07:41 =    0.1/s Avg:   705 Min:     6 Max:  5021 Err:     0 (0.00%)
2026-10-09 23:10:30,756 INFO o.a.j.t.JMeterThread: Thread is done: Search 2-41
2026-10-09 23:10:30,756 INFO o.a.j.t.JMeterThread: Thread finished: Search 2-41
2026-10-09 23:10:40,932 INFO o.a.j.t.JMeterThread: Thread started: Search 2-42
2026-10-09 23:10:40,940 INFO o.a.j.t.JMeterThread: Thread is done: Search 2-42
2026-10-09 23:10:40,940 INFO o.a.j.t.JMeterThread: Thread finished: Search 2-42
2026-10-09 23:10:49,954 INFO o.a.j.t.JMeterThread: Thread started: Tickets 1-21
2026-10-09 23:10:51,980 INFO o.a.j.t.JMeterThread: Thread is done: Tickets 1-21
2026-10-09 23:10:51,980 INFO o.a.j.t.JMeterThread: Thread finished: Tickets 1-21
2026-10-09 23:10:56,085 INFO o.a.j.t.JMeterThread: Thread started: Search 2-43
2026-10-09 23:10:56,092 INFO o.a.j.t.JMeterThread: Thread is done: Search 2-43
2026-10-09 23:10:56,092 INFO o.a.j.t.JMeterThread: Thread finished: Search 2-43
2026-10-09 23:10:57,869 INFO o.a.j.t.JMeterThread: Thread started: Tickets 1-22
2026-10-09 23:10:59,945 INFO o.a.j.t.JMeterThread: Thread is done: Tickets 1-22
2026-10-09 23:10:59,945 INFO o.a.j.t.JMeterThread: Thread finished: Tickets 1-22
2026-10-09 23:11:04,687 INFO o.a.j.t.JMeterThread: Thread started: Search 2-44
2026-10-09 23:11:04,696 INFO o.a.j.r.Summariser: summary +      5 in 00:00:34 =    0.1/s Avg:   822 Min:     6 Max:  2072 Err:     0 (0.00%) Active: 1 Started: 66 Finished: 65
2026-10-09 23:11:04,696 INFO o.a.j.r.Summariser: summary =     66 in 00:08:15 =    0.1/s Avg:   714 Min:     6 Max:  5021 Err:     0 (0.00%)
2026-10-09 23:11:04,697 INFO o.a.j.t.JMeterThread: Thread is done: Search 2-44
2026-10-09 23:11:04,697 INFO o.a.j.t.JMeterThread: Thread finished: Search 2-44
2026-10-09 23:11:05,227 INFO o.a.j.t.JMeterThread: Thread started: Search 2-45
2026-10-09 23:11:05,236 INFO o.a.j.t.JMeterThread: Thread is done: Search 2-45
2026-10-09 23:11:05,236 INFO o.a.j.t.JMeterThread: Thread finished: Search 2-45
2026-10-09 23:11:06,802 INFO o.a.j.t.JMeterThread: Thread started: Search 2-46
2026-10-09 23:11:06,810 INFO o.a.j.t.JMeterThread: Thread is done: Search 2-46
2026-10-09 23:11:06,810 INFO o.a.j.t.JMeterThread: Thread finished: Search 2-46
2026-10-09 23:11:13,388 INFO o.a.j.t.JMeterThread: Thread started: Search 2-47
2026-10-09 23:11:13,396 INFO o.a.j.t.JMeterThread: Thread is done: Search 2-47
2026-10-09 23:11:13,396 INFO o.a.j.t.JMeterThread: Thread finished: Search 2-47
2026-10-09 23:11:13,905 INFO o.a.j.t.JMeterThread: Thread started: Search 2-48
2026-10-09 23:11:13,912 INFO o.a.j.t.JMeterThread: Thread is done: Search 2-48
2026-10-09 23:11:13,912 INFO o.a.j.t.JMeterThread: Thread finished: Search 2-48
2026-10-09 23:11:31,512 INFO o.a.j.t.JMeterThread: Thread started: Search 2-49
2026-10-09 23:11:31,520 INFO o.a.j.r.Summariser: summary +      5 in 00:00:27 =    0.2/s Avg:     7 Min:     6 Max:     8 Err:     0 (0.00%) Active: 1 Started: 71 Finished: 70
2026-10-09 23:11:31,521 INFO o.a.j.r.Summariser: summary =     71 in 00:08:41 =    0.1/s Avg:   664 Min:     6 Max:  5021 Err:     0 (0.00%)
2026-10-09 23:11:31,522 INFO o.a.j.t.JMeterThread: Thread is done: Search 2-49
2026-10-09 23:11:31,522 INFO o.a.j.t.JMeterThread: Thread finished: Search 2-49
2026-10-09 23:11:32,298 INFO o.a.j.t.JMeterThread: Thread started: Tickets 1-23
2026-10-09 23:11:36,863 INFO o.a.j.t.JMeterThread: Thread is done: Tickets 1-23
2026-10-09 23:11:36,863 INFO o.a.j.t.JMeterThread: Thread finished: Tickets 1-23
2026-10-09 23:11:45,024 INFO o.a.j.t.JMeterThread: Thread started: Search 2-50
2026-10-09 23:11:45,032 INFO o.a.j.t.JMeterThread: Thread is done: Search 2-50
2026-10-09 23:11:45,032 INFO o.a.j.t.JMeterThread: Thread finished: Search 2-50
2026-10-09 23:11:48,936 INFO o.a.j.t.JMeterThread: Thread started: Tickets 1-24
2026-10-09 23:11:50,131 INFO o.a.j.t.JMeterThread: Thread is done: Tickets 1-24
2026-10-09 23:11:50,131 INFO o.a.j.t.JMeterThread: Thread finished: Tickets 1-24
2026-10-09 23:12:10,868 INFO o.a.j.t.JMeterThread: Thread started: Search 2-51
2026-10-09 23:12:10,877 INFO o.a.j.t.JMeterThread: Thread is done: Search 2-51
2026-10-09 23:12:10,877 INFO o.a.j.t.JMeterThread: Thread finished: Search 2-51
2026-10-09 23:12:17,093 INFO o.a.j.t.JMeterThread: Thread started: Tickets 1-25
2026-10-09 23:12:19,575 INFO o.a.j.t.JMeterThread: Thread is done: Tickets 1-25
2026-10-09 23:12:19,575 INFO o.a.j.t.JMeterThread: Thread finished: Tickets 1-25
2026-10-09 23:12:20,287 INFO o.a.j.t.JMeterThread: Thread started: Search 2-52
2026-10-09 23:12:20,295 INFO o.a.j.t.JMeterThread: Thread is done: Search 2-52
2026-10-09 23:12:20,295 INFO o.a.j.t.JMeterThread: Thread finished: Search 2-52
2026-10-09 23:12:27,266 INFO o.a.j.t.o.EvenArrivalsRamp: Generating 0 events, beginRate = 0.0 / sec, endRate = 0.0 / sec, duration = 140.0 sec
2026-10-09 23:12:27,266 INFO o.a.j.t.JMeterThread: Thread started: Search 2-53
2026-10-09 23:12:27,266 INFO o.a.j.t.o.OpenModelThreadGroup: There will be no more events, so will wait for 162 sec till the end of the schedule
2026-10-09 23:12:27,275 INFO o.a.j.t.JMeterThread: Thread is done: Search 2-53
2026-10-09 23:12:27,275 INFO o.a.j.t.JMeterThread: Thread finished: Search 2-53
2026-10-09 23:12:39,131 INFO o.a.j.t.o.EvenArrivalsRamp: Generating 0 events, beginRate = 0.0 / sec, endRate = 0.0 / sec, duration = 140.0 sec
2026-10-09 23:12:39,131 INFO o.a.j.t.o.OpenModelThreadGroup: There will be no more events, so will wait for 150 sec till the end of the schedule
2026-10-09 23:12:39,131 INFO o.a.j.t.JMeterThread: Thread started: Tickets 1-26
2026-10-09 23:12:44,248 INFO o.a.j.t.JMeterThread: Thread is done: Tickets 1-26
2026-10-09 23:12:44,248 INFO o.a.j.t.JMeterThread: Thread finished: Tickets 1-26
2026-10-09 23:15:09,944 INFO o.a.j.t.o.OpenModelThreadGroup: There will be no more events, will shutdown the thread pool
2026-10-09 23:15:09,944 INFO o.a.j.t.o.OpenModelThreadGroup: Thread starting done
2026-10-09 23:15:09,945 INFO o.a.j.t.o.OpenModelThreadGroup: There will be no more events, will shutdown the thread pool
2026-10-09 23:15:09,945 INFO o.a.j.t.o.OpenModelThreadGroup: Thread starting done
2026-10-09 23:15:09,945 INFO o.a.j.e.StandardJMeterEngine: Notifying test listeners of end of test
2026-10-09 23:15:09,945 INFO o.a.j.s.FileServer: Close: ../../data/team11/jmeter_tickets.csv
2026-10-09 23:15:09,947 INFO o.a.j.r.Summariser: summary +      8 in 00:03:38 =    0.0/s Avg:  1671 Min:     7 Max:  5112 Err:     0 (0.00%) Active: 0 Started: 79 Finished: 79
2026-10-09 23:15:09,947 INFO o.a.j.r.Summariser: summary =     79 in 00:12:20 =    0.1/s Avg:   766 Min:     6 Max:  5112 Err:     0 (0.00%)
