2026-10-09 19:42:25,503 INFO o.a.j.u.JMeterUtils: Setting Locale to en_EN
2026-10-09 19:42:25,542 INFO o.a.j.JMeter: Loading user properties from: C:\jmeter\apache-jmeter-5.6.3\apache-jmeter-5.6.3\bin\user.properties
2026-10-09 19:42:25,544 INFO o.a.j.JMeter: Loading system properties from: C:\jmeter\apache-jmeter-5.6.3\apache-jmeter-5.6.3\bin\system.properties
2026-10-09 19:42:25,544 INFO o.a.j.JMeter: Setting JMeter property: host=192.168.88.6
2026-10-09 19:42:25,545 INFO o.a.j.JMeter: Setting JMeter property: tickets_per_hour=78.67
2026-10-09 19:42:25,545 INFO o.a.j.JMeter: Setting JMeter property: searches_per_hour=157.33
2026-10-09 19:42:25,548 INFO o.a.j.JMeter: Setting JMeter property: duration_min=10
2026-10-09 19:42:25,548 INFO o.a.j.JMeter: Setting JMeter property: drain_sec=60
2026-10-09 19:42:25,548 INFO o.a.j.JMeter: Setting JMeter property: sample_variables=row,request_id
2026-10-09 19:42:25,560 INFO o.a.j.JMeter: Copyright (c) 1998-2024 The Apache Software Foundation
2026-10-09 19:42:25,561 INFO o.a.j.JMeter: Version 5.6.3
2026-10-09 19:42:25,561 INFO o.a.j.JMeter: java.version=21.0.12
2026-10-09 19:42:25,561 INFO o.a.j.JMeter: java.vm.name=Java HotSpot(TM) 64-Bit Server VM
2026-10-09 19:42:25,561 INFO o.a.j.JMeter: os.name=Windows 11
2026-10-09 19:42:25,561 INFO o.a.j.JMeter: os.arch=amd64
2026-10-09 19:42:25,562 INFO o.a.j.JMeter: os.version=10.0
2026-10-09 19:42:25,562 INFO o.a.j.JMeter: file.encoding=UTF-8
2026-10-09 19:42:25,562 INFO o.a.j.JMeter: java.awt.headless=true
2026-10-09 19:42:25,562 INFO o.a.j.JMeter: Max memory     =1073741824
2026-10-09 19:42:25,562 INFO o.a.j.JMeter: Available Processors =8
2026-10-09 19:42:25,581 INFO o.a.j.JMeter: Default Locale=English (EN)
2026-10-09 19:42:25,583 INFO o.a.j.JMeter: JMeter  Locale=English (EN)
2026-10-09 19:42:25,583 INFO o.a.j.JMeter: JMeterHome=C:\jmeter\apache-jmeter-5.6.3\apache-jmeter-5.6.3
2026-10-09 19:42:25,583 INFO o.a.j.JMeter: user.dir  =C:\Users\whjw1\OneDrive\Documents\GitHub\ICT3113-PTO-Project
2026-10-09 19:42:25,584 INFO o.a.j.JMeter: PWD       =C:\Users\whjw1\OneDrive\Documents\GitHub\ICT3113-PTO-Project
2026-10-09 19:42:25,587 INFO o.a.j.JMeter: IP: 192.168.88.8 Name: w-laptop FullName: w-laptop
2026-10-09 19:42:25,611 INFO o.a.j.s.FileServer: Default base='C:\Users\whjw1\OneDrive\Documents\GitHub\ICT3113-PTO-Project'
2026-10-09 19:42:25,614 INFO o.a.j.s.FileServer: Set new base='C:\Users\whjw1\OneDrive\Documents\GitHub\ICT3113-PTO-Project'
2026-10-09 19:42:25,972 INFO o.a.j.s.SaveService: Testplan (JMX) version: 2.2. Testlog (JTL) version: 2.2
2026-10-09 19:42:26,043 INFO o.a.j.s.SaveService: Using SaveService properties version 5.0
2026-10-09 19:42:26,049 INFO o.a.j.s.SaveService: Using SaveService properties file encoding UTF-8
2026-10-09 19:42:26,056 INFO o.a.j.s.SaveService: Loading file: ticket-load-test.jmx
2026-10-09 19:42:26,219 INFO o.a.j.p.h.s.HTTPSamplerBase: Parser for text/html is org.apache.jmeter.protocol.http.parser.LagartoBasedHtmlParser
2026-10-09 19:42:26,219 INFO o.a.j.p.h.s.HTTPSamplerBase: Parser for application/xhtml+xml is org.apache.jmeter.protocol.http.parser.LagartoBasedHtmlParser
2026-10-09 19:42:26,219 INFO o.a.j.p.h.s.HTTPSamplerBase: Parser for application/xml is org.apache.jmeter.protocol.http.parser.LagartoBasedHtmlParser
2026-10-09 19:42:26,219 INFO o.a.j.p.h.s.HTTPSamplerBase: Parser for text/xml is org.apache.jmeter.protocol.http.parser.LagartoBasedHtmlParser
2026-10-09 19:42:26,220 INFO o.a.j.p.h.s.HTTPSamplerBase: Parser for text/vnd.wap.wml is org.apache.jmeter.protocol.http.parser.RegexpHTMLParser
2026-10-09 19:42:26,220 INFO o.a.j.p.h.s.HTTPSamplerBase: Parser for text/css is org.apache.jmeter.protocol.http.parser.CssParser
2026-10-09 19:42:26,274 INFO o.a.j.JMeter: Creating summariser <summary>
2026-10-09 19:42:26,351 INFO o.a.j.e.StandardJMeterEngine: Running the test!
2026-10-09 19:42:26,360 INFO o.a.j.s.SampleEvent: List of sample_variables: [row, request_id]
2026-10-09 19:42:26,361 INFO o.a.j.s.SampleEvent: List of sample_variables: [row, request_id]
2026-10-09 19:42:26,378 INFO o.a.j.e.u.CompoundVariable: Note: Function class names must contain the string: '.functions.'
2026-10-09 19:42:26,379 INFO o.a.j.e.u.CompoundVariable: Note: Function class names must not contain the string: '.gui.'
2026-10-09 19:42:26,826 INFO o.a.j.JMeter: Running test (1791546146826)
2026-10-09 19:42:26,828 INFO o.a.j.e.StandardJMeterEngine: Starting setUp thread groups
2026-10-09 19:42:26,829 INFO o.a.j.e.StandardJMeterEngine: Starting setUp ThreadGroup: 1 : Require host property 
2026-10-09 19:42:26,829 INFO o.a.j.e.StandardJMeterEngine: Starting 1 threads for group Require host property.
2026-10-09 19:42:26,829 INFO o.a.j.e.StandardJMeterEngine: Test will stop abruptly on error
2026-10-09 19:42:26,829 INFO o.a.j.t.ThreadGroup: Starting thread group... number=1 threads=1 ramp-up=0 delayedStart=false
2026-10-09 19:42:26,840 INFO o.a.j.t.ThreadGroup: Started thread group number 1
2026-10-09 19:42:26,841 INFO o.a.j.e.StandardJMeterEngine: Waiting for all setup thread groups to exit
2026-10-09 19:42:26,844 INFO o.a.j.t.JMeterThread: Thread started: Require host property 1-1
2026-10-09 19:42:26,850 INFO o.a.j.s.SampleResult: Note: Sample TimeStamps are START times
2026-10-09 19:42:26,850 INFO o.a.j.s.SampleResult: sampleresult.default.encoding is set to UTF-8
2026-10-09 19:42:26,850 INFO o.a.j.s.SampleResult: sampleresult.useNanoTime=true
2026-10-09 19:42:26,851 INFO o.a.j.s.SampleResult: sampleresult.nanoThreadSleep=5000
2026-10-09 19:42:26,874 INFO o.a.j.t.JMeterThread: Thread is done: Require host property 1-1
2026-10-09 19:42:26,875 INFO o.a.j.t.JMeterThread: Thread finished: Require host property 1-1
2026-10-09 19:42:26,875 INFO o.a.j.e.StandardJMeterEngine: All Setup Threads have ended
2026-10-09 19:42:26,906 INFO o.a.j.e.StandardJMeterEngine: Starting ThreadGroup: 1 : Tickets (open model)
2026-10-09 19:42:26,907 INFO o.a.j.e.StandardJMeterEngine: Starting 0 threads for group Tickets (open model).
2026-10-09 19:42:26,907 INFO o.a.j.e.StandardJMeterEngine: Thread will continue on error
2026-10-09 19:42:26,907 INFO o.a.j.t.o.OpenModelThreadGroup: Starting OpenModelThreadGroup#1 with schedule rate(78.67/hour) random_arrivals(10 min) pause(60 sec)
2026-10-09 19:42:26,981 INFO o.a.j.e.StandardJMeterEngine: Starting ThreadGroup: 2 : Searches (open model)
2026-10-09 19:42:26,982 INFO o.a.j.e.StandardJMeterEngine: Starting 0 threads for group Searches (open model).
2026-10-09 19:42:26,982 INFO o.a.j.e.StandardJMeterEngine: Thread will continue on error
2026-10-09 19:42:26,982 INFO o.a.j.t.o.OpenModelThreadGroup: Starting OpenModelThreadGroup#2 with schedule rate(157.33/hour) random_arrivals(10 min) pause(60 sec)
2026-10-09 19:42:26,982 INFO o.a.j.e.StandardJMeterEngine: All thread groups have been started
2026-10-09 19:42:26,982 INFO o.a.j.t.o.OpenModelThreadGroup: Thread starting init
2026-10-09 19:42:26,983 INFO o.a.j.t.o.OpenModelThreadGroup: Thread starting init
2026-10-09 19:42:26,989 INFO o.a.j.t.o.PoissonArrivalsRamp: Generating 26 events, beginRate = 0.04370277777777778 / sec, endRate = 0.04370277777777778 / sec, duration = 600.0 sec
2026-10-09 19:42:26,989 INFO o.a.j.t.o.PoissonArrivalsRamp: Generating 13 events, beginRate = 0.021852777777777777 / sec, endRate = 0.021852777777777777 / sec, duration = 600.0 sec
2026-10-09 19:42:30,133 INFO o.a.j.t.JMeterThread: Thread started: Searches (open model) 2-1
2026-10-09 19:42:30,135 INFO o.a.j.s.FileServer: Stored: data/team11/jmeter_search_terms.csv
2026-10-09 19:42:30,182 INFO o.a.j.p.h.s.HTTPHCAbstractImpl: Local host = w-laptop
2026-10-09 19:42:30,196 INFO o.a.j.p.h.s.HTTPHC4Impl: HTTP request retry count = 0
2026-10-09 19:42:30,476 INFO o.a.j.r.Summariser: summary +      1 in 00:00:04 =    0.3/s Avg:    81 Min:    81 Max:    81 Err:     0 (0.00%) Active: 1 Started: 1 Finished: 0
2026-10-09 19:42:30,477 INFO o.a.j.t.JMeterThread: Thread is done: Searches (open model) 2-1
2026-10-09 19:42:30,477 INFO o.a.j.t.JMeterThread: Thread finished: Searches (open model) 2-1
2026-10-09 19:42:31,934 INFO o.a.j.t.JMeterThread: Thread started: Searches (open model) 2-2
2026-10-09 19:42:31,971 INFO o.a.j.t.JMeterThread: Thread is done: Searches (open model) 2-2
2026-10-09 19:42:31,971 INFO o.a.j.t.JMeterThread: Thread finished: Searches (open model) 2-2
2026-10-09 19:42:35,803 INFO o.a.j.t.JMeterThread: Thread started: Searches (open model) 2-3
2026-10-09 19:42:35,828 INFO o.a.j.t.JMeterThread: Thread is done: Searches (open model) 2-3
2026-10-09 19:42:35,829 INFO o.a.j.t.JMeterThread: Thread finished: Searches (open model) 2-3
2026-10-09 19:42:38,353 INFO o.a.j.t.JMeterThread: Thread started: Searches (open model) 2-4
2026-10-09 19:42:38,411 INFO o.a.j.t.JMeterThread: Thread is done: Searches (open model) 2-4
2026-10-09 19:42:38,412 INFO o.a.j.t.JMeterThread: Thread finished: Searches (open model) 2-4
2026-10-09 19:43:25,869 INFO o.a.j.t.JMeterThread: Thread started: Tickets (open model) 1-1
2026-10-09 19:43:25,871 INFO o.a.j.s.FileServer: Stored: data/team11/jmeter_tickets.csv
2026-10-09 19:43:27,129 INFO o.a.j.t.JMeterThread: Thread is done: Tickets (open model) 1-1
2026-10-09 19:43:27,129 INFO o.a.j.t.JMeterThread: Thread finished: Tickets (open model) 1-1
2026-10-09 19:43:59,023 INFO o.a.j.t.JMeterThread: Thread started: Searches (open model) 2-5
2026-10-09 19:43:59,040 INFO o.a.j.t.JMeterThread: Thread is done: Searches (open model) 2-5
2026-10-09 19:43:59,040 INFO o.a.j.t.JMeterThread: Thread finished: Searches (open model) 2-5
2026-10-09 19:45:02,262 INFO o.a.j.t.JMeterThread: Thread started: Tickets (open model) 1-2
2026-10-09 19:45:03,740 INFO o.a.j.t.JMeterThread: Thread started: Tickets (open model) 1-3
2026-10-09 19:45:03,982 INFO o.a.j.t.JMeterThread: Thread started: Searches (open model) 2-6
2026-10-09 19:45:04,000 INFO o.a.j.r.Summariser: summary +      6 in 00:02:34 =    0.0/s Avg:   226 Min:    15 Max:  1221 Err:     0 (0.00%) Active: 3 Started: 9 Finished: 6
2026-10-09 19:45:04,001 INFO o.a.j.r.Summariser: summary =      7 in 00:02:37 =    0.0/s Avg:   205 Min:    15 Max:  1221 Err:     0 (0.00%)
2026-10-09 19:45:04,001 INFO o.a.j.t.JMeterThread: Thread is done: Searches (open model) 2-6
2026-10-09 19:45:04,001 INFO o.a.j.t.JMeterThread: Thread finished: Searches (open model) 2-6
2026-10-09 19:45:07,885 INFO o.a.j.t.JMeterThread: Thread is done: Tickets (open model) 1-2
2026-10-09 19:45:07,886 INFO o.a.j.t.JMeterThread: Thread finished: Tickets (open model) 1-2
2026-10-09 19:45:08,521 INFO o.a.j.t.JMeterThread: Thread is done: Tickets (open model) 1-3
2026-10-09 19:45:08,521 INFO o.a.j.t.JMeterThread: Thread finished: Tickets (open model) 1-3
2026-10-09 19:45:36,642 INFO o.a.j.t.JMeterThread: Thread started: Tickets (open model) 1-4
2026-10-09 19:45:36,984 INFO o.a.j.t.JMeterThread: Thread started: Searches (open model) 2-7
2026-10-09 19:45:37,006 INFO o.a.j.t.JMeterThread: Thread is done: Searches (open model) 2-7
2026-10-09 19:45:37,006 INFO o.a.j.t.JMeterThread: Thread finished: Searches (open model) 2-7
2026-10-09 19:45:37,841 INFO o.a.j.t.JMeterThread: Thread is done: Tickets (open model) 1-4
2026-10-09 19:45:37,842 INFO o.a.j.t.JMeterThread: Thread finished: Tickets (open model) 1-4
2026-10-09 19:45:37,849 INFO o.a.j.t.JMeterThread: Thread started: Searches (open model) 2-8
2026-10-09 19:45:37,866 INFO o.a.j.t.JMeterThread: Thread is done: Searches (open model) 2-8
2026-10-09 19:45:37,866 INFO o.a.j.t.JMeterThread: Thread finished: Searches (open model) 2-8
2026-10-09 19:45:58,664 INFO o.a.j.t.JMeterThread: Thread started: Searches (open model) 2-9
2026-10-09 19:45:58,684 INFO o.a.j.t.JMeterThread: Thread is done: Searches (open model) 2-9
2026-10-09 19:45:58,684 INFO o.a.j.t.JMeterThread: Thread finished: Searches (open model) 2-9
2026-10-09 19:45:58,760 INFO o.a.j.t.JMeterThread: Thread started: Searches (open model) 2-10
2026-10-09 19:45:58,777 INFO o.a.j.t.JMeterThread: Thread is done: Searches (open model) 2-10
2026-10-09 19:45:58,777 INFO o.a.j.t.JMeterThread: Thread finished: Searches (open model) 2-10
2026-10-09 19:46:30,129 INFO o.a.j.t.JMeterThread: Thread started: Searches (open model) 2-11
2026-10-09 19:46:30,146 INFO o.a.j.r.Summariser: summary +      8 in 00:01:26 =    0.1/s Avg:  1459 Min:    14 Max:  5620 Err:     0 (0.00%) Active: 1 Started: 15 Finished: 14
2026-10-09 19:46:30,146 INFO o.a.j.r.Summariser: summary =     15 in 00:04:03 =    0.1/s Avg:   874 Min:    14 Max:  5620 Err:     0 (0.00%)
2026-10-09 19:46:30,147 INFO o.a.j.t.JMeterThread: Thread is done: Searches (open model) 2-11
2026-10-09 19:46:30,147 INFO o.a.j.t.JMeterThread: Thread finished: Searches (open model) 2-11
2026-10-09 19:46:52,675 INFO o.a.j.t.JMeterThread: Thread started: Tickets (open model) 1-5
2026-10-09 19:46:53,996 INFO o.a.j.t.JMeterThread: Thread is done: Tickets (open model) 1-5
2026-10-09 19:46:53,996 INFO o.a.j.t.JMeterThread: Thread finished: Tickets (open model) 1-5
2026-10-09 19:46:55,658 INFO o.a.j.t.JMeterThread: Thread started: Searches (open model) 2-12
2026-10-09 19:46:55,675 INFO o.a.j.t.JMeterThread: Thread is done: Searches (open model) 2-12
2026-10-09 19:46:55,675 INFO o.a.j.t.JMeterThread: Thread finished: Searches (open model) 2-12
2026-10-09 19:46:57,286 INFO o.a.j.t.JMeterThread: Thread started: Searches (open model) 2-13
2026-10-09 19:46:57,304 INFO o.a.j.t.JMeterThread: Thread is done: Searches (open model) 2-13
2026-10-09 19:46:57,304 INFO o.a.j.t.JMeterThread: Thread finished: Searches (open model) 2-13
2026-10-09 19:47:00,724 INFO o.a.j.t.JMeterThread: Thread started: Searches (open model) 2-14
2026-10-09 19:47:00,745 INFO o.a.j.r.Summariser: summary +      4 in 00:00:31 =    0.1/s Avg:   342 Min:    16 Max:  1318 Err:     0 (0.00%) Active: 1 Started: 19 Finished: 18
2026-10-09 19:47:00,745 INFO o.a.j.r.Summariser: summary =     19 in 00:04:34 =    0.1/s Avg:   762 Min:    14 Max:  5620 Err:     0 (0.00%)
2026-10-09 19:47:00,745 INFO o.a.j.t.JMeterThread: Thread is done: Searches (open model) 2-14
2026-10-09 19:47:00,745 INFO o.a.j.t.JMeterThread: Thread finished: Searches (open model) 2-14
2026-10-09 19:47:09,990 INFO o.a.j.t.JMeterThread: Thread started: Tickets (open model) 1-6
2026-10-09 19:47:11,176 INFO o.a.j.t.JMeterThread: Thread is done: Tickets (open model) 1-6
2026-10-09 19:47:11,176 INFO o.a.j.t.JMeterThread: Thread finished: Tickets (open model) 1-6
2026-10-09 19:48:10,623 INFO o.a.j.t.JMeterThread: Thread started: Searches (open model) 2-15
2026-10-09 19:48:10,641 INFO o.a.j.t.JMeterThread: Thread is done: Searches (open model) 2-15
2026-10-09 19:48:10,642 INFO o.a.j.t.JMeterThread: Thread finished: Searches (open model) 2-15
2026-10-09 19:48:31,373 INFO o.a.j.t.JMeterThread: Thread started: Tickets (open model) 1-7
2026-10-09 19:48:35,312 INFO o.a.j.r.Summariser: summary +      3 in 00:01:35 =    0.0/s Avg:  1710 Min:    16 Max:  3934 Err:     0 (0.00%) Active: 1 Started: 22 Finished: 21
2026-10-09 19:48:35,312 INFO o.a.j.r.Summariser: summary =     22 in 00:06:08 =    0.1/s Avg:   891 Min:    14 Max:  5620 Err:     0 (0.00%)
2026-10-09 19:48:35,313 INFO o.a.j.t.JMeterThread: Thread is done: Tickets (open model) 1-7
2026-10-09 19:48:35,313 INFO o.a.j.t.JMeterThread: Thread finished: Tickets (open model) 1-7
2026-10-09 19:48:46,825 INFO o.a.j.t.JMeterThread: Thread started: Searches (open model) 2-16
2026-10-09 19:48:46,843 INFO o.a.j.t.JMeterThread: Thread is done: Searches (open model) 2-16
2026-10-09 19:48:46,843 INFO o.a.j.t.JMeterThread: Thread finished: Searches (open model) 2-16
2026-10-09 19:48:55,016 INFO o.a.j.t.JMeterThread: Thread started: Searches (open model) 2-17
2026-10-09 19:48:55,035 INFO o.a.j.t.JMeterThread: Thread is done: Searches (open model) 2-17
2026-10-09 19:48:55,036 INFO o.a.j.t.JMeterThread: Thread finished: Searches (open model) 2-17
2026-10-09 19:49:28,435 INFO o.a.j.t.JMeterThread: Thread started: Tickets (open model) 1-8
2026-10-09 19:49:31,118 INFO o.a.j.r.Summariser: summary +      3 in 00:00:56 =    0.1/s Avg:   904 Min:    17 Max:  2678 Err:     0 (0.00%) Active: 1 Started: 25 Finished: 24
2026-10-09 19:49:31,118 INFO o.a.j.r.Summariser: summary =     25 in 00:07:04 =    0.1/s Avg:   893 Min:    14 Max:  5620 Err:     0 (0.00%)
2026-10-09 19:49:31,119 INFO o.a.j.t.JMeterThread: Thread is done: Tickets (open model) 1-8
2026-10-09 19:49:31,119 INFO o.a.j.t.JMeterThread: Thread finished: Tickets (open model) 1-8
2026-10-09 19:49:35,661 INFO o.a.j.t.JMeterThread: Thread started: Tickets (open model) 1-9
2026-10-09 19:49:37,120 INFO o.a.j.t.JMeterThread: Thread started: Searches (open model) 2-18
2026-10-09 19:49:37,139 INFO o.a.j.t.JMeterThread: Thread is done: Searches (open model) 2-18
2026-10-09 19:49:37,139 INFO o.a.j.t.JMeterThread: Thread finished: Searches (open model) 2-18
2026-10-09 19:49:38,311 INFO o.a.j.t.JMeterThread: Thread is done: Tickets (open model) 1-9
2026-10-09 19:49:38,311 INFO o.a.j.t.JMeterThread: Thread finished: Tickets (open model) 1-9
2026-10-09 19:49:48,217 INFO o.a.j.t.JMeterThread: Thread started: Searches (open model) 2-19
2026-10-09 19:49:48,237 INFO o.a.j.t.JMeterThread: Thread is done: Searches (open model) 2-19
2026-10-09 19:49:48,237 INFO o.a.j.t.JMeterThread: Thread finished: Searches (open model) 2-19
2026-10-09 19:50:15,317 INFO o.a.j.t.JMeterThread: Thread started: Searches (open model) 2-20
2026-10-09 19:50:15,332 INFO o.a.j.t.JMeterThread: Thread is done: Searches (open model) 2-20
2026-10-09 19:50:15,332 INFO o.a.j.t.JMeterThread: Thread finished: Searches (open model) 2-20
2026-10-09 19:50:24,015 INFO o.a.j.t.JMeterThread: Thread started: Searches (open model) 2-21
2026-10-09 19:50:24,033 INFO o.a.j.t.JMeterThread: Thread is done: Searches (open model) 2-21
2026-10-09 19:50:24,033 INFO o.a.j.t.JMeterThread: Thread finished: Searches (open model) 2-21
2026-10-09 19:50:29,353 INFO o.a.j.t.JMeterThread: Thread started: Searches (open model) 2-22
2026-10-09 19:50:29,372 INFO o.a.j.t.JMeterThread: Thread is done: Searches (open model) 2-22
2026-10-09 19:50:29,372 INFO o.a.j.t.JMeterThread: Thread finished: Searches (open model) 2-22
2026-10-09 19:50:38,425 INFO o.a.j.t.JMeterThread: Thread started: Searches (open model) 2-23
2026-10-09 19:50:38,440 INFO o.a.j.t.JMeterThread: Thread is done: Searches (open model) 2-23
2026-10-09 19:50:38,440 INFO o.a.j.t.JMeterThread: Thread finished: Searches (open model) 2-23
2026-10-09 19:50:39,643 INFO o.a.j.t.JMeterThread: Thread started: Tickets (open model) 1-10
2026-10-09 19:50:41,497 INFO o.a.j.t.JMeterThread: Thread is done: Tickets (open model) 1-10
2026-10-09 19:50:41,498 INFO o.a.j.t.JMeterThread: Thread finished: Tickets (open model) 1-10
2026-10-09 19:50:58,525 INFO o.a.j.t.JMeterThread: Thread started: Tickets (open model) 1-11
2026-10-09 19:50:58,586 INFO o.a.j.t.JMeterThread: Thread started: Tickets (open model) 1-12
2026-10-09 19:51:01,912 INFO o.a.j.r.Summariser: summary +      9 in 00:01:31 =    0.1/s Avg:   885 Min:    12 Max:  3383 Err:     0 (0.00%) Active: 2 Started: 35 Finished: 33
2026-10-09 19:51:01,912 INFO o.a.j.r.Summariser: summary =     34 in 00:08:35 =    0.1/s Avg:   891 Min:    12 Max:  5620 Err:     0 (0.00%)
2026-10-09 19:51:01,913 INFO o.a.j.t.JMeterThread: Thread is done: Tickets (open model) 1-11
2026-10-09 19:51:01,913 INFO o.a.j.t.JMeterThread: Thread finished: Tickets (open model) 1-11
2026-10-09 19:51:02,687 INFO o.a.j.t.JMeterThread: Thread is done: Tickets (open model) 1-12
2026-10-09 19:51:02,687 INFO o.a.j.t.JMeterThread: Thread finished: Tickets (open model) 1-12
2026-10-09 19:51:11,588 INFO o.a.j.t.JMeterThread: Thread started: Searches (open model) 2-24
2026-10-09 19:51:11,602 INFO o.a.j.t.JMeterThread: Thread is done: Searches (open model) 2-24
2026-10-09 19:51:11,603 INFO o.a.j.t.JMeterThread: Thread finished: Searches (open model) 2-24
2026-10-09 19:51:23,344 INFO o.a.j.t.o.EvenArrivalsRamp: Generating 0 events, beginRate = 0.0 / sec, endRate = 0.0 / sec, duration = 60.0 sec
2026-10-09 19:51:23,344 INFO o.a.j.t.o.OpenModelThreadGroup: There will be no more events, so will wait for 123 sec till the end of the schedule
2026-10-09 19:51:23,344 INFO o.a.j.t.JMeterThread: Thread started: Tickets (open model) 1-13
2026-10-09 19:51:24,008 INFO o.a.j.t.JMeterThread: Thread is done: Tickets (open model) 1-13
2026-10-09 19:51:24,008 INFO o.a.j.t.JMeterThread: Thread finished: Tickets (open model) 1-13
2026-10-09 19:51:46,154 INFO o.a.j.t.JMeterThread: Thread started: Searches (open model) 2-25
2026-10-09 19:51:46,170 INFO o.a.j.t.JMeterThread: Thread is done: Searches (open model) 2-25
2026-10-09 19:51:46,170 INFO o.a.j.t.JMeterThread: Thread finished: Searches (open model) 2-25
2026-10-09 19:52:24,910 INFO o.a.j.t.o.EvenArrivalsRamp: Generating 0 events, beginRate = 0.0 / sec, endRate = 0.0 / sec, duration = 60.0 sec
2026-10-09 19:52:24,911 INFO o.a.j.t.o.OpenModelThreadGroup: There will be no more events, so will wait for 61 sec till the end of the schedule
2026-10-09 19:52:24,911 INFO o.a.j.t.JMeterThread: Thread started: Searches (open model) 2-26
2026-10-09 19:52:24,933 INFO o.a.j.t.JMeterThread: Thread is done: Searches (open model) 2-26
2026-10-09 19:52:24,933 INFO o.a.j.t.JMeterThread: Thread finished: Searches (open model) 2-26
2026-10-09 19:53:26,351 INFO o.a.j.t.o.OpenModelThreadGroup: There will be no more events, will shutdown the thread pool
2026-10-09 19:53:26,351 INFO o.a.j.t.o.OpenModelThreadGroup: Thread starting done
2026-10-09 19:53:26,358 INFO o.a.j.t.o.OpenModelThreadGroup: There will be no more events, will shutdown the thread pool
2026-10-09 19:53:26,358 INFO o.a.j.t.o.OpenModelThreadGroup: Thread starting done
2026-10-09 19:53:26,358 INFO o.a.j.e.StandardJMeterEngine: Notifying test listeners of end of test
2026-10-09 19:53:26,359 INFO o.a.j.s.FileServer: Close: data/team11/jmeter_search_terms.csv
2026-10-09 19:53:26,359 INFO o.a.j.s.FileServer: Close: data/team11/jmeter_tickets.csv
2026-10-09 19:53:26,361 INFO o.a.j.r.Summariser: summary +      5 in 00:02:24 =    0.0/s Avg:   961 Min:    14 Max:  4097 Err:     0 (0.00%) Active: 0 Started: 39 Finished: 39
2026-10-09 19:53:26,361 INFO o.a.j.r.Summariser: summary =     39 in 00:11:00 =    0.1/s Avg:   900 Min:    12 Max:  5620 Err:     0 (0.00%)
