2026-10-09 19:56:08,986 INFO o.a.j.u.JMeterUtils: Setting Locale to en_EN
2026-10-09 19:56:09,009 INFO o.a.j.JMeter: Loading user properties from: C:\jmeter\apache-jmeter-5.6.3\apache-jmeter-5.6.3\bin\user.properties
2026-10-09 19:56:09,010 INFO o.a.j.JMeter: Loading system properties from: C:\jmeter\apache-jmeter-5.6.3\apache-jmeter-5.6.3\bin\system.properties
2026-10-09 19:56:09,011 INFO o.a.j.JMeter: Setting JMeter property: host=192.168.88.6
2026-10-09 19:56:09,011 INFO o.a.j.JMeter: Setting JMeter property: tickets_per_hour=78.67
2026-10-09 19:56:09,011 INFO o.a.j.JMeter: Setting JMeter property: searches_per_hour=157.33
2026-10-09 19:56:09,011 INFO o.a.j.JMeter: Setting JMeter property: duration_min=10
2026-10-09 19:56:09,011 INFO o.a.j.JMeter: Setting JMeter property: drain_sec=60
2026-10-09 19:56:09,011 INFO o.a.j.JMeter: Setting JMeter property: sample_variables=row,request_id
2026-10-09 19:56:09,018 INFO o.a.j.JMeter: Copyright (c) 1998-2024 The Apache Software Foundation
2026-10-09 19:56:09,018 INFO o.a.j.JMeter: Version 5.6.3
2026-10-09 19:56:09,018 INFO o.a.j.JMeter: java.version=21.0.12
2026-10-09 19:56:09,019 INFO o.a.j.JMeter: java.vm.name=Java HotSpot(TM) 64-Bit Server VM
2026-10-09 19:56:09,019 INFO o.a.j.JMeter: os.name=Windows 11
2026-10-09 19:56:09,019 INFO o.a.j.JMeter: os.arch=amd64
2026-10-09 19:56:09,019 INFO o.a.j.JMeter: os.version=10.0
2026-10-09 19:56:09,019 INFO o.a.j.JMeter: file.encoding=UTF-8
2026-10-09 19:56:09,019 INFO o.a.j.JMeter: java.awt.headless=true
2026-10-09 19:56:09,019 INFO o.a.j.JMeter: Max memory     =1073741824
2026-10-09 19:56:09,019 INFO o.a.j.JMeter: Available Processors =8
2026-10-09 19:56:09,031 INFO o.a.j.JMeter: Default Locale=English (EN)
2026-10-09 19:56:09,031 INFO o.a.j.JMeter: JMeter  Locale=English (EN)
2026-10-09 19:56:09,032 INFO o.a.j.JMeter: JMeterHome=C:\jmeter\apache-jmeter-5.6.3\apache-jmeter-5.6.3
2026-10-09 19:56:09,032 INFO o.a.j.JMeter: user.dir  =C:\Users\whjw1\OneDrive\Documents\GitHub\ICT3113-PTO-Project
2026-10-09 19:56:09,032 INFO o.a.j.JMeter: PWD       =C:\Users\whjw1\OneDrive\Documents\GitHub\ICT3113-PTO-Project
2026-10-09 19:56:09,036 INFO o.a.j.JMeter: IP: 192.168.88.8 Name: w-laptop FullName: w-laptop
2026-10-09 19:56:09,046 INFO o.a.j.s.FileServer: Default base='C:\Users\whjw1\OneDrive\Documents\GitHub\ICT3113-PTO-Project'
2026-10-09 19:56:09,049 INFO o.a.j.s.FileServer: Set new base='C:\Users\whjw1\OneDrive\Documents\GitHub\ICT3113-PTO-Project'
2026-10-09 19:56:09,213 INFO o.a.j.s.SaveService: Testplan (JMX) version: 2.2. Testlog (JTL) version: 2.2
2026-10-09 19:56:09,244 INFO o.a.j.s.SaveService: Using SaveService properties version 5.0
2026-10-09 19:56:09,246 INFO o.a.j.s.SaveService: Using SaveService properties file encoding UTF-8
2026-10-09 19:56:09,248 INFO o.a.j.s.SaveService: Loading file: ticket-load-test.jmx
2026-10-09 19:56:09,315 INFO o.a.j.p.h.s.HTTPSamplerBase: Parser for text/html is org.apache.jmeter.protocol.http.parser.LagartoBasedHtmlParser
2026-10-09 19:56:09,315 INFO o.a.j.p.h.s.HTTPSamplerBase: Parser for application/xhtml+xml is org.apache.jmeter.protocol.http.parser.LagartoBasedHtmlParser
2026-10-09 19:56:09,315 INFO o.a.j.p.h.s.HTTPSamplerBase: Parser for application/xml is org.apache.jmeter.protocol.http.parser.LagartoBasedHtmlParser
2026-10-09 19:56:09,315 INFO o.a.j.p.h.s.HTTPSamplerBase: Parser for text/xml is org.apache.jmeter.protocol.http.parser.LagartoBasedHtmlParser
2026-10-09 19:56:09,316 INFO o.a.j.p.h.s.HTTPSamplerBase: Parser for text/vnd.wap.wml is org.apache.jmeter.protocol.http.parser.RegexpHTMLParser
2026-10-09 19:56:09,316 INFO o.a.j.p.h.s.HTTPSamplerBase: Parser for text/css is org.apache.jmeter.protocol.http.parser.CssParser
2026-10-09 19:56:09,332 INFO o.a.j.JMeter: Creating summariser <summary>
2026-10-09 19:56:09,354 INFO o.a.j.e.StandardJMeterEngine: Running the test!
2026-10-09 19:56:09,354 INFO o.a.j.s.SampleEvent: List of sample_variables: [row, request_id]
2026-10-09 19:56:09,354 INFO o.a.j.s.SampleEvent: List of sample_variables: [row, request_id]
2026-10-09 19:56:09,357 INFO o.a.j.e.u.CompoundVariable: Note: Function class names must contain the string: '.functions.'
2026-10-09 19:56:09,357 INFO o.a.j.e.u.CompoundVariable: Note: Function class names must not contain the string: '.gui.'
2026-10-09 19:56:09,521 INFO o.a.j.JMeter: Running test (1791546969521)
2026-10-09 19:56:09,522 INFO o.a.j.e.StandardJMeterEngine: Starting setUp thread groups
2026-10-09 19:56:09,522 INFO o.a.j.e.StandardJMeterEngine: Starting setUp ThreadGroup: 1 : Require host property 
2026-10-09 19:56:09,522 INFO o.a.j.e.StandardJMeterEngine: Starting 1 threads for group Require host property.
2026-10-09 19:56:09,522 INFO o.a.j.e.StandardJMeterEngine: Test will stop abruptly on error
2026-10-09 19:56:09,522 INFO o.a.j.t.ThreadGroup: Starting thread group... number=1 threads=1 ramp-up=0 delayedStart=false
2026-10-09 19:56:09,527 INFO o.a.j.t.ThreadGroup: Started thread group number 1
2026-10-09 19:56:09,527 INFO o.a.j.e.StandardJMeterEngine: Waiting for all setup thread groups to exit
2026-10-09 19:56:09,529 INFO o.a.j.t.JMeterThread: Thread started: Require host property 1-1
2026-10-09 19:56:09,531 INFO o.a.j.s.SampleResult: Note: Sample TimeStamps are START times
2026-10-09 19:56:09,531 INFO o.a.j.s.SampleResult: sampleresult.default.encoding is set to UTF-8
2026-10-09 19:56:09,531 INFO o.a.j.s.SampleResult: sampleresult.useNanoTime=true
2026-10-09 19:56:09,531 INFO o.a.j.s.SampleResult: sampleresult.nanoThreadSleep=5000
2026-10-09 19:56:09,540 INFO o.a.j.t.JMeterThread: Thread is done: Require host property 1-1
2026-10-09 19:56:09,541 INFO o.a.j.t.JMeterThread: Thread finished: Require host property 1-1
2026-10-09 19:56:09,541 INFO o.a.j.e.StandardJMeterEngine: All Setup Threads have ended
2026-10-09 19:56:09,553 INFO o.a.j.e.StandardJMeterEngine: Starting ThreadGroup: 1 : Tickets (open model)
2026-10-09 19:56:09,554 INFO o.a.j.e.StandardJMeterEngine: Starting 0 threads for group Tickets (open model).
2026-10-09 19:56:09,554 INFO o.a.j.e.StandardJMeterEngine: Thread will continue on error
2026-10-09 19:56:09,554 INFO o.a.j.t.o.OpenModelThreadGroup: Starting OpenModelThreadGroup#1 with schedule rate(78.67/hour) random_arrivals(10 min) pause(60 sec)
2026-10-09 19:56:09,582 INFO o.a.j.e.StandardJMeterEngine: Starting ThreadGroup: 2 : Searches (open model)
2026-10-09 19:56:09,582 INFO o.a.j.e.StandardJMeterEngine: Starting 0 threads for group Searches (open model).
2026-10-09 19:56:09,582 INFO o.a.j.e.StandardJMeterEngine: Thread will continue on error
2026-10-09 19:56:09,582 INFO o.a.j.t.o.OpenModelThreadGroup: Starting OpenModelThreadGroup#2 with schedule rate(157.33/hour) random_arrivals(10 min) pause(60 sec)
2026-10-09 19:56:09,582 INFO o.a.j.t.o.OpenModelThreadGroup: Thread starting init
2026-10-09 19:56:09,583 INFO o.a.j.e.StandardJMeterEngine: All thread groups have been started
2026-10-09 19:56:09,583 INFO o.a.j.t.o.OpenModelThreadGroup: Thread starting init
2026-10-09 19:56:09,586 INFO o.a.j.t.o.PoissonArrivalsRamp: Generating 13 events, beginRate = 0.021852777777777777 / sec, endRate = 0.021852777777777777 / sec, duration = 600.0 sec
2026-10-09 19:56:09,586 INFO o.a.j.t.o.PoissonArrivalsRamp: Generating 26 events, beginRate = 0.04370277777777778 / sec, endRate = 0.04370277777777778 / sec, duration = 600.0 sec
2026-10-09 19:56:13,887 INFO o.a.j.t.JMeterThread: Thread started: Tickets (open model) 1-1
2026-10-09 19:56:13,888 INFO o.a.j.s.FileServer: Stored: data/team11/jmeter_tickets.csv
2026-10-09 19:56:13,919 INFO o.a.j.p.h.s.HTTPHCAbstractImpl: Local host = w-laptop
2026-10-09 19:56:13,924 INFO o.a.j.p.h.s.HTTPHC4Impl: HTTP request retry count = 0
2026-10-09 19:56:15,200 INFO o.a.j.t.JMeterThread: Thread is done: Tickets (open model) 1-1
2026-10-09 19:56:15,200 INFO o.a.j.t.JMeterThread: Thread finished: Tickets (open model) 1-1
2026-10-09 19:56:31,927 INFO o.a.j.t.JMeterThread: Thread started: Tickets (open model) 1-2
2026-10-09 19:56:33,749 INFO o.a.j.t.JMeterThread: Thread started: Tickets (open model) 1-3
2026-10-09 19:56:37,526 INFO o.a.j.t.JMeterThread: Thread is done: Tickets (open model) 1-2
2026-10-09 19:56:37,526 INFO o.a.j.t.JMeterThread: Thread finished: Tickets (open model) 1-2
2026-10-09 19:56:38,165 INFO o.a.j.t.JMeterThread: Thread is done: Tickets (open model) 1-3
2026-10-09 19:56:38,165 INFO o.a.j.t.JMeterThread: Thread finished: Tickets (open model) 1-3
2026-10-09 19:56:50,860 INFO o.a.j.t.JMeterThread: Thread started: Searches (open model) 2-1
2026-10-09 19:56:50,861 INFO o.a.j.s.FileServer: Stored: data/team11/jmeter_search_terms.csv
2026-10-09 19:56:50,900 INFO o.a.j.t.JMeterThread: Thread is done: Searches (open model) 2-1
2026-10-09 19:56:50,900 INFO o.a.j.t.JMeterThread: Thread finished: Searches (open model) 2-1
2026-10-09 19:56:52,032 INFO o.a.j.t.JMeterThread: Thread started: Searches (open model) 2-2
2026-10-09 19:56:52,049 INFO o.a.j.t.JMeterThread: Thread is done: Searches (open model) 2-2
2026-10-09 19:56:52,049 INFO o.a.j.t.JMeterThread: Thread finished: Searches (open model) 2-2
2026-10-09 19:56:55,923 INFO o.a.j.t.JMeterThread: Thread started: Searches (open model) 2-3
2026-10-09 19:56:55,941 INFO o.a.j.t.JMeterThread: Thread is done: Searches (open model) 2-3
2026-10-09 19:56:55,941 INFO o.a.j.t.JMeterThread: Thread finished: Searches (open model) 2-3
2026-10-09 19:57:16,831 INFO o.a.j.t.JMeterThread: Thread started: Searches (open model) 2-4
2026-10-09 19:57:16,849 INFO o.a.j.t.JMeterThread: Thread is done: Searches (open model) 2-4
2026-10-09 19:57:16,849 INFO o.a.j.t.JMeterThread: Thread finished: Searches (open model) 2-4
2026-10-09 19:57:24,713 INFO o.a.j.t.JMeterThread: Thread started: Searches (open model) 2-5
2026-10-09 19:57:24,731 INFO o.a.j.t.JMeterThread: Thread is done: Searches (open model) 2-5
2026-10-09 19:57:24,731 INFO o.a.j.t.JMeterThread: Thread finished: Searches (open model) 2-5
2026-10-09 19:57:38,305 INFO o.a.j.t.JMeterThread: Thread started: Searches (open model) 2-6
2026-10-09 19:57:38,324 INFO o.a.j.t.JMeterThread: Thread is done: Searches (open model) 2-6
2026-10-09 19:57:38,324 INFO o.a.j.t.JMeterThread: Thread finished: Searches (open model) 2-6
2026-10-09 19:57:59,729 INFO o.a.j.t.JMeterThread: Thread started: Searches (open model) 2-7
2026-10-09 19:57:59,746 INFO o.a.j.t.JMeterThread: Thread is done: Searches (open model) 2-7
2026-10-09 19:57:59,746 INFO o.a.j.t.JMeterThread: Thread finished: Searches (open model) 2-7
2026-10-09 19:58:17,878 INFO o.a.j.t.JMeterThread: Thread started: Searches (open model) 2-8
2026-10-09 19:58:17,898 INFO o.a.j.t.JMeterThread: Thread is done: Searches (open model) 2-8
2026-10-09 19:58:17,899 INFO o.a.j.t.JMeterThread: Thread finished: Searches (open model) 2-8
2026-10-09 19:58:27,685 INFO o.a.j.t.JMeterThread: Thread started: Searches (open model) 2-9
2026-10-09 19:58:27,701 INFO o.a.j.t.JMeterThread: Thread is done: Searches (open model) 2-9
2026-10-09 19:58:27,701 INFO o.a.j.t.JMeterThread: Thread finished: Searches (open model) 2-9
2026-10-09 19:58:36,904 INFO o.a.j.t.JMeterThread: Thread started: Tickets (open model) 1-4
2026-10-09 19:58:37,725 INFO o.a.j.t.JMeterThread: Thread is done: Tickets (open model) 1-4
2026-10-09 19:58:37,725 INFO o.a.j.t.JMeterThread: Thread finished: Tickets (open model) 1-4
2026-10-09 19:58:40,090 INFO o.a.j.t.JMeterThread: Thread started: Tickets (open model) 1-5
2026-10-09 19:58:41,420 INFO o.a.j.t.JMeterThread: Thread is done: Tickets (open model) 1-5
2026-10-09 19:58:41,420 INFO o.a.j.t.JMeterThread: Thread finished: Tickets (open model) 1-5
2026-10-09 19:59:01,563 INFO o.a.j.t.JMeterThread: Thread started: Tickets (open model) 1-6
2026-10-09 19:59:02,772 INFO o.a.j.r.Summariser: summary +     15 in 00:02:53 =    0.1/s Avg:   981 Min:    14 Max:  5595 Err:     0 (0.00%) Active: 1 Started: 15 Finished: 14
2026-10-09 19:59:02,772 INFO o.a.j.t.JMeterThread: Thread is done: Tickets (open model) 1-6
2026-10-09 19:59:02,772 INFO o.a.j.t.JMeterThread: Thread finished: Tickets (open model) 1-6
2026-10-09 19:59:42,015 INFO o.a.j.t.JMeterThread: Thread started: Searches (open model) 2-10
2026-10-09 19:59:42,031 INFO o.a.j.t.JMeterThread: Thread is done: Searches (open model) 2-10
2026-10-09 19:59:42,032 INFO o.a.j.t.JMeterThread: Thread finished: Searches (open model) 2-10
2026-10-09 19:59:54,102 INFO o.a.j.t.JMeterThread: Thread started: Searches (open model) 2-11
2026-10-09 19:59:54,124 INFO o.a.j.t.JMeterThread: Thread is done: Searches (open model) 2-11
2026-10-09 19:59:54,125 INFO o.a.j.t.JMeterThread: Thread finished: Searches (open model) 2-11
2026-10-09 19:59:58,010 INFO o.a.j.t.JMeterThread: Thread started: Searches (open model) 2-12
2026-10-09 19:59:58,027 INFO o.a.j.t.JMeterThread: Thread is done: Searches (open model) 2-12
2026-10-09 19:59:58,027 INFO o.a.j.t.JMeterThread: Thread finished: Searches (open model) 2-12
2026-10-09 20:00:12,397 INFO o.a.j.t.JMeterThread: Thread started: Searches (open model) 2-13
2026-10-09 20:00:12,415 INFO o.a.j.t.JMeterThread: Thread is done: Searches (open model) 2-13
2026-10-09 20:00:12,415 INFO o.a.j.t.JMeterThread: Thread finished: Searches (open model) 2-13
2026-10-09 20:00:47,969 INFO o.a.j.t.JMeterThread: Thread started: Tickets (open model) 1-7
2026-10-09 20:00:51,850 INFO o.a.j.t.JMeterThread: Thread is done: Tickets (open model) 1-7
2026-10-09 20:00:51,850 INFO o.a.j.t.JMeterThread: Thread finished: Tickets (open model) 1-7
2026-10-09 20:00:55,435 INFO o.a.j.t.JMeterThread: Thread started: Tickets (open model) 1-8
2026-10-09 20:00:58,152 INFO o.a.j.t.JMeterThread: Thread is done: Tickets (open model) 1-8
2026-10-09 20:00:58,152 INFO o.a.j.t.JMeterThread: Thread finished: Tickets (open model) 1-8
2026-10-09 20:01:35,278 INFO o.a.j.t.JMeterThread: Thread started: Tickets (open model) 1-9
2026-10-09 20:01:37,905 INFO o.a.j.t.JMeterThread: Thread is done: Tickets (open model) 1-9
2026-10-09 20:01:37,905 INFO o.a.j.t.JMeterThread: Thread finished: Tickets (open model) 1-9
2026-10-09 20:01:42,770 INFO o.a.j.t.JMeterThread: Thread started: Searches (open model) 2-14
2026-10-09 20:01:42,790 INFO o.a.j.t.JMeterThread: Thread is done: Searches (open model) 2-14
2026-10-09 20:01:42,790 INFO o.a.j.t.JMeterThread: Thread finished: Searches (open model) 2-14
2026-10-09 20:01:45,941 INFO o.a.j.t.JMeterThread: Thread started: Searches (open model) 2-15
2026-10-09 20:01:45,961 INFO o.a.j.t.JMeterThread: Thread is done: Searches (open model) 2-15
2026-10-09 20:01:45,962 INFO o.a.j.t.JMeterThread: Thread finished: Searches (open model) 2-15
2026-10-09 20:02:44,778 INFO o.a.j.t.JMeterThread: Thread started: Searches (open model) 2-16
2026-10-09 20:02:44,795 INFO o.a.j.t.JMeterThread: Thread is done: Searches (open model) 2-16
2026-10-09 20:02:44,795 INFO o.a.j.t.JMeterThread: Thread finished: Searches (open model) 2-16
2026-10-09 20:03:59,234 INFO o.a.j.t.JMeterThread: Thread started: Tickets (open model) 1-10
2026-10-09 20:03:59,801 INFO o.a.j.t.JMeterThread: Thread started: Tickets (open model) 1-11
2026-10-09 20:04:01,085 INFO o.a.j.r.Summariser: summary +     11 in 00:04:58 =    0.0/s Avg:  1016 Min:    14 Max:  3877 Err:     0 (0.00%) Active: 2 Started: 27 Finished: 25
2026-10-09 20:04:01,085 INFO o.a.j.r.Summariser: summary =     26 in 00:07:52 =    0.1/s Avg:   996 Min:    14 Max:  5595 Err:     0 (0.00%)
2026-10-09 20:04:01,086 INFO o.a.j.t.JMeterThread: Thread is done: Tickets (open model) 1-10
2026-10-09 20:04:01,086 INFO o.a.j.t.JMeterThread: Thread finished: Tickets (open model) 1-10
2026-10-09 20:04:04,461 INFO o.a.j.t.JMeterThread: Thread is done: Tickets (open model) 1-11
2026-10-09 20:04:04,462 INFO o.a.j.t.JMeterThread: Thread finished: Tickets (open model) 1-11
2026-10-09 20:04:10,620 INFO o.a.j.t.JMeterThread: Thread started: Tickets (open model) 1-12
2026-10-09 20:04:11,430 INFO o.a.j.t.JMeterThread: Thread is done: Tickets (open model) 1-12
2026-10-09 20:04:11,430 INFO o.a.j.t.JMeterThread: Thread finished: Tickets (open model) 1-12
2026-10-09 20:04:20,018 INFO o.a.j.t.JMeterThread: Thread started: Searches (open model) 2-17
2026-10-09 20:04:20,044 INFO o.a.j.t.JMeterThread: Thread is done: Searches (open model) 2-17
2026-10-09 20:04:20,044 INFO o.a.j.t.JMeterThread: Thread finished: Searches (open model) 2-17
2026-10-09 20:04:23,982 INFO o.a.j.t.JMeterThread: Thread started: Searches (open model) 2-18
2026-10-09 20:04:24,001 INFO o.a.j.t.JMeterThread: Thread is done: Searches (open model) 2-18
2026-10-09 20:04:24,001 INFO o.a.j.t.JMeterThread: Thread finished: Searches (open model) 2-18
2026-10-09 20:04:46,348 INFO o.a.j.t.o.EvenArrivalsRamp: Generating 0 events, beginRate = 0.0 / sec, endRate = 0.0 / sec, duration = 60.0 sec
2026-10-09 20:04:46,348 INFO o.a.j.t.JMeterThread: Thread started: Tickets (open model) 1-13
2026-10-09 20:04:46,348 INFO o.a.j.t.o.OpenModelThreadGroup: There will be no more events, so will wait for 143 sec till the end of the schedule
2026-10-09 20:04:47,006 INFO o.a.j.t.JMeterThread: Thread is done: Tickets (open model) 1-13
2026-10-09 20:04:47,006 INFO o.a.j.t.JMeterThread: Thread finished: Tickets (open model) 1-13
2026-10-09 20:04:48,114 INFO o.a.j.t.JMeterThread: Thread started: Searches (open model) 2-19
2026-10-09 20:04:48,135 INFO o.a.j.t.JMeterThread: Thread is done: Searches (open model) 2-19
2026-10-09 20:04:48,135 INFO o.a.j.t.JMeterThread: Thread finished: Searches (open model) 2-19
2026-10-09 20:04:55,992 INFO o.a.j.t.JMeterThread: Thread started: Searches (open model) 2-20
2026-10-09 20:04:56,009 INFO o.a.j.t.JMeterThread: Thread is done: Searches (open model) 2-20
2026-10-09 20:04:56,010 INFO o.a.j.t.JMeterThread: Thread finished: Searches (open model) 2-20
2026-10-09 20:04:56,505 INFO o.a.j.t.JMeterThread: Thread started: Searches (open model) 2-21
2026-10-09 20:04:56,521 INFO o.a.j.t.JMeterThread: Thread is done: Searches (open model) 2-21
2026-10-09 20:04:56,521 INFO o.a.j.t.JMeterThread: Thread finished: Searches (open model) 2-21
2026-10-09 20:04:57,532 INFO o.a.j.t.JMeterThread: Thread started: Searches (open model) 2-22
2026-10-09 20:04:57,549 INFO o.a.j.t.JMeterThread: Thread is done: Searches (open model) 2-22
2026-10-09 20:04:57,550 INFO o.a.j.t.JMeterThread: Thread finished: Searches (open model) 2-22
2026-10-09 20:05:08,502 INFO o.a.j.t.JMeterThread: Thread started: Searches (open model) 2-23
2026-10-09 20:05:08,522 INFO o.a.j.t.JMeterThread: Thread is done: Searches (open model) 2-23
2026-10-09 20:05:08,522 INFO o.a.j.t.JMeterThread: Thread finished: Searches (open model) 2-23
2026-10-09 20:05:14,455 INFO o.a.j.t.JMeterThread: Thread started: Searches (open model) 2-24
2026-10-09 20:05:14,479 INFO o.a.j.t.JMeterThread: Thread is done: Searches (open model) 2-24
2026-10-09 20:05:14,479 INFO o.a.j.t.JMeterThread: Thread finished: Searches (open model) 2-24
2026-10-09 20:05:19,590 INFO o.a.j.t.JMeterThread: Thread started: Searches (open model) 2-25
2026-10-09 20:05:19,610 INFO o.a.j.t.JMeterThread: Thread is done: Searches (open model) 2-25
2026-10-09 20:05:19,610 INFO o.a.j.t.JMeterThread: Thread finished: Searches (open model) 2-25
2026-10-09 20:06:00,470 INFO o.a.j.t.o.EvenArrivalsRamp: Generating 0 events, beginRate = 0.0 / sec, endRate = 0.0 / sec, duration = 60.0 sec
2026-10-09 20:06:00,471 INFO o.a.j.t.o.OpenModelThreadGroup: There will be no more events, so will wait for 68 sec till the end of the schedule
2026-10-09 20:06:00,471 INFO o.a.j.t.JMeterThread: Thread started: Searches (open model) 2-26
2026-10-09 20:06:00,489 INFO o.a.j.r.Summariser: summary +     13 in 00:01:59 =    0.1/s Avg:   484 Min:    15 Max:  4656 Err:     0 (0.00%) Active: 1 Started: 39 Finished: 38
2026-10-09 20:06:00,489 INFO o.a.j.r.Summariser: summary =     39 in 00:09:51 =    0.1/s Avg:   825 Min:    14 Max:  5595 Err:     0 (0.00%)
2026-10-09 20:06:00,489 INFO o.a.j.t.JMeterThread: Thread is done: Searches (open model) 2-26
2026-10-09 20:06:00,490 INFO o.a.j.t.JMeterThread: Thread finished: Searches (open model) 2-26
2026-10-09 20:07:09,343 INFO o.a.j.t.o.OpenModelThreadGroup: There will be no more events, will shutdown the thread pool
2026-10-09 20:07:09,344 INFO o.a.j.t.o.OpenModelThreadGroup: Thread starting done
2026-10-09 20:07:09,350 INFO o.a.j.t.o.OpenModelThreadGroup: There will be no more events, will shutdown the thread pool
2026-10-09 20:07:09,350 INFO o.a.j.t.o.OpenModelThreadGroup: Thread starting done
2026-10-09 20:07:09,350 INFO o.a.j.e.StandardJMeterEngine: Notifying test listeners of end of test
2026-10-09 20:07:09,350 INFO o.a.j.s.FileServer: Close: data/team11/jmeter_search_terms.csv
2026-10-09 20:07:09,350 INFO o.a.j.s.FileServer: Close: data/team11/jmeter_tickets.csv
2026-10-09 20:07:09,351 INFO o.a.j.r.Summariser: summary =     39 in 00:11:00 =    0.1/s Avg:   825 Min:    14 Max:  5595 Err:     0 (0.00%)
