2026-10-09 19:17:12,021 INFO o.a.j.u.JMeterUtils: Setting Locale to en_EN
2026-10-09 19:17:12,054 INFO o.a.j.JMeter: Loading user properties from: C:\jmeter\apache-jmeter-5.6.3\apache-jmeter-5.6.3\bin\user.properties
2026-10-09 19:17:12,055 INFO o.a.j.JMeter: Loading system properties from: C:\jmeter\apache-jmeter-5.6.3\apache-jmeter-5.6.3\bin\system.properties
2026-10-09 19:17:12,055 INFO o.a.j.JMeter: Setting JMeter property: host=192.168.88.6
2026-10-09 19:17:12,055 INFO o.a.j.JMeter: Setting JMeter property: tickets_per_hour=160
2026-10-09 19:17:12,055 INFO o.a.j.JMeter: Setting JMeter property: searches_per_hour=320
2026-10-09 19:17:12,058 INFO o.a.j.JMeter: Setting JMeter property: duration_min=10
2026-10-09 19:17:12,058 INFO o.a.j.JMeter: Setting JMeter property: drain_sec=60
2026-10-09 19:17:12,058 INFO o.a.j.JMeter: Setting JMeter property: sample_variables=row,request_id
2026-10-09 19:17:12,069 INFO o.a.j.JMeter: Copyright (c) 1998-2024 The Apache Software Foundation
2026-10-09 19:17:12,069 INFO o.a.j.JMeter: Version 5.6.3
2026-10-09 19:17:12,069 INFO o.a.j.JMeter: java.version=21.0.12
2026-10-09 19:17:12,070 INFO o.a.j.JMeter: java.vm.name=Java HotSpot(TM) 64-Bit Server VM
2026-10-09 19:17:12,070 INFO o.a.j.JMeter: os.name=Windows 11
2026-10-09 19:17:12,070 INFO o.a.j.JMeter: os.arch=amd64
2026-10-09 19:17:12,070 INFO o.a.j.JMeter: os.version=10.0
2026-10-09 19:17:12,070 INFO o.a.j.JMeter: file.encoding=UTF-8
2026-10-09 19:17:12,070 INFO o.a.j.JMeter: java.awt.headless=true
2026-10-09 19:17:12,070 INFO o.a.j.JMeter: Max memory     =1073741824
2026-10-09 19:17:12,070 INFO o.a.j.JMeter: Available Processors =8
2026-10-09 19:17:12,084 INFO o.a.j.JMeter: Default Locale=English (EN)
2026-10-09 19:17:12,084 INFO o.a.j.JMeter: JMeter  Locale=English (EN)
2026-10-09 19:17:12,085 INFO o.a.j.JMeter: JMeterHome=C:\jmeter\apache-jmeter-5.6.3\apache-jmeter-5.6.3
2026-10-09 19:17:12,085 INFO o.a.j.JMeter: user.dir  =C:\Users\whjw1\OneDrive\Documents\GitHub\ICT3113-PTO-Project
2026-10-09 19:17:12,086 INFO o.a.j.JMeter: PWD       =C:\Users\whjw1\OneDrive\Documents\GitHub\ICT3113-PTO-Project
2026-10-09 19:17:12,092 INFO o.a.j.JMeter: IP: 192.168.88.8 Name: w-laptop FullName: w-laptop
2026-10-09 19:17:12,108 INFO o.a.j.s.FileServer: Default base='C:\Users\whjw1\OneDrive\Documents\GitHub\ICT3113-PTO-Project'
2026-10-09 19:17:12,110 INFO o.a.j.s.FileServer: Set new base='C:\Users\whjw1\OneDrive\Documents\GitHub\ICT3113-PTO-Project'
2026-10-09 19:17:12,330 INFO o.a.j.s.SaveService: Testplan (JMX) version: 2.2. Testlog (JTL) version: 2.2
2026-10-09 19:17:12,359 INFO o.a.j.s.SaveService: Using SaveService properties version 5.0
2026-10-09 19:17:12,362 INFO o.a.j.s.SaveService: Using SaveService properties file encoding UTF-8
2026-10-09 19:17:12,364 INFO o.a.j.s.SaveService: Loading file: ticket-load-test.jmx
2026-10-09 19:17:12,450 INFO o.a.j.p.h.s.HTTPSamplerBase: Parser for text/html is org.apache.jmeter.protocol.http.parser.LagartoBasedHtmlParser
2026-10-09 19:17:12,450 INFO o.a.j.p.h.s.HTTPSamplerBase: Parser for application/xhtml+xml is org.apache.jmeter.protocol.http.parser.LagartoBasedHtmlParser
2026-10-09 19:17:12,450 INFO o.a.j.p.h.s.HTTPSamplerBase: Parser for application/xml is org.apache.jmeter.protocol.http.parser.LagartoBasedHtmlParser
2026-10-09 19:17:12,450 INFO o.a.j.p.h.s.HTTPSamplerBase: Parser for text/xml is org.apache.jmeter.protocol.http.parser.LagartoBasedHtmlParser
2026-10-09 19:17:12,450 INFO o.a.j.p.h.s.HTTPSamplerBase: Parser for text/vnd.wap.wml is org.apache.jmeter.protocol.http.parser.RegexpHTMLParser
2026-10-09 19:17:12,450 INFO o.a.j.p.h.s.HTTPSamplerBase: Parser for text/css is org.apache.jmeter.protocol.http.parser.CssParser
2026-10-09 19:17:12,474 INFO o.a.j.JMeter: Creating summariser <summary>
2026-10-09 19:17:12,494 INFO o.a.j.e.StandardJMeterEngine: Running the test!
2026-10-09 19:17:12,495 INFO o.a.j.s.SampleEvent: List of sample_variables: [row, request_id]
2026-10-09 19:17:12,495 INFO o.a.j.s.SampleEvent: List of sample_variables: [row, request_id]
2026-10-09 19:17:12,500 INFO o.a.j.e.u.CompoundVariable: Note: Function class names must contain the string: '.functions.'
2026-10-09 19:17:12,501 INFO o.a.j.e.u.CompoundVariable: Note: Function class names must not contain the string: '.gui.'
2026-10-09 19:17:12,614 INFO o.a.j.JMeter: Running test (1791544632614)
2026-10-09 19:17:12,615 INFO o.a.j.e.StandardJMeterEngine: Starting setUp thread groups
2026-10-09 19:17:12,617 INFO o.a.j.e.StandardJMeterEngine: Starting setUp ThreadGroup: 1 : Require host property 
2026-10-09 19:17:12,617 INFO o.a.j.e.StandardJMeterEngine: Starting 1 threads for group Require host property.
2026-10-09 19:17:12,617 INFO o.a.j.e.StandardJMeterEngine: Test will stop abruptly on error
2026-10-09 19:17:12,617 INFO o.a.j.t.ThreadGroup: Starting thread group... number=1 threads=1 ramp-up=0 delayedStart=false
2026-10-09 19:17:12,621 INFO o.a.j.t.ThreadGroup: Started thread group number 1
2026-10-09 19:17:12,621 INFO o.a.j.e.StandardJMeterEngine: Waiting for all setup thread groups to exit
2026-10-09 19:17:12,623 INFO o.a.j.t.JMeterThread: Thread started: Require host property 1-1
2026-10-09 19:17:12,626 INFO o.a.j.s.SampleResult: Note: Sample TimeStamps are START times
2026-10-09 19:17:12,626 INFO o.a.j.s.SampleResult: sampleresult.default.encoding is set to UTF-8
2026-10-09 19:17:12,626 INFO o.a.j.s.SampleResult: sampleresult.useNanoTime=true
2026-10-09 19:17:12,626 INFO o.a.j.s.SampleResult: sampleresult.nanoThreadSleep=5000
2026-10-09 19:17:12,636 INFO o.a.j.t.JMeterThread: Thread is done: Require host property 1-1
2026-10-09 19:17:12,636 INFO o.a.j.t.JMeterThread: Thread finished: Require host property 1-1
2026-10-09 19:17:12,636 INFO o.a.j.e.StandardJMeterEngine: All Setup Threads have ended
2026-10-09 19:17:12,652 INFO o.a.j.e.StandardJMeterEngine: Starting ThreadGroup: 1 : Tickets (open model)
2026-10-09 19:17:12,652 INFO o.a.j.e.StandardJMeterEngine: Starting 0 threads for group Tickets (open model).
2026-10-09 19:17:12,652 INFO o.a.j.e.StandardJMeterEngine: Thread will continue on error
2026-10-09 19:17:12,652 INFO o.a.j.t.o.OpenModelThreadGroup: Starting OpenModelThreadGroup#1 with schedule rate(160/hour) random_arrivals(10 min) pause(60 sec)
2026-10-09 19:17:12,689 INFO o.a.j.e.StandardJMeterEngine: Starting ThreadGroup: 2 : Searches (open model)
2026-10-09 19:17:12,689 INFO o.a.j.e.StandardJMeterEngine: Starting 0 threads for group Searches (open model).
2026-10-09 19:17:12,689 INFO o.a.j.e.StandardJMeterEngine: Thread will continue on error
2026-10-09 19:17:12,689 INFO o.a.j.t.o.OpenModelThreadGroup: Starting OpenModelThreadGroup#2 with schedule rate(320/hour) random_arrivals(10 min) pause(60 sec)
2026-10-09 19:17:12,689 INFO o.a.j.t.o.OpenModelThreadGroup: Thread starting init
2026-10-09 19:17:12,689 INFO o.a.j.e.StandardJMeterEngine: All thread groups have been started
2026-10-09 19:17:12,690 INFO o.a.j.t.o.OpenModelThreadGroup: Thread starting init
2026-10-09 19:17:12,692 INFO o.a.j.t.o.PoissonArrivalsRamp: Generating 26 events, beginRate = 0.044444444444444446 / sec, endRate = 0.044444444444444446 / sec, duration = 600.0 sec
2026-10-09 19:17:12,692 INFO o.a.j.t.o.PoissonArrivalsRamp: Generating 53 events, beginRate = 0.08888888888888889 / sec, endRate = 0.08888888888888889 / sec, duration = 600.0 sec
2026-10-09 19:17:22,693 INFO o.a.j.t.JMeterThread: Thread started: Tickets (open model) 1-1
2026-10-09 19:17:22,694 INFO o.a.j.s.FileServer: Stored: data/team11/jmeter_tickets.csv
2026-10-09 19:17:22,733 INFO o.a.j.p.h.s.HTTPHCAbstractImpl: Local host = w-laptop
2026-10-09 19:17:22,740 INFO o.a.j.p.h.s.HTTPHC4Impl: HTTP request retry count = 0
2026-10-09 19:17:24,130 INFO o.a.j.t.JMeterThread: Thread is done: Tickets (open model) 1-1
2026-10-09 19:17:24,130 INFO o.a.j.t.JMeterThread: Thread finished: Tickets (open model) 1-1
2026-10-09 19:17:27,097 INFO o.a.j.t.JMeterThread: Thread started: Tickets (open model) 1-2
2026-10-09 19:17:27,779 INFO o.a.j.t.JMeterThread: Thread started: Searches (open model) 2-1
2026-10-09 19:17:27,780 INFO o.a.j.s.FileServer: Stored: data/team11/jmeter_search_terms.csv
2026-10-09 19:17:27,832 INFO o.a.j.t.JMeterThread: Thread is done: Searches (open model) 2-1
2026-10-09 19:17:27,833 INFO o.a.j.t.JMeterThread: Thread finished: Searches (open model) 2-1
2026-10-09 19:17:32,477 INFO o.a.j.t.JMeterThread: Thread started: Searches (open model) 2-2
2026-10-09 19:17:32,507 INFO o.a.j.r.Summariser: summary +      3 in 00:00:20 =    0.2/s Avg:   456 Min:    24 Max:  1320 Err:     0 (0.00%) Active: 2 Started: 4 Finished: 2
2026-10-09 19:17:32,508 INFO o.a.j.t.JMeterThread: Thread is done: Searches (open model) 2-2
2026-10-09 19:17:32,508 INFO o.a.j.t.JMeterThread: Thread finished: Searches (open model) 2-2
2026-10-09 19:17:32,524 INFO o.a.j.t.JMeterThread: Thread is done: Tickets (open model) 1-2
2026-10-09 19:17:32,524 INFO o.a.j.t.JMeterThread: Thread finished: Tickets (open model) 1-2
2026-10-09 19:17:41,587 INFO o.a.j.t.JMeterThread: Thread started: Tickets (open model) 1-3
2026-10-09 19:17:42,282 INFO o.a.j.t.JMeterThread: Thread is done: Tickets (open model) 1-3
2026-10-09 19:17:42,282 INFO o.a.j.t.JMeterThread: Thread finished: Tickets (open model) 1-3
2026-10-09 19:17:59,536 INFO o.a.j.t.JMeterThread: Thread started: Searches (open model) 2-3
2026-10-09 19:17:59,560 INFO o.a.j.t.JMeterThread: Thread is done: Searches (open model) 2-3
2026-10-09 19:17:59,560 INFO o.a.j.t.JMeterThread: Thread finished: Searches (open model) 2-3
2026-10-09 19:18:09,146 INFO o.a.j.t.JMeterThread: Thread started: Searches (open model) 2-4
2026-10-09 19:18:09,171 INFO o.a.j.t.JMeterThread: Thread is done: Searches (open model) 2-4
2026-10-09 19:18:09,172 INFO o.a.j.t.JMeterThread: Thread finished: Searches (open model) 2-4
2026-10-09 19:18:10,138 INFO o.a.j.t.JMeterThread: Thread started: Tickets (open model) 1-4
2026-10-09 19:18:11,025 INFO o.a.j.t.JMeterThread: Thread is done: Tickets (open model) 1-4
2026-10-09 19:18:11,025 INFO o.a.j.t.JMeterThread: Thread finished: Tickets (open model) 1-4
2026-10-09 19:18:19,958 INFO o.a.j.t.JMeterThread: Thread started: Tickets (open model) 1-5
2026-10-09 19:18:21,256 INFO o.a.j.t.JMeterThread: Thread is done: Tickets (open model) 1-5
2026-10-09 19:18:21,257 INFO o.a.j.t.JMeterThread: Thread finished: Tickets (open model) 1-5
2026-10-09 19:18:25,119 INFO o.a.j.t.JMeterThread: Thread started: Searches (open model) 2-5
2026-10-09 19:18:25,143 INFO o.a.j.t.JMeterThread: Thread is done: Searches (open model) 2-5
2026-10-09 19:18:25,143 INFO o.a.j.t.JMeterThread: Thread finished: Searches (open model) 2-5
2026-10-09 19:18:25,971 INFO o.a.j.t.JMeterThread: Thread started: Searches (open model) 2-6
2026-10-09 19:18:25,994 INFO o.a.j.t.JMeterThread: Thread is done: Searches (open model) 2-6
2026-10-09 19:18:25,995 INFO o.a.j.t.JMeterThread: Thread finished: Searches (open model) 2-6
2026-10-09 19:18:27,566 INFO o.a.j.t.JMeterThread: Thread started: Tickets (open model) 1-6
2026-10-09 19:18:28,844 INFO o.a.j.t.JMeterThread: Thread is done: Tickets (open model) 1-6
2026-10-09 19:18:28,845 INFO o.a.j.t.JMeterThread: Thread finished: Tickets (open model) 1-6
2026-10-09 19:18:33,534 INFO o.a.j.t.JMeterThread: Thread started: Searches (open model) 2-7
2026-10-09 19:18:33,565 INFO o.a.j.r.Summariser: summary +     10 in 00:01:01 =    0.2/s Avg:   966 Min:    20 Max:  5421 Err:     0 (0.00%) Active: 1 Started: 13 Finished: 12
2026-10-09 19:18:33,568 INFO o.a.j.r.Summariser: summary =     13 in 00:01:21 =    0.2/s Avg:   848 Min:    20 Max:  5421 Err:     0 (0.00%)
2026-10-09 19:18:33,571 INFO o.a.j.t.JMeterThread: Thread is done: Searches (open model) 2-7
2026-10-09 19:18:33,571 INFO o.a.j.t.JMeterThread: Thread finished: Searches (open model) 2-7
2026-10-09 19:18:35,694 INFO o.a.j.t.JMeterThread: Thread started: Tickets (open model) 1-7
2026-10-09 19:18:37,364 INFO o.a.j.t.JMeterThread: Thread started: Searches (open model) 2-8
2026-10-09 19:18:37,401 INFO o.a.j.t.JMeterThread: Thread is done: Searches (open model) 2-8
2026-10-09 19:18:37,401 INFO o.a.j.t.JMeterThread: Thread finished: Searches (open model) 2-8
2026-10-09 19:18:39,698 INFO o.a.j.t.JMeterThread: Thread is done: Tickets (open model) 1-7
2026-10-09 19:18:39,699 INFO o.a.j.t.JMeterThread: Thread finished: Tickets (open model) 1-7
2026-10-09 19:18:46,484 INFO o.a.j.t.JMeterThread: Thread started: Searches (open model) 2-9
2026-10-09 19:18:46,511 INFO o.a.j.t.JMeterThread: Thread is done: Searches (open model) 2-9
2026-10-09 19:18:46,512 INFO o.a.j.t.JMeterThread: Thread finished: Searches (open model) 2-9
2026-10-09 19:18:57,300 INFO o.a.j.t.JMeterThread: Thread started: Searches (open model) 2-10
2026-10-09 19:18:57,323 INFO o.a.j.t.JMeterThread: Thread is done: Searches (open model) 2-10
2026-10-09 19:18:57,323 INFO o.a.j.t.JMeterThread: Thread finished: Searches (open model) 2-10
2026-10-09 19:18:59,832 INFO o.a.j.t.JMeterThread: Thread started: Searches (open model) 2-11
2026-10-09 19:18:59,869 INFO o.a.j.t.JMeterThread: Thread is done: Searches (open model) 2-11
2026-10-09 19:18:59,869 INFO o.a.j.t.JMeterThread: Thread finished: Searches (open model) 2-11
2026-10-09 19:19:08,885 INFO o.a.j.t.JMeterThread: Thread started: Searches (open model) 2-12
2026-10-09 19:19:08,915 INFO o.a.j.t.JMeterThread: Thread is done: Searches (open model) 2-12
2026-10-09 19:19:08,916 INFO o.a.j.t.JMeterThread: Thread finished: Searches (open model) 2-12
2026-10-09 19:19:15,717 INFO o.a.j.t.JMeterThread: Thread started: Searches (open model) 2-13
2026-10-09 19:19:15,743 INFO o.a.j.t.JMeterThread: Thread is done: Searches (open model) 2-13
2026-10-09 19:19:15,743 INFO o.a.j.t.JMeterThread: Thread finished: Searches (open model) 2-13
2026-10-09 19:19:29,888 INFO o.a.j.t.JMeterThread: Thread started: Searches (open model) 2-14
2026-10-09 19:19:29,916 INFO o.a.j.t.JMeterThread: Thread is done: Searches (open model) 2-14
2026-10-09 19:19:29,918 INFO o.a.j.t.JMeterThread: Thread finished: Searches (open model) 2-14
2026-10-09 19:19:41,854 INFO o.a.j.t.JMeterThread: Thread started: Searches (open model) 2-15
2026-10-09 19:19:41,883 INFO o.a.j.t.JMeterThread: Thread is done: Searches (open model) 2-15
2026-10-09 19:19:41,883 INFO o.a.j.t.JMeterThread: Thread finished: Searches (open model) 2-15
2026-10-09 19:19:46,340 INFO o.a.j.t.JMeterThread: Thread started: Tickets (open model) 1-8
2026-10-09 19:19:49,131 INFO o.a.j.t.JMeterThread: Thread is done: Tickets (open model) 1-8
2026-10-09 19:19:49,132 INFO o.a.j.t.JMeterThread: Thread finished: Tickets (open model) 1-8
2026-10-09 19:19:51,006 INFO o.a.j.t.JMeterThread: Thread started: Tickets (open model) 1-9
2026-10-09 19:19:51,024 INFO o.a.j.t.JMeterThread: Thread started: Searches (open model) 2-16
2026-10-09 19:19:51,048 INFO o.a.j.t.JMeterThread: Thread is done: Searches (open model) 2-16
2026-10-09 19:19:51,048 INFO o.a.j.t.JMeterThread: Thread finished: Searches (open model) 2-16
2026-10-09 19:19:53,738 INFO o.a.j.t.JMeterThread: Thread is done: Tickets (open model) 1-9
2026-10-09 19:19:53,739 INFO o.a.j.t.JMeterThread: Thread finished: Tickets (open model) 1-9
2026-10-09 19:20:08,576 INFO o.a.j.t.JMeterThread: Thread started: Searches (open model) 2-17
2026-10-09 19:20:08,596 INFO o.a.j.t.JMeterThread: Thread is done: Searches (open model) 2-17
2026-10-09 19:20:08,596 INFO o.a.j.t.JMeterThread: Thread finished: Searches (open model) 2-17
2026-10-09 19:20:21,650 INFO o.a.j.t.JMeterThread: Thread started: Tickets (open model) 1-10
2026-10-09 19:20:23,639 INFO o.a.j.t.JMeterThread: Thread is done: Tickets (open model) 1-10
2026-10-09 19:20:23,640 INFO o.a.j.t.JMeterThread: Thread finished: Tickets (open model) 1-10
2026-10-09 19:20:54,644 INFO o.a.j.t.JMeterThread: Thread started: Searches (open model) 2-18
2026-10-09 19:20:54,675 INFO o.a.j.t.JMeterThread: Thread is done: Searches (open model) 2-18
2026-10-09 19:20:54,676 INFO o.a.j.t.JMeterThread: Thread finished: Searches (open model) 2-18
2026-10-09 19:21:03,772 INFO o.a.j.t.JMeterThread: Thread started: Searches (open model) 2-19
2026-10-09 19:21:03,809 INFO o.a.j.r.Summariser: summary +     16 in 00:02:30 =    0.1/s Avg:   733 Min:    16 Max:  3993 Err:     0 (0.00%) Active: 1 Started: 29 Finished: 28
2026-10-09 19:21:03,810 INFO o.a.j.r.Summariser: summary =     29 in 00:03:51 =    0.1/s Avg:   784 Min:    16 Max:  5421 Err:     0 (0.00%)
2026-10-09 19:21:03,811 INFO o.a.j.t.JMeterThread: Thread is done: Searches (open model) 2-19
2026-10-09 19:21:03,811 INFO o.a.j.t.JMeterThread: Thread finished: Searches (open model) 2-19
2026-10-09 19:21:12,738 INFO o.a.j.t.JMeterThread: Thread started: Tickets (open model) 1-11
2026-10-09 19:21:16,379 INFO o.a.j.t.JMeterThread: Thread is done: Tickets (open model) 1-11
2026-10-09 19:21:16,380 INFO o.a.j.t.JMeterThread: Thread finished: Tickets (open model) 1-11
2026-10-09 19:21:23,111 INFO o.a.j.t.JMeterThread: Thread started: Searches (open model) 2-20
2026-10-09 19:21:23,143 INFO o.a.j.t.JMeterThread: Thread is done: Searches (open model) 2-20
2026-10-09 19:21:23,144 INFO o.a.j.t.JMeterThread: Thread finished: Searches (open model) 2-20
2026-10-09 19:21:26,324 INFO o.a.j.t.JMeterThread: Thread started: Tickets (open model) 1-12
2026-10-09 19:21:27,235 INFO o.a.j.t.JMeterThread: Thread is done: Tickets (open model) 1-12
2026-10-09 19:21:27,236 INFO o.a.j.t.JMeterThread: Thread finished: Tickets (open model) 1-12
2026-10-09 19:21:36,990 INFO o.a.j.t.JMeterThread: Thread started: Searches (open model) 2-21
2026-10-09 19:21:37,018 INFO o.a.j.t.JMeterThread: Thread is done: Searches (open model) 2-21
2026-10-09 19:21:37,019 INFO o.a.j.t.JMeterThread: Thread finished: Searches (open model) 2-21
2026-10-09 19:21:52,187 INFO o.a.j.t.JMeterThread: Thread started: Tickets (open model) 1-13
2026-10-09 19:21:52,937 INFO o.a.j.t.JMeterThread: Thread is done: Tickets (open model) 1-13
2026-10-09 19:21:52,938 INFO o.a.j.t.JMeterThread: Thread finished: Tickets (open model) 1-13
2026-10-09 19:21:58,197 INFO o.a.j.t.JMeterThread: Thread started: Tickets (open model) 1-14
2026-10-09 19:21:58,209 INFO o.a.j.t.JMeterThread: Thread started: Searches (open model) 2-22
2026-10-09 19:21:58,233 INFO o.a.j.t.JMeterThread: Thread is done: Searches (open model) 2-22
2026-10-09 19:21:58,233 INFO o.a.j.t.JMeterThread: Thread finished: Searches (open model) 2-22
2026-10-09 19:21:58,979 INFO o.a.j.t.JMeterThread: Thread is done: Tickets (open model) 1-14
2026-10-09 19:21:58,980 INFO o.a.j.t.JMeterThread: Thread finished: Tickets (open model) 1-14
2026-10-09 19:22:09,171 INFO o.a.j.t.JMeterThread: Thread started: Tickets (open model) 1-15
2026-10-09 19:22:11,580 INFO o.a.j.t.JMeterThread: Thread is done: Tickets (open model) 1-15
2026-10-09 19:22:11,581 INFO o.a.j.t.JMeterThread: Thread finished: Tickets (open model) 1-15
2026-10-09 19:22:39,660 INFO o.a.j.t.JMeterThread: Thread started: Searches (open model) 2-23
2026-10-09 19:22:39,690 INFO o.a.j.t.JMeterThread: Thread is done: Searches (open model) 2-23
2026-10-09 19:22:39,690 INFO o.a.j.t.JMeterThread: Thread finished: Searches (open model) 2-23
2026-10-09 19:22:46,680 INFO o.a.j.t.JMeterThread: Thread started: Searches (open model) 2-24
2026-10-09 19:22:46,706 INFO o.a.j.t.JMeterThread: Thread is done: Searches (open model) 2-24
2026-10-09 19:22:46,707 INFO o.a.j.t.JMeterThread: Thread finished: Searches (open model) 2-24
2026-10-09 19:23:00,280 INFO o.a.j.t.JMeterThread: Thread started: Searches (open model) 2-25
2026-10-09 19:23:00,307 INFO o.a.j.r.Summariser: summary +     11 in 00:01:56 =    0.1/s Avg:   780 Min:    19 Max:  3634 Err:     0 (0.00%) Active: 1 Started: 40 Finished: 39
2026-10-09 19:23:00,308 INFO o.a.j.r.Summariser: summary =     40 in 00:05:48 =    0.1/s Avg:   783 Min:    16 Max:  5421 Err:     0 (0.00%)
2026-10-09 19:23:00,309 INFO o.a.j.t.JMeterThread: Thread is done: Searches (open model) 2-25
2026-10-09 19:23:00,310 INFO o.a.j.t.JMeterThread: Thread finished: Searches (open model) 2-25
2026-10-09 19:23:02,207 INFO o.a.j.t.JMeterThread: Thread started: Searches (open model) 2-26
2026-10-09 19:23:02,228 INFO o.a.j.t.JMeterThread: Thread is done: Searches (open model) 2-26
2026-10-09 19:23:02,228 INFO o.a.j.t.JMeterThread: Thread finished: Searches (open model) 2-26
2026-10-09 19:23:13,424 INFO o.a.j.t.JMeterThread: Thread started: Searches (open model) 2-27
2026-10-09 19:23:13,452 INFO o.a.j.t.JMeterThread: Thread is done: Searches (open model) 2-27
2026-10-09 19:23:13,453 INFO o.a.j.t.JMeterThread: Thread finished: Searches (open model) 2-27
2026-10-09 19:23:13,788 INFO o.a.j.t.JMeterThread: Thread started: Searches (open model) 2-28
2026-10-09 19:23:13,815 INFO o.a.j.t.JMeterThread: Thread is done: Searches (open model) 2-28
2026-10-09 19:23:13,815 INFO o.a.j.t.JMeterThread: Thread finished: Searches (open model) 2-28
2026-10-09 19:23:20,480 INFO o.a.j.t.JMeterThread: Thread started: Tickets (open model) 1-16
2026-10-09 19:23:22,538 INFO o.a.j.t.JMeterThread: Thread started: Searches (open model) 2-29
2026-10-09 19:23:22,571 INFO o.a.j.t.JMeterThread: Thread is done: Searches (open model) 2-29
2026-10-09 19:23:22,571 INFO o.a.j.t.JMeterThread: Thread finished: Searches (open model) 2-29
2026-10-09 19:23:23,678 INFO o.a.j.t.JMeterThread: Thread is done: Tickets (open model) 1-16
2026-10-09 19:23:23,678 INFO o.a.j.t.JMeterThread: Thread finished: Tickets (open model) 1-16
2026-10-09 19:23:37,659 INFO o.a.j.t.JMeterThread: Thread started: Searches (open model) 2-30
2026-10-09 19:23:37,690 INFO o.a.j.t.JMeterThread: Thread is done: Searches (open model) 2-30
2026-10-09 19:23:37,691 INFO o.a.j.t.JMeterThread: Thread finished: Searches (open model) 2-30
2026-10-09 19:23:45,446 INFO o.a.j.t.JMeterThread: Thread started: Tickets (open model) 1-17
2026-10-09 19:23:45,653 INFO o.a.j.t.JMeterThread: Thread started: Searches (open model) 2-31
2026-10-09 19:23:45,683 INFO o.a.j.t.JMeterThread: Thread is done: Searches (open model) 2-31
2026-10-09 19:23:45,684 INFO o.a.j.t.JMeterThread: Thread finished: Searches (open model) 2-31
2026-10-09 19:23:45,931 INFO o.a.j.t.JMeterThread: Thread started: Searches (open model) 2-32
2026-10-09 19:23:45,957 INFO o.a.j.t.JMeterThread: Thread is done: Searches (open model) 2-32
2026-10-09 19:23:45,957 INFO o.a.j.t.JMeterThread: Thread finished: Searches (open model) 2-32
2026-10-09 19:23:46,403 INFO o.a.j.t.JMeterThread: Thread is done: Tickets (open model) 1-17
2026-10-09 19:23:46,404 INFO o.a.j.t.JMeterThread: Thread finished: Tickets (open model) 1-17
2026-10-09 19:23:50,360 INFO o.a.j.t.JMeterThread: Thread started: Searches (open model) 2-33
2026-10-09 19:23:50,385 INFO o.a.j.t.JMeterThread: Thread is done: Searches (open model) 2-33
2026-10-09 19:23:50,386 INFO o.a.j.t.JMeterThread: Thread finished: Searches (open model) 2-33
2026-10-09 19:23:50,876 INFO o.a.j.t.JMeterThread: Thread started: Searches (open model) 2-34
2026-10-09 19:23:50,905 INFO o.a.j.t.JMeterThread: Thread is done: Searches (open model) 2-34
2026-10-09 19:23:50,906 INFO o.a.j.t.JMeterThread: Thread finished: Searches (open model) 2-34
2026-10-09 19:23:55,059 INFO o.a.j.t.JMeterThread: Thread started: Searches (open model) 2-35
2026-10-09 19:23:55,084 INFO o.a.j.t.JMeterThread: Thread is done: Searches (open model) 2-35
2026-10-09 19:23:55,084 INFO o.a.j.t.JMeterThread: Thread finished: Searches (open model) 2-35
2026-10-09 19:23:57,270 INFO o.a.j.t.JMeterThread: Thread started: Tickets (open model) 1-18
2026-10-09 19:23:57,422 INFO o.a.j.t.JMeterThread: Thread started: Searches (open model) 2-36
2026-10-09 19:23:57,471 INFO o.a.j.t.JMeterThread: Thread is done: Searches (open model) 2-36
2026-10-09 19:23:57,471 INFO o.a.j.t.JMeterThread: Thread finished: Searches (open model) 2-36
2026-10-09 19:23:58,078 INFO o.a.j.t.JMeterThread: Thread is done: Tickets (open model) 1-18
2026-10-09 19:23:58,079 INFO o.a.j.t.JMeterThread: Thread finished: Tickets (open model) 1-18
2026-10-09 19:24:09,524 INFO o.a.j.t.JMeterThread: Thread started: Tickets (open model) 1-19
2026-10-09 19:24:10,263 INFO o.a.j.t.JMeterThread: Thread is done: Tickets (open model) 1-19
2026-10-09 19:24:10,263 INFO o.a.j.t.JMeterThread: Thread finished: Tickets (open model) 1-19
2026-10-09 19:24:22,120 INFO o.a.j.t.JMeterThread: Thread started: Searches (open model) 2-37
2026-10-09 19:24:22,148 INFO o.a.j.t.JMeterThread: Thread is done: Searches (open model) 2-37
2026-10-09 19:24:22,149 INFO o.a.j.t.JMeterThread: Thread finished: Searches (open model) 2-37
2026-10-09 19:24:34,194 INFO o.a.j.t.JMeterThread: Thread started: Tickets (open model) 1-20
2026-10-09 19:24:36,070 INFO o.a.j.t.JMeterThread: Thread is done: Tickets (open model) 1-20
2026-10-09 19:24:36,071 INFO o.a.j.t.JMeterThread: Thread finished: Tickets (open model) 1-20
2026-10-09 19:24:41,973 INFO o.a.j.t.JMeterThread: Thread started: Searches (open model) 2-38
2026-10-09 19:24:42,003 INFO o.a.j.t.JMeterThread: Thread is done: Searches (open model) 2-38
2026-10-09 19:24:42,004 INFO o.a.j.t.JMeterThread: Thread finished: Searches (open model) 2-38
2026-10-09 19:24:52,623 INFO o.a.j.t.JMeterThread: Thread started: Tickets (open model) 1-21
2026-10-09 19:24:54,809 INFO o.a.j.t.JMeterThread: Thread is done: Tickets (open model) 1-21
2026-10-09 19:24:54,810 INFO o.a.j.t.JMeterThread: Thread finished: Tickets (open model) 1-21
2026-10-09 19:24:55,937 INFO o.a.j.t.JMeterThread: Thread started: Tickets (open model) 1-22
2026-10-09 19:24:56,770 INFO o.a.j.t.JMeterThread: Thread started: Tickets (open model) 1-23
2026-10-09 19:24:58,292 INFO o.a.j.t.JMeterThread: Thread is done: Tickets (open model) 1-22
2026-10-09 19:24:58,293 INFO o.a.j.t.JMeterThread: Thread finished: Tickets (open model) 1-22
2026-10-09 19:25:02,345 INFO o.a.j.r.Summariser: summary +     21 in 00:02:02 =    0.2/s Avg:   853 Min:    17 Max:  5561 Err:     0 (0.00%) Active: 1 Started: 61 Finished: 60
2026-10-09 19:25:02,348 INFO o.a.j.r.Summariser: summary =     61 in 00:07:50 =    0.1/s Avg:   807 Min:    16 Max:  5561 Err:     0 (0.00%)
2026-10-09 19:25:02,349 INFO o.a.j.t.JMeterThread: Thread is done: Tickets (open model) 1-23
2026-10-09 19:25:02,350 INFO o.a.j.t.JMeterThread: Thread finished: Tickets (open model) 1-23
2026-10-09 19:25:04,532 INFO o.a.j.t.JMeterThread: Thread started: Searches (open model) 2-39
2026-10-09 19:25:04,561 INFO o.a.j.t.JMeterThread: Thread is done: Searches (open model) 2-39
2026-10-09 19:25:04,561 INFO o.a.j.t.JMeterThread: Thread finished: Searches (open model) 2-39
2026-10-09 19:25:10,390 INFO o.a.j.t.JMeterThread: Thread started: Searches (open model) 2-40
2026-10-09 19:25:10,427 INFO o.a.j.t.JMeterThread: Thread is done: Searches (open model) 2-40
2026-10-09 19:25:10,428 INFO o.a.j.t.JMeterThread: Thread finished: Searches (open model) 2-40
2026-10-09 19:25:16,143 INFO o.a.j.t.JMeterThread: Thread started: Searches (open model) 2-41
2026-10-09 19:25:16,173 INFO o.a.j.t.JMeterThread: Thread is done: Searches (open model) 2-41
2026-10-09 19:25:16,174 INFO o.a.j.t.JMeterThread: Thread finished: Searches (open model) 2-41
2026-10-09 19:25:27,712 INFO o.a.j.t.JMeterThread: Thread started: Searches (open model) 2-42
2026-10-09 19:25:27,743 INFO o.a.j.t.JMeterThread: Thread is done: Searches (open model) 2-42
2026-10-09 19:25:27,743 INFO o.a.j.t.JMeterThread: Thread finished: Searches (open model) 2-42
2026-10-09 19:25:34,492 INFO o.a.j.t.JMeterThread: Thread started: Searches (open model) 2-43
2026-10-09 19:25:34,522 INFO o.a.j.r.Summariser: summary +      5 in 00:00:32 =    0.2/s Avg:    25 Min:    23 Max:    34 Err:     0 (0.00%) Active: 1 Started: 66 Finished: 65
2026-10-09 19:25:34,523 INFO o.a.j.r.Summariser: summary =     66 in 00:08:22 =    0.1/s Avg:   748 Min:    16 Max:  5561 Err:     0 (0.00%)
2026-10-09 19:25:34,524 INFO o.a.j.t.JMeterThread: Thread is done: Searches (open model) 2-43
2026-10-09 19:25:34,525 INFO o.a.j.t.JMeterThread: Thread finished: Searches (open model) 2-43
2026-10-09 19:25:37,699 INFO o.a.j.t.JMeterThread: Thread started: Searches (open model) 2-44
2026-10-09 19:25:37,726 INFO o.a.j.t.JMeterThread: Thread is done: Searches (open model) 2-44
2026-10-09 19:25:37,726 INFO o.a.j.t.JMeterThread: Thread finished: Searches (open model) 2-44
2026-10-09 19:25:49,647 INFO o.a.j.t.JMeterThread: Thread started: Tickets (open model) 1-24
2026-10-09 19:25:50,518 INFO o.a.j.t.JMeterThread: Thread is done: Tickets (open model) 1-24
2026-10-09 19:25:50,519 INFO o.a.j.t.JMeterThread: Thread finished: Tickets (open model) 1-24
2026-10-09 19:25:50,697 INFO o.a.j.t.JMeterThread: Thread started: Searches (open model) 2-45
2026-10-09 19:25:50,722 INFO o.a.j.t.JMeterThread: Thread is done: Searches (open model) 2-45
2026-10-09 19:25:50,722 INFO o.a.j.t.JMeterThread: Thread finished: Searches (open model) 2-45
2026-10-09 19:25:51,754 INFO o.a.j.t.JMeterThread: Thread started: Searches (open model) 2-46
2026-10-09 19:25:51,783 INFO o.a.j.t.JMeterThread: Thread is done: Searches (open model) 2-46
2026-10-09 19:25:51,783 INFO o.a.j.t.JMeterThread: Thread finished: Searches (open model) 2-46
2026-10-09 19:25:57,304 INFO o.a.j.t.JMeterThread: Thread started: Tickets (open model) 1-25
2026-10-09 19:25:57,993 INFO o.a.j.t.JMeterThread: Thread is done: Tickets (open model) 1-25
2026-10-09 19:25:57,994 INFO o.a.j.t.JMeterThread: Thread finished: Tickets (open model) 1-25
2026-10-09 19:25:58,884 INFO o.a.j.t.JMeterThread: Thread started: Searches (open model) 2-47
2026-10-09 19:25:58,909 INFO o.a.j.t.JMeterThread: Thread is done: Searches (open model) 2-47
2026-10-09 19:25:58,910 INFO o.a.j.t.JMeterThread: Thread finished: Searches (open model) 2-47
2026-10-09 19:26:02,438 INFO o.a.j.t.JMeterThread: Thread started: Searches (open model) 2-48
2026-10-09 19:26:02,462 INFO o.a.j.r.Summariser: summary +      7 in 00:00:28 =    0.3/s Avg:   235 Min:    19 Max:   861 Err:     0 (0.00%) Active: 1 Started: 73 Finished: 72
2026-10-09 19:26:02,463 INFO o.a.j.r.Summariser: summary =     73 in 00:08:50 =    0.1/s Avg:   699 Min:    16 Max:  5561 Err:     0 (0.00%)
2026-10-09 19:26:02,465 INFO o.a.j.t.JMeterThread: Thread is done: Searches (open model) 2-48
2026-10-09 19:26:02,465 INFO o.a.j.t.JMeterThread: Thread finished: Searches (open model) 2-48
2026-10-09 19:26:06,761 INFO o.a.j.t.JMeterThread: Thread started: Searches (open model) 2-49
2026-10-09 19:26:06,787 INFO o.a.j.t.JMeterThread: Thread is done: Searches (open model) 2-49
2026-10-09 19:26:06,788 INFO o.a.j.t.JMeterThread: Thread finished: Searches (open model) 2-49
2026-10-09 19:26:08,140 INFO o.a.j.t.JMeterThread: Thread started: Tickets (open model) 1-26
2026-10-09 19:26:08,142 INFO o.a.j.t.o.EvenArrivalsRamp: Generating 0 events, beginRate = 0.0 / sec, endRate = 0.0 / sec, duration = 60.0 sec
2026-10-09 19:26:08,142 INFO o.a.j.t.o.OpenModelThreadGroup: There will be no more events, so will wait for 124 sec till the end of the schedule
2026-10-09 19:26:08,850 INFO o.a.j.t.JMeterThread: Thread is done: Tickets (open model) 1-26
2026-10-09 19:26:08,850 INFO o.a.j.t.JMeterThread: Thread finished: Tickets (open model) 1-26
2026-10-09 19:26:19,656 INFO o.a.j.t.JMeterThread: Thread started: Searches (open model) 2-50
2026-10-09 19:26:19,686 INFO o.a.j.t.JMeterThread: Thread is done: Searches (open model) 2-50
2026-10-09 19:26:19,686 INFO o.a.j.t.JMeterThread: Thread finished: Searches (open model) 2-50
2026-10-09 19:26:38,200 INFO o.a.j.t.JMeterThread: Thread started: Searches (open model) 2-51
2026-10-09 19:26:38,221 INFO o.a.j.t.JMeterThread: Thread is done: Searches (open model) 2-51
2026-10-09 19:26:38,222 INFO o.a.j.t.JMeterThread: Thread finished: Searches (open model) 2-51
2026-10-09 19:26:38,342 INFO o.a.j.t.JMeterThread: Thread started: Searches (open model) 2-52
2026-10-09 19:26:38,363 INFO o.a.j.t.JMeterThread: Thread is done: Searches (open model) 2-52
2026-10-09 19:26:38,365 INFO o.a.j.t.JMeterThread: Thread finished: Searches (open model) 2-52
2026-10-09 19:26:55,126 INFO o.a.j.t.o.EvenArrivalsRamp: Generating 0 events, beginRate = 0.0 / sec, endRate = 0.0 / sec, duration = 60.0 sec
2026-10-09 19:26:55,127 INFO o.a.j.t.JMeterThread: Thread started: Searches (open model) 2-53
2026-10-09 19:26:55,127 INFO o.a.j.t.o.OpenModelThreadGroup: There will be no more events, so will wait for 77 sec till the end of the schedule
2026-10-09 19:26:55,162 INFO o.a.j.t.JMeterThread: Thread is done: Searches (open model) 2-53
2026-10-09 19:26:55,163 INFO o.a.j.t.JMeterThread: Thread finished: Searches (open model) 2-53
2026-10-09 19:28:12,509 INFO o.a.j.t.o.OpenModelThreadGroup: There will be no more events, will shutdown the thread pool
2026-10-09 19:28:12,511 INFO o.a.j.t.o.OpenModelThreadGroup: Thread starting done
2026-10-09 19:28:12,511 INFO o.a.j.t.o.OpenModelThreadGroup: There will be no more events, will shutdown the thread pool
2026-10-09 19:28:12,511 INFO o.a.j.e.StandardJMeterEngine: Notifying test listeners of end of test
2026-10-09 19:28:12,511 INFO o.a.j.s.FileServer: Close: data/team11/jmeter_search_terms.csv
2026-10-09 19:28:12,511 INFO o.a.j.t.o.OpenModelThreadGroup: Thread starting done
2026-10-09 19:28:12,512 INFO o.a.j.s.FileServer: Close: data/team11/jmeter_tickets.csv
2026-10-09 19:28:12,513 INFO o.a.j.r.Summariser: summary +      6 in 00:02:10 =    0.0/s Avg:   134 Min:    18 Max:   694 Err:     0 (0.00%) Active: 0 Started: 79 Finished: 79
2026-10-09 19:28:12,515 INFO o.a.j.r.Summariser: summary =     79 in 00:11:00 =    0.1/s Avg:   656 Min:    16 Max:  5561 Err:     0 (0.00%)
