2026-10-09 18:47:31,752 INFO o.a.j.u.JMeterUtils: Setting Locale to en_EN
2026-10-09 18:47:31,780 INFO o.a.j.JMeter: Loading user properties from: C:\jmeter\apache-jmeter-5.6.3\apache-jmeter-5.6.3\bin\user.properties
2026-10-09 18:47:31,782 INFO o.a.j.JMeter: Loading system properties from: C:\jmeter\apache-jmeter-5.6.3\apache-jmeter-5.6.3\bin\system.properties
2026-10-09 18:47:31,782 INFO o.a.j.JMeter: Setting JMeter property: host=192.168.88.6
2026-10-09 18:47:31,782 INFO o.a.j.JMeter: Setting JMeter property: tickets_per_hour=160
2026-10-09 18:47:31,782 INFO o.a.j.JMeter: Setting JMeter property: searches_per_hour=320
2026-10-09 18:47:31,782 INFO o.a.j.JMeter: Setting JMeter property: duration_min=10
2026-10-09 18:47:31,782 INFO o.a.j.JMeter: Setting JMeter property: drain_sec=60
2026-10-09 18:47:31,782 INFO o.a.j.JMeter: Setting JMeter property: sample_variables=row,request_id
2026-10-09 18:47:31,791 INFO o.a.j.JMeter: Copyright (c) 1998-2024 The Apache Software Foundation
2026-10-09 18:47:31,791 INFO o.a.j.JMeter: Version 5.6.3
2026-10-09 18:47:31,791 INFO o.a.j.JMeter: java.version=21.0.12
2026-10-09 18:47:31,791 INFO o.a.j.JMeter: java.vm.name=Java HotSpot(TM) 64-Bit Server VM
2026-10-09 18:47:31,792 INFO o.a.j.JMeter: os.name=Windows 11
2026-10-09 18:47:31,792 INFO o.a.j.JMeter: os.arch=amd64
2026-10-09 18:47:31,792 INFO o.a.j.JMeter: os.version=10.0
2026-10-09 18:47:31,792 INFO o.a.j.JMeter: file.encoding=UTF-8
2026-10-09 18:47:31,792 INFO o.a.j.JMeter: java.awt.headless=true
2026-10-09 18:47:31,792 INFO o.a.j.JMeter: Max memory     =1073741824
2026-10-09 18:47:31,792 INFO o.a.j.JMeter: Available Processors =8
2026-10-09 18:47:31,810 INFO o.a.j.JMeter: Default Locale=English (EN)
2026-10-09 18:47:31,810 INFO o.a.j.JMeter: JMeter  Locale=English (EN)
2026-10-09 18:47:31,810 INFO o.a.j.JMeter: JMeterHome=C:\jmeter\apache-jmeter-5.6.3\apache-jmeter-5.6.3
2026-10-09 18:47:31,810 INFO o.a.j.JMeter: user.dir  =C:\Users\whjw1\OneDrive\Documents\GitHub\ICT3113-PTO-Project
2026-10-09 18:47:31,811 INFO o.a.j.JMeter: PWD       =C:\Users\whjw1\OneDrive\Documents\GitHub\ICT3113-PTO-Project
2026-10-09 18:47:31,813 INFO o.a.j.JMeter: IP: 192.168.88.8 Name: w-laptop FullName: w-laptop
2026-10-09 18:47:31,828 INFO o.a.j.s.FileServer: Default base='C:\Users\whjw1\OneDrive\Documents\GitHub\ICT3113-PTO-Project'
2026-10-09 18:47:31,831 INFO o.a.j.s.FileServer: Set new base='C:\Users\whjw1\OneDrive\Documents\GitHub\ICT3113-PTO-Project'
2026-10-09 18:47:32,053 INFO o.a.j.s.SaveService: Testplan (JMX) version: 2.2. Testlog (JTL) version: 2.2
2026-10-09 18:47:32,089 INFO o.a.j.s.SaveService: Using SaveService properties version 5.0
2026-10-09 18:47:32,093 INFO o.a.j.s.SaveService: Using SaveService properties file encoding UTF-8
2026-10-09 18:47:32,095 INFO o.a.j.s.SaveService: Loading file: ticket-load-test.jmx
2026-10-09 18:47:32,187 INFO o.a.j.p.h.s.HTTPSamplerBase: Parser for text/html is org.apache.jmeter.protocol.http.parser.LagartoBasedHtmlParser
2026-10-09 18:47:32,187 INFO o.a.j.p.h.s.HTTPSamplerBase: Parser for application/xhtml+xml is org.apache.jmeter.protocol.http.parser.LagartoBasedHtmlParser
2026-10-09 18:47:32,187 INFO o.a.j.p.h.s.HTTPSamplerBase: Parser for application/xml is org.apache.jmeter.protocol.http.parser.LagartoBasedHtmlParser
2026-10-09 18:47:32,187 INFO o.a.j.p.h.s.HTTPSamplerBase: Parser for text/xml is org.apache.jmeter.protocol.http.parser.LagartoBasedHtmlParser
2026-10-09 18:47:32,187 INFO o.a.j.p.h.s.HTTPSamplerBase: Parser for text/vnd.wap.wml is org.apache.jmeter.protocol.http.parser.RegexpHTMLParser
2026-10-09 18:47:32,187 INFO o.a.j.p.h.s.HTTPSamplerBase: Parser for text/css is org.apache.jmeter.protocol.http.parser.CssParser
2026-10-09 18:47:32,212 INFO o.a.j.JMeter: Creating summariser <summary>
2026-10-09 18:47:32,239 INFO o.a.j.e.StandardJMeterEngine: Running the test!
2026-10-09 18:47:32,240 INFO o.a.j.s.SampleEvent: List of sample_variables: [row, request_id]
2026-10-09 18:47:32,240 INFO o.a.j.s.SampleEvent: List of sample_variables: [row, request_id]
2026-10-09 18:47:32,246 INFO o.a.j.e.u.CompoundVariable: Note: Function class names must contain the string: '.functions.'
2026-10-09 18:47:32,246 INFO o.a.j.e.u.CompoundVariable: Note: Function class names must not contain the string: '.gui.'
2026-10-09 18:47:32,398 INFO o.a.j.JMeter: Running test (1791542852398)
2026-10-09 18:47:32,400 INFO o.a.j.e.StandardJMeterEngine: Starting setUp thread groups
2026-10-09 18:47:32,401 INFO o.a.j.e.StandardJMeterEngine: Starting setUp ThreadGroup: 1 : Require host property 
2026-10-09 18:47:32,401 INFO o.a.j.e.StandardJMeterEngine: Starting 1 threads for group Require host property.
2026-10-09 18:47:32,401 INFO o.a.j.e.StandardJMeterEngine: Test will stop abruptly on error
2026-10-09 18:47:32,402 INFO o.a.j.t.ThreadGroup: Starting thread group... number=1 threads=1 ramp-up=0 delayedStart=false
2026-10-09 18:47:32,408 INFO o.a.j.t.ThreadGroup: Started thread group number 1
2026-10-09 18:47:32,408 INFO o.a.j.e.StandardJMeterEngine: Waiting for all setup thread groups to exit
2026-10-09 18:47:32,410 INFO o.a.j.t.JMeterThread: Thread started: Require host property 1-1
2026-10-09 18:47:32,414 INFO o.a.j.s.SampleResult: Note: Sample TimeStamps are START times
2026-10-09 18:47:32,415 INFO o.a.j.s.SampleResult: sampleresult.default.encoding is set to UTF-8
2026-10-09 18:47:32,415 INFO o.a.j.s.SampleResult: sampleresult.useNanoTime=true
2026-10-09 18:47:32,415 INFO o.a.j.s.SampleResult: sampleresult.nanoThreadSleep=5000
2026-10-09 18:47:32,425 INFO o.a.j.t.JMeterThread: Thread is done: Require host property 1-1
2026-10-09 18:47:32,426 INFO o.a.j.t.JMeterThread: Thread finished: Require host property 1-1
2026-10-09 18:47:32,426 INFO o.a.j.e.StandardJMeterEngine: All Setup Threads have ended
2026-10-09 18:47:32,448 INFO o.a.j.e.StandardJMeterEngine: Starting ThreadGroup: 1 : Tickets (open model)
2026-10-09 18:47:32,449 INFO o.a.j.e.StandardJMeterEngine: Starting 0 threads for group Tickets (open model).
2026-10-09 18:47:32,449 INFO o.a.j.e.StandardJMeterEngine: Thread will continue on error
2026-10-09 18:47:32,449 INFO o.a.j.t.o.OpenModelThreadGroup: Starting OpenModelThreadGroup#1 with schedule rate(160/hour) random_arrivals(10 min) pause(60 sec)
2026-10-09 18:47:32,488 INFO o.a.j.e.StandardJMeterEngine: Starting ThreadGroup: 2 : Searches (open model)
2026-10-09 18:47:32,488 INFO o.a.j.e.StandardJMeterEngine: Starting 0 threads for group Searches (open model).
2026-10-09 18:47:32,488 INFO o.a.j.e.StandardJMeterEngine: Thread will continue on error
2026-10-09 18:47:32,488 INFO o.a.j.t.o.OpenModelThreadGroup: Starting OpenModelThreadGroup#2 with schedule rate(320/hour) random_arrivals(10 min) pause(60 sec)
2026-10-09 18:47:32,489 INFO o.a.j.e.StandardJMeterEngine: All thread groups have been started
2026-10-09 18:47:32,488 INFO o.a.j.t.o.OpenModelThreadGroup: Thread starting init
2026-10-09 18:47:32,489 INFO o.a.j.t.o.OpenModelThreadGroup: Thread starting init
2026-10-09 18:47:32,492 INFO o.a.j.t.o.PoissonArrivalsRamp: Generating 53 events, beginRate = 0.08888888888888889 / sec, endRate = 0.08888888888888889 / sec, duration = 600.0 sec
2026-10-09 18:47:32,492 INFO o.a.j.t.o.PoissonArrivalsRamp: Generating 26 events, beginRate = 0.044444444444444446 / sec, endRate = 0.044444444444444446 / sec, duration = 600.0 sec
2026-10-09 18:47:35,293 INFO o.a.j.t.JMeterThread: Thread started: Searches (open model) 2-1
2026-10-09 18:47:35,295 INFO o.a.j.s.FileServer: Stored: data/team11/jmeter_search_terms.csv
2026-10-09 18:47:35,361 INFO o.a.j.p.h.s.HTTPHCAbstractImpl: Local host = w-laptop
2026-10-09 18:47:35,379 INFO o.a.j.p.h.s.HTTPHC4Impl: HTTP request retry count = 0
2026-10-09 18:47:35,699 INFO o.a.j.r.Summariser: summary +      1 in 00:00:03 =    0.3/s Avg:   105 Min:   105 Max:   105 Err:     0 (0.00%) Active: 1 Started: 1 Finished: 0
2026-10-09 18:47:35,701 INFO o.a.j.t.JMeterThread: Thread is done: Searches (open model) 2-1
2026-10-09 18:47:35,702 INFO o.a.j.t.JMeterThread: Thread finished: Searches (open model) 2-1
2026-10-09 18:47:51,829 INFO o.a.j.t.JMeterThread: Thread started: Searches (open model) 2-2
2026-10-09 18:47:51,856 INFO o.a.j.t.JMeterThread: Thread is done: Searches (open model) 2-2
2026-10-09 18:47:51,856 INFO o.a.j.t.JMeterThread: Thread finished: Searches (open model) 2-2
2026-10-09 18:48:06,992 INFO o.a.j.t.JMeterThread: Thread started: Searches (open model) 2-3
2026-10-09 18:48:07,016 INFO o.a.j.t.JMeterThread: Thread is done: Searches (open model) 2-3
2026-10-09 18:48:07,016 INFO o.a.j.t.JMeterThread: Thread finished: Searches (open model) 2-3
2026-10-09 18:48:07,315 INFO o.a.j.t.JMeterThread: Thread started: Searches (open model) 2-4
2026-10-09 18:48:07,336 INFO o.a.j.t.JMeterThread: Thread is done: Searches (open model) 2-4
2026-10-09 18:48:07,336 INFO o.a.j.t.JMeterThread: Thread finished: Searches (open model) 2-4
2026-10-09 18:48:21,574 INFO o.a.j.t.JMeterThread: Thread started: Tickets (open model) 1-1
2026-10-09 18:48:21,575 INFO o.a.j.s.FileServer: Stored: data/team11/jmeter_tickets.csv
2026-10-09 18:48:22,817 INFO o.a.j.t.JMeterThread: Thread is done: Tickets (open model) 1-1
2026-10-09 18:48:22,817 INFO o.a.j.t.JMeterThread: Thread finished: Tickets (open model) 1-1
2026-10-09 18:48:26,127 INFO o.a.j.t.JMeterThread: Thread started: Searches (open model) 2-5
2026-10-09 18:48:26,151 INFO o.a.j.t.JMeterThread: Thread is done: Searches (open model) 2-5
2026-10-09 18:48:26,151 INFO o.a.j.t.JMeterThread: Thread finished: Searches (open model) 2-5
2026-10-09 18:48:46,431 INFO o.a.j.t.JMeterThread: Thread started: Searches (open model) 2-6
2026-10-09 18:48:46,461 INFO o.a.j.t.JMeterThread: Thread is done: Searches (open model) 2-6
2026-10-09 18:48:46,462 INFO o.a.j.t.JMeterThread: Thread finished: Searches (open model) 2-6
2026-10-09 18:48:52,481 INFO o.a.j.t.JMeterThread: Thread started: Tickets (open model) 1-2
2026-10-09 18:49:01,733 INFO o.a.j.r.Summariser: summary +      7 in 00:01:26 =    0.1/s Avg:  1510 Min:    18 Max:  9238 Err:     0 (0.00%) Active: 1 Started: 8 Finished: 7
2026-10-09 18:49:01,735 INFO o.a.j.r.Summariser: summary =      8 in 00:01:29 =    0.1/s Avg:  1334 Min:    18 Max:  9238 Err:     0 (0.00%)
2026-10-09 18:49:01,736 INFO o.a.j.t.JMeterThread: Thread is done: Tickets (open model) 1-2
2026-10-09 18:49:01,736 INFO o.a.j.t.JMeterThread: Thread finished: Tickets (open model) 1-2
2026-10-09 18:49:04,899 INFO o.a.j.t.JMeterThread: Thread started: Tickets (open model) 1-3
2026-10-09 18:49:08,455 INFO o.a.j.t.JMeterThread: Thread started: Searches (open model) 2-7
2026-10-09 18:49:08,476 INFO o.a.j.t.JMeterThread: Thread is done: Searches (open model) 2-7
2026-10-09 18:49:08,477 INFO o.a.j.t.JMeterThread: Thread finished: Searches (open model) 2-7
2026-10-09 18:49:11,260 INFO o.a.j.t.JMeterThread: Thread is done: Tickets (open model) 1-3
2026-10-09 18:49:11,261 INFO o.a.j.t.JMeterThread: Thread finished: Tickets (open model) 1-3
2026-10-09 18:49:13,864 INFO o.a.j.t.JMeterThread: Thread started: Tickets (open model) 1-4
2026-10-09 18:49:18,508 INFO o.a.j.t.JMeterThread: Thread started: Searches (open model) 2-8
2026-10-09 18:49:18,553 INFO o.a.j.t.JMeterThread: Thread is done: Searches (open model) 2-8
2026-10-09 18:49:18,553 INFO o.a.j.t.JMeterThread: Thread finished: Searches (open model) 2-8
2026-10-09 18:49:18,570 INFO o.a.j.t.JMeterThread: Thread is done: Tickets (open model) 1-4
2026-10-09 18:49:18,570 INFO o.a.j.t.JMeterThread: Thread finished: Tickets (open model) 1-4
2026-10-09 18:49:19,706 INFO o.a.j.t.JMeterThread: Thread started: Searches (open model) 2-9
2026-10-09 18:49:19,732 INFO o.a.j.t.JMeterThread: Thread is done: Searches (open model) 2-9
2026-10-09 18:49:19,732 INFO o.a.j.t.JMeterThread: Thread finished: Searches (open model) 2-9
2026-10-09 18:49:22,897 INFO o.a.j.t.JMeterThread: Thread started: Searches (open model) 2-10
2026-10-09 18:49:22,926 INFO o.a.j.t.JMeterThread: Thread is done: Searches (open model) 2-10
2026-10-09 18:49:22,926 INFO o.a.j.t.JMeterThread: Thread finished: Searches (open model) 2-10
2026-10-09 18:49:28,287 INFO o.a.j.t.JMeterThread: Thread started: Searches (open model) 2-11
2026-10-09 18:49:28,317 INFO o.a.j.t.JMeterThread: Thread is done: Searches (open model) 2-11
2026-10-09 18:49:28,318 INFO o.a.j.t.JMeterThread: Thread finished: Searches (open model) 2-11
2026-10-09 18:49:30,454 INFO o.a.j.t.JMeterThread: Thread started: Searches (open model) 2-12
2026-10-09 18:49:30,483 INFO o.a.j.r.Summariser: summary +      8 in 00:00:29 =    0.3/s Avg:  1398 Min:    18 Max:  6348 Err:     0 (0.00%) Active: 1 Started: 16 Finished: 15
2026-10-09 18:49:30,485 INFO o.a.j.r.Summariser: summary =     16 in 00:01:58 =    0.1/s Avg:  1366 Min:    18 Max:  9238 Err:     0 (0.00%)
2026-10-09 18:49:30,486 INFO o.a.j.t.JMeterThread: Thread is done: Searches (open model) 2-12
2026-10-09 18:49:30,486 INFO o.a.j.t.JMeterThread: Thread finished: Searches (open model) 2-12
2026-10-09 18:49:48,420 INFO o.a.j.t.JMeterThread: Thread started: Searches (open model) 2-13
2026-10-09 18:49:48,445 INFO o.a.j.t.JMeterThread: Thread is done: Searches (open model) 2-13
2026-10-09 18:49:48,445 INFO o.a.j.t.JMeterThread: Thread finished: Searches (open model) 2-13
2026-10-09 18:49:54,734 INFO o.a.j.t.JMeterThread: Thread started: Searches (open model) 2-14
2026-10-09 18:49:54,760 INFO o.a.j.t.JMeterThread: Thread is done: Searches (open model) 2-14
2026-10-09 18:49:54,761 INFO o.a.j.t.JMeterThread: Thread finished: Searches (open model) 2-14
2026-10-09 18:50:03,893 INFO o.a.j.t.JMeterThread: Thread started: Searches (open model) 2-15
2026-10-09 18:50:03,923 INFO o.a.j.r.Summariser: summary +      3 in 00:00:33 =    0.1/s Avg:    21 Min:    21 Max:    23 Err:     0 (0.00%) Active: 1 Started: 19 Finished: 18
2026-10-09 18:50:03,924 INFO o.a.j.r.Summariser: summary =     19 in 00:02:32 =    0.1/s Avg:  1154 Min:    18 Max:  9238 Err:     0 (0.00%)
2026-10-09 18:50:03,925 INFO o.a.j.t.JMeterThread: Thread is done: Searches (open model) 2-15
2026-10-09 18:50:03,925 INFO o.a.j.t.JMeterThread: Thread finished: Searches (open model) 2-15
2026-10-09 18:50:17,318 INFO o.a.j.t.JMeterThread: Thread started: Searches (open model) 2-16
2026-10-09 18:50:17,340 INFO o.a.j.t.JMeterThread: Thread is done: Searches (open model) 2-16
2026-10-09 18:50:17,340 INFO o.a.j.t.JMeterThread: Thread finished: Searches (open model) 2-16
2026-10-09 18:50:33,104 INFO o.a.j.t.JMeterThread: Thread started: Searches (open model) 2-17
2026-10-09 18:50:33,129 INFO o.a.j.r.Summariser: summary +      2 in 00:00:29 =    0.1/s Avg:    20 Min:    18 Max:    22 Err:     0 (0.00%) Active: 1 Started: 21 Finished: 20
2026-10-09 18:50:33,130 INFO o.a.j.r.Summariser: summary =     21 in 00:03:01 =    0.1/s Avg:  1046 Min:    18 Max:  9238 Err:     0 (0.00%)
2026-10-09 18:50:33,130 INFO o.a.j.t.JMeterThread: Thread is done: Searches (open model) 2-17
2026-10-09 18:50:33,130 INFO o.a.j.t.JMeterThread: Thread finished: Searches (open model) 2-17
2026-10-09 18:50:40,922 INFO o.a.j.t.JMeterThread: Thread started: Searches (open model) 2-18
2026-10-09 18:50:40,948 INFO o.a.j.t.JMeterThread: Thread is done: Searches (open model) 2-18
2026-10-09 18:50:40,948 INFO o.a.j.t.JMeterThread: Thread finished: Searches (open model) 2-18
2026-10-09 18:50:42,707 INFO o.a.j.t.JMeterThread: Thread started: Tickets (open model) 1-5
2026-10-09 18:50:44,026 INFO o.a.j.t.JMeterThread: Thread is done: Tickets (open model) 1-5
2026-10-09 18:50:44,026 INFO o.a.j.t.JMeterThread: Thread finished: Tickets (open model) 1-5
2026-10-09 18:51:06,330 INFO o.a.j.t.JMeterThread: Thread started: Searches (open model) 2-19
2026-10-09 18:51:06,355 INFO o.a.j.t.JMeterThread: Thread is done: Searches (open model) 2-19
2026-10-09 18:51:06,355 INFO o.a.j.t.JMeterThread: Thread finished: Searches (open model) 2-19
2026-10-09 18:51:17,094 INFO o.a.j.t.JMeterThread: Thread started: Tickets (open model) 1-6
2026-10-09 18:51:18,442 INFO o.a.j.t.JMeterThread: Thread is done: Tickets (open model) 1-6
2026-10-09 18:51:18,442 INFO o.a.j.t.JMeterThread: Thread finished: Tickets (open model) 1-6
2026-10-09 18:51:25,113 INFO o.a.j.t.JMeterThread: Thread started: Searches (open model) 2-20
2026-10-09 18:51:25,136 INFO o.a.j.t.JMeterThread: Thread is done: Searches (open model) 2-20
2026-10-09 18:51:25,136 INFO o.a.j.t.JMeterThread: Thread finished: Searches (open model) 2-20
2026-10-09 18:51:25,320 INFO o.a.j.t.JMeterThread: Thread started: Searches (open model) 2-21
2026-10-09 18:51:25,344 INFO o.a.j.t.JMeterThread: Thread is done: Searches (open model) 2-21
2026-10-09 18:51:25,344 INFO o.a.j.t.JMeterThread: Thread finished: Searches (open model) 2-21
2026-10-09 18:51:34,540 INFO o.a.j.t.JMeterThread: Thread started: Searches (open model) 2-22
2026-10-09 18:51:34,563 INFO o.a.j.r.Summariser: summary +      7 in 00:01:01 =    0.1/s Avg:   394 Min:    18 Max:  1343 Err:     0 (0.00%) Active: 1 Started: 28 Finished: 27
2026-10-09 18:51:34,564 INFO o.a.j.r.Summariser: summary =     28 in 00:04:02 =    0.1/s Avg:   883 Min:    18 Max:  9238 Err:     0 (0.00%)
2026-10-09 18:51:34,564 INFO o.a.j.t.JMeterThread: Thread is done: Searches (open model) 2-22
2026-10-09 18:51:34,564 INFO o.a.j.t.JMeterThread: Thread finished: Searches (open model) 2-22
2026-10-09 18:51:42,345 INFO o.a.j.t.JMeterThread: Thread started: Searches (open model) 2-23
2026-10-09 18:51:42,368 INFO o.a.j.t.JMeterThread: Thread is done: Searches (open model) 2-23
2026-10-09 18:51:42,368 INFO o.a.j.t.JMeterThread: Thread finished: Searches (open model) 2-23
2026-10-09 18:51:43,268 INFO o.a.j.t.JMeterThread: Thread started: Tickets (open model) 1-7
2026-10-09 18:51:43,648 INFO o.a.j.t.JMeterThread: Thread started: Searches (open model) 2-24
2026-10-09 18:51:43,669 INFO o.a.j.t.JMeterThread: Thread is done: Searches (open model) 2-24
2026-10-09 18:51:43,669 INFO o.a.j.t.JMeterThread: Thread finished: Searches (open model) 2-24
2026-10-09 18:51:47,322 INFO o.a.j.t.JMeterThread: Thread is done: Tickets (open model) 1-7
2026-10-09 18:51:47,322 INFO o.a.j.t.JMeterThread: Thread finished: Tickets (open model) 1-7
2026-10-09 18:51:57,530 INFO o.a.j.t.JMeterThread: Thread started: Searches (open model) 2-25
2026-10-09 18:51:57,556 INFO o.a.j.t.JMeterThread: Thread is done: Searches (open model) 2-25
2026-10-09 18:51:57,557 INFO o.a.j.t.JMeterThread: Thread finished: Searches (open model) 2-25
2026-10-09 18:52:05,527 INFO o.a.j.t.JMeterThread: Thread started: Tickets (open model) 1-8
2026-10-09 18:52:08,314 INFO o.a.j.t.JMeterThread: Thread is done: Tickets (open model) 1-8
2026-10-09 18:52:08,314 INFO o.a.j.t.JMeterThread: Thread finished: Tickets (open model) 1-8
2026-10-09 18:52:20,669 INFO o.a.j.t.JMeterThread: Thread started: Tickets (open model) 1-9
2026-10-09 18:52:23,477 INFO o.a.j.t.JMeterThread: Thread is done: Tickets (open model) 1-9
2026-10-09 18:52:23,478 INFO o.a.j.t.JMeterThread: Thread finished: Tickets (open model) 1-9
2026-10-09 18:52:24,411 INFO o.a.j.t.JMeterThread: Thread started: Searches (open model) 2-26
2026-10-09 18:52:24,433 INFO o.a.j.t.JMeterThread: Thread is done: Searches (open model) 2-26
2026-10-09 18:52:24,434 INFO o.a.j.t.JMeterThread: Thread finished: Searches (open model) 2-26
2026-10-09 18:52:33,727 INFO o.a.j.t.JMeterThread: Thread started: Searches (open model) 2-27
2026-10-09 18:52:33,748 INFO o.a.j.r.Summariser: summary +      8 in 00:00:59 =    0.1/s Avg:  1217 Min:    19 Max:  4049 Err:     0 (0.00%) Active: 1 Started: 36 Finished: 35
2026-10-09 18:52:33,750 INFO o.a.j.r.Summariser: summary =     36 in 00:05:01 =    0.1/s Avg:   957 Min:    18 Max:  9238 Err:     0 (0.00%)
2026-10-09 18:52:33,750 INFO o.a.j.t.JMeterThread: Thread is done: Searches (open model) 2-27
2026-10-09 18:52:33,750 INFO o.a.j.t.JMeterThread: Thread finished: Searches (open model) 2-27
2026-10-09 18:52:41,192 INFO o.a.j.t.JMeterThread: Thread started: Tickets (open model) 1-10
2026-10-09 18:52:43,050 INFO o.a.j.t.JMeterThread: Thread is done: Tickets (open model) 1-10
2026-10-09 18:52:43,050 INFO o.a.j.t.JMeterThread: Thread finished: Tickets (open model) 1-10
2026-10-09 18:52:47,415 INFO o.a.j.t.JMeterThread: Thread started: Tickets (open model) 1-11
2026-10-09 18:52:50,915 INFO o.a.j.t.JMeterThread: Thread is done: Tickets (open model) 1-11
2026-10-09 18:52:50,915 INFO o.a.j.t.JMeterThread: Thread finished: Tickets (open model) 1-11
2026-10-09 18:52:51,321 INFO o.a.j.t.JMeterThread: Thread started: Searches (open model) 2-28
2026-10-09 18:52:51,344 INFO o.a.j.t.JMeterThread: Thread is done: Searches (open model) 2-28
2026-10-09 18:52:51,344 INFO o.a.j.t.JMeterThread: Thread finished: Searches (open model) 2-28
2026-10-09 18:53:02,246 INFO o.a.j.t.JMeterThread: Thread started: Searches (open model) 2-29
2026-10-09 18:53:02,269 INFO o.a.j.r.Summariser: summary +      4 in 00:00:29 =    0.1/s Avg:  1346 Min:    20 Max:  3495 Err:     0 (0.00%) Active: 1 Started: 40 Finished: 39
2026-10-09 18:53:02,270 INFO o.a.j.r.Summariser: summary =     40 in 00:05:30 =    0.1/s Avg:   996 Min:    18 Max:  9238 Err:     0 (0.00%)
2026-10-09 18:53:02,271 INFO o.a.j.t.JMeterThread: Thread is done: Searches (open model) 2-29
2026-10-09 18:53:02,271 INFO o.a.j.t.JMeterThread: Thread finished: Searches (open model) 2-29
2026-10-09 18:53:03,844 INFO o.a.j.t.JMeterThread: Thread started: Searches (open model) 2-30
2026-10-09 18:53:03,877 INFO o.a.j.t.JMeterThread: Thread is done: Searches (open model) 2-30
2026-10-09 18:53:03,878 INFO o.a.j.t.JMeterThread: Thread finished: Searches (open model) 2-30
2026-10-09 18:53:08,677 INFO o.a.j.t.JMeterThread: Thread started: Searches (open model) 2-31
2026-10-09 18:53:08,700 INFO o.a.j.t.JMeterThread: Thread is done: Searches (open model) 2-31
2026-10-09 18:53:08,700 INFO o.a.j.t.JMeterThread: Thread finished: Searches (open model) 2-31
2026-10-09 18:53:15,507 INFO o.a.j.t.JMeterThread: Thread started: Searches (open model) 2-32
2026-10-09 18:53:15,532 INFO o.a.j.t.JMeterThread: Thread is done: Searches (open model) 2-32
2026-10-09 18:53:15,532 INFO o.a.j.t.JMeterThread: Thread finished: Searches (open model) 2-32
2026-10-09 18:53:15,762 INFO o.a.j.t.JMeterThread: Thread started: Searches (open model) 2-33
2026-10-09 18:53:15,783 INFO o.a.j.t.JMeterThread: Thread is done: Searches (open model) 2-33
2026-10-09 18:53:15,783 INFO o.a.j.t.JMeterThread: Thread finished: Searches (open model) 2-33
2026-10-09 18:53:18,955 INFO o.a.j.t.JMeterThread: Thread started: Tickets (open model) 1-12
2026-10-09 18:53:19,155 INFO o.a.j.t.JMeterThread: Thread started: Searches (open model) 2-34
2026-10-09 18:53:19,180 INFO o.a.j.t.JMeterThread: Thread is done: Searches (open model) 2-34
2026-10-09 18:53:19,180 INFO o.a.j.t.JMeterThread: Thread finished: Searches (open model) 2-34
2026-10-09 18:53:22,048 INFO o.a.j.t.JMeterThread: Thread is done: Tickets (open model) 1-12
2026-10-09 18:53:22,048 INFO o.a.j.t.JMeterThread: Thread finished: Tickets (open model) 1-12
2026-10-09 18:53:23,141 INFO o.a.j.t.JMeterThread: Thread started: Searches (open model) 2-35
2026-10-09 18:53:23,163 INFO o.a.j.t.JMeterThread: Thread is done: Searches (open model) 2-35
2026-10-09 18:53:23,163 INFO o.a.j.t.JMeterThread: Thread finished: Searches (open model) 2-35
2026-10-09 18:53:29,012 INFO o.a.j.t.JMeterThread: Thread started: Searches (open model) 2-36
2026-10-09 18:53:29,037 INFO o.a.j.t.JMeterThread: Thread is done: Searches (open model) 2-36
2026-10-09 18:53:29,037 INFO o.a.j.t.JMeterThread: Thread finished: Searches (open model) 2-36
2026-10-09 18:53:48,529 INFO o.a.j.t.JMeterThread: Thread started: Searches (open model) 2-37
2026-10-09 18:53:48,552 INFO o.a.j.t.JMeterThread: Thread is done: Searches (open model) 2-37
2026-10-09 18:53:48,552 INFO o.a.j.t.JMeterThread: Thread finished: Searches (open model) 2-37
2026-10-09 18:53:54,980 INFO o.a.j.t.JMeterThread: Thread started: Searches (open model) 2-38
2026-10-09 18:53:55,002 INFO o.a.j.t.JMeterThread: Thread is done: Searches (open model) 2-38
2026-10-09 18:53:55,002 INFO o.a.j.t.JMeterThread: Thread finished: Searches (open model) 2-38
2026-10-09 18:54:14,970 INFO o.a.j.t.JMeterThread: Thread started: Tickets (open model) 1-13
2026-10-09 18:54:17,753 INFO o.a.j.t.JMeterThread: Thread is done: Tickets (open model) 1-13
2026-10-09 18:54:17,753 INFO o.a.j.t.JMeterThread: Thread finished: Tickets (open model) 1-13
2026-10-09 18:54:18,094 INFO o.a.j.t.JMeterThread: Thread started: Tickets (open model) 1-14
2026-10-09 18:54:21,424 INFO o.a.j.t.JMeterThread: Thread started: Tickets (open model) 1-15
2026-10-09 18:54:22,365 INFO o.a.j.t.JMeterThread: Thread is done: Tickets (open model) 1-14
2026-10-09 18:54:22,366 INFO o.a.j.t.JMeterThread: Thread finished: Tickets (open model) 1-14
2026-10-09 18:54:24,607 INFO o.a.j.t.JMeterThread: Thread is done: Tickets (open model) 1-15
2026-10-09 18:54:24,607 INFO o.a.j.t.JMeterThread: Thread finished: Tickets (open model) 1-15
2026-10-09 18:54:30,216 INFO o.a.j.t.JMeterThread: Thread started: Searches (open model) 2-39
2026-10-09 18:54:30,243 INFO o.a.j.r.Summariser: summary +     14 in 00:01:28 =    0.2/s Avg:   966 Min:    18 Max:  4266 Err:     0 (0.00%) Active: 1 Started: 54 Finished: 53
2026-10-09 18:54:30,244 INFO o.a.j.r.Summariser: summary =     54 in 00:06:58 =    0.1/s Avg:   988 Min:    18 Max:  9238 Err:     0 (0.00%)
2026-10-09 18:54:30,244 INFO o.a.j.t.JMeterThread: Thread is done: Searches (open model) 2-39
2026-10-09 18:54:30,244 INFO o.a.j.t.JMeterThread: Thread finished: Searches (open model) 2-39
2026-10-09 18:54:43,912 INFO o.a.j.t.JMeterThread: Thread started: Tickets (open model) 1-16
2026-10-09 18:54:46,976 INFO o.a.j.t.JMeterThread: Thread started: Searches (open model) 2-40
2026-10-09 18:54:47,011 INFO o.a.j.t.JMeterThread: Thread is done: Searches (open model) 2-40
2026-10-09 18:54:47,012 INFO o.a.j.t.JMeterThread: Thread finished: Searches (open model) 2-40
2026-10-09 18:54:47,213 INFO o.a.j.t.JMeterThread: Thread is done: Tickets (open model) 1-16
2026-10-09 18:54:47,213 INFO o.a.j.t.JMeterThread: Thread finished: Tickets (open model) 1-16
2026-10-09 18:54:59,197 INFO o.a.j.t.JMeterThread: Thread started: Tickets (open model) 1-17
2026-10-09 18:55:01,223 INFO o.a.j.t.JMeterThread: Thread started: Searches (open model) 2-41
2026-10-09 18:55:01,251 INFO o.a.j.r.Summariser: summary +      3 in 00:00:31 =    0.1/s Avg:  1117 Min:    25 Max:  3296 Err:     0 (0.00%) Active: 2 Started: 58 Finished: 56
2026-10-09 18:55:01,251 INFO o.a.j.r.Summariser: summary =     57 in 00:07:29 =    0.1/s Avg:   995 Min:    18 Max:  9238 Err:     0 (0.00%)
2026-10-09 18:55:01,252 INFO o.a.j.t.JMeterThread: Thread is done: Searches (open model) 2-41
2026-10-09 18:55:01,252 INFO o.a.j.t.JMeterThread: Thread finished: Searches (open model) 2-41
2026-10-09 18:55:02,509 INFO o.a.j.t.JMeterThread: Thread is done: Tickets (open model) 1-17
2026-10-09 18:55:02,510 INFO o.a.j.t.JMeterThread: Thread finished: Tickets (open model) 1-17
2026-10-09 18:55:08,760 INFO o.a.j.t.JMeterThread: Thread started: Searches (open model) 2-42
2026-10-09 18:55:08,785 INFO o.a.j.t.JMeterThread: Thread is done: Searches (open model) 2-42
2026-10-09 18:55:08,785 INFO o.a.j.t.JMeterThread: Thread finished: Searches (open model) 2-42
2026-10-09 18:55:12,565 INFO o.a.j.t.JMeterThread: Thread started: Tickets (open model) 1-18
2026-10-09 18:55:15,717 INFO o.a.j.t.JMeterThread: Thread is done: Tickets (open model) 1-18
2026-10-09 18:55:15,717 INFO o.a.j.t.JMeterThread: Thread finished: Tickets (open model) 1-18
2026-10-09 18:55:36,299 INFO o.a.j.t.JMeterThread: Thread started: Tickets (open model) 1-19
2026-10-09 18:55:39,284 INFO o.a.j.t.JMeterThread: Thread started: Tickets (open model) 1-20
2026-10-09 18:55:40,805 INFO o.a.j.t.JMeterThread: Thread is done: Tickets (open model) 1-19
2026-10-09 18:55:40,806 INFO o.a.j.t.JMeterThread: Thread finished: Tickets (open model) 1-19
2026-10-09 18:55:42,591 INFO o.a.j.t.JMeterThread: Thread is done: Tickets (open model) 1-20
2026-10-09 18:55:42,591 INFO o.a.j.t.JMeterThread: Thread finished: Tickets (open model) 1-20
2026-10-09 18:55:44,901 INFO o.a.j.t.JMeterThread: Thread started: Tickets (open model) 1-21
2026-10-09 18:55:47,052 INFO o.a.j.t.JMeterThread: Thread is done: Tickets (open model) 1-21
2026-10-09 18:55:47,053 INFO o.a.j.t.JMeterThread: Thread finished: Tickets (open model) 1-21
2026-10-09 18:55:47,101 INFO o.a.j.t.JMeterThread: Thread started: Searches (open model) 2-43
2026-10-09 18:55:47,123 INFO o.a.j.t.JMeterThread: Thread is done: Searches (open model) 2-43
2026-10-09 18:55:47,123 INFO o.a.j.t.JMeterThread: Thread finished: Searches (open model) 2-43
2026-10-09 18:55:49,570 INFO o.a.j.t.JMeterThread: Thread started: Searches (open model) 2-44
2026-10-09 18:55:49,589 INFO o.a.j.t.JMeterThread: Thread is done: Searches (open model) 2-44
2026-10-09 18:55:49,589 INFO o.a.j.t.JMeterThread: Thread finished: Searches (open model) 2-44
2026-10-09 18:55:51,599 INFO o.a.j.t.JMeterThread: Thread started: Searches (open model) 2-45
2026-10-09 18:55:51,627 INFO o.a.j.t.JMeterThread: Thread is done: Searches (open model) 2-45
2026-10-09 18:55:51,628 INFO o.a.j.t.JMeterThread: Thread finished: Searches (open model) 2-45
2026-10-09 18:55:54,549 INFO o.a.j.t.JMeterThread: Thread started: Searches (open model) 2-46
2026-10-09 18:55:54,575 INFO o.a.j.t.JMeterThread: Thread is done: Searches (open model) 2-46
2026-10-09 18:55:54,576 INFO o.a.j.t.JMeterThread: Thread finished: Searches (open model) 2-46
2026-10-09 18:55:55,662 INFO o.a.j.t.JMeterThread: Thread started: Tickets (open model) 1-22
2026-10-09 18:55:57,907 INFO o.a.j.t.JMeterThread: Thread is done: Tickets (open model) 1-22
2026-10-09 18:55:57,907 INFO o.a.j.t.JMeterThread: Thread finished: Tickets (open model) 1-22
2026-10-09 18:56:02,984 INFO o.a.j.t.JMeterThread: Thread started: Searches (open model) 2-47
2026-10-09 18:56:03,003 INFO o.a.j.r.Summariser: summary +     12 in 00:01:02 =    0.2/s Avg:  1563 Min:    17 Max:  4502 Err:     0 (0.00%) Active: 1 Started: 69 Finished: 68
2026-10-09 18:56:03,004 INFO o.a.j.r.Summariser: summary =     69 in 00:08:31 =    0.1/s Avg:  1094 Min:    17 Max:  9238 Err:     0 (0.00%)
2026-10-09 18:56:03,005 INFO o.a.j.t.JMeterThread: Thread is done: Searches (open model) 2-47
2026-10-09 18:56:03,005 INFO o.a.j.t.JMeterThread: Thread finished: Searches (open model) 2-47
2026-10-09 18:56:05,030 INFO o.a.j.t.JMeterThread: Thread started: Searches (open model) 2-48
2026-10-09 18:56:05,049 INFO o.a.j.t.JMeterThread: Thread is done: Searches (open model) 2-48
2026-10-09 18:56:05,049 INFO o.a.j.t.JMeterThread: Thread finished: Searches (open model) 2-48
2026-10-09 18:56:10,355 INFO o.a.j.t.JMeterThread: Thread started: Searches (open model) 2-49
2026-10-09 18:56:10,381 INFO o.a.j.t.JMeterThread: Thread is done: Searches (open model) 2-49
2026-10-09 18:56:10,381 INFO o.a.j.t.JMeterThread: Thread finished: Searches (open model) 2-49
2026-10-09 18:56:12,315 INFO o.a.j.t.JMeterThread: Thread started: Tickets (open model) 1-23
2026-10-09 18:56:16,340 INFO o.a.j.t.JMeterThread: Thread is done: Tickets (open model) 1-23
2026-10-09 18:56:16,340 INFO o.a.j.t.JMeterThread: Thread finished: Tickets (open model) 1-23
2026-10-09 18:56:36,171 INFO o.a.j.t.JMeterThread: Thread started: Tickets (open model) 1-24
2026-10-09 18:56:40,696 INFO o.a.j.t.JMeterThread: Thread started: Searches (open model) 2-50
2026-10-09 18:56:40,718 INFO o.a.j.t.JMeterThread: Thread started: Tickets (open model) 1-25
2026-10-09 18:56:40,731 INFO o.a.j.t.JMeterThread: Thread is done: Searches (open model) 2-50
2026-10-09 18:56:40,731 INFO o.a.j.t.JMeterThread: Thread finished: Searches (open model) 2-50
2026-10-09 18:56:40,946 INFO o.a.j.t.JMeterThread: Thread is done: Tickets (open model) 1-24
2026-10-09 18:56:40,946 INFO o.a.j.t.JMeterThread: Thread finished: Tickets (open model) 1-24
2026-10-09 18:56:43,581 INFO o.a.j.t.JMeterThread: Thread is done: Tickets (open model) 1-25
2026-10-09 18:56:43,581 INFO o.a.j.t.JMeterThread: Thread finished: Tickets (open model) 1-25
2026-10-09 18:56:49,766 INFO o.a.j.t.JMeterThread: Thread started: Searches (open model) 2-51
2026-10-09 18:56:49,794 INFO o.a.j.t.JMeterThread: Thread is done: Searches (open model) 2-51
2026-10-09 18:56:49,794 INFO o.a.j.t.JMeterThread: Thread finished: Searches (open model) 2-51
2026-10-09 18:57:03,229 INFO o.a.j.t.JMeterThread: Thread started: Searches (open model) 2-52
2026-10-09 18:57:03,257 INFO o.a.j.r.Summariser: summary +      8 in 00:01:00 =    0.1/s Avg:  1471 Min:    17 Max:  4771 Err:     0 (0.00%) Active: 1 Started: 77 Finished: 76
2026-10-09 18:57:03,258 INFO o.a.j.r.Summariser: summary =     77 in 00:09:31 =    0.1/s Avg:  1133 Min:    17 Max:  9238 Err:     0 (0.00%)
2026-10-09 18:57:03,258 INFO o.a.j.t.JMeterThread: Thread is done: Searches (open model) 2-52
2026-10-09 18:57:03,258 INFO o.a.j.t.JMeterThread: Thread finished: Searches (open model) 2-52
2026-10-09 18:57:14,066 INFO o.a.j.t.o.EvenArrivalsRamp: Generating 0 events, beginRate = 0.0 / sec, endRate = 0.0 / sec, duration = 60.0 sec
2026-10-09 18:57:14,067 INFO o.a.j.t.JMeterThread: Thread started: Searches (open model) 2-53
2026-10-09 18:57:14,067 INFO o.a.j.t.o.OpenModelThreadGroup: There will be no more events, so will wait for 78 sec till the end of the schedule
2026-10-09 18:57:14,091 INFO o.a.j.t.JMeterThread: Thread is done: Searches (open model) 2-53
2026-10-09 18:57:14,091 INFO o.a.j.t.JMeterThread: Thread finished: Searches (open model) 2-53
2026-10-09 18:57:17,981 INFO o.a.j.t.o.EvenArrivalsRamp: Generating 0 events, beginRate = 0.0 / sec, endRate = 0.0 / sec, duration = 60.0 sec
2026-10-09 18:57:17,982 INFO o.a.j.t.o.OpenModelThreadGroup: There will be no more events, so will wait for 74 sec till the end of the schedule
2026-10-09 18:57:17,982 INFO o.a.j.t.JMeterThread: Thread started: Tickets (open model) 1-26
2026-10-09 18:57:23,416 INFO o.a.j.t.JMeterThread: Thread is done: Tickets (open model) 1-26
2026-10-09 18:57:23,416 INFO o.a.j.t.JMeterThread: Thread finished: Tickets (open model) 1-26
2026-10-09 18:58:32,242 INFO o.a.j.t.o.OpenModelThreadGroup: There will be no more events, will shutdown the thread pool
2026-10-09 18:58:32,242 INFO o.a.j.t.o.OpenModelThreadGroup: There will be no more events, will shutdown the thread pool
2026-10-09 18:58:32,243 INFO o.a.j.t.o.OpenModelThreadGroup: Thread starting done
2026-10-09 18:58:32,243 INFO o.a.j.t.o.OpenModelThreadGroup: Thread starting done
2026-10-09 18:58:32,243 INFO o.a.j.e.StandardJMeterEngine: Notifying test listeners of end of test
2026-10-09 18:58:32,243 INFO o.a.j.s.FileServer: Close: data/team11/jmeter_search_terms.csv
2026-10-09 18:58:32,243 INFO o.a.j.s.FileServer: Close: data/team11/jmeter_tickets.csv
2026-10-09 18:58:32,245 INFO o.a.j.r.Summariser: summary +      2 in 00:01:29 =    0.0/s Avg:  2726 Min:    22 Max:  5430 Err:     0 (0.00%) Active: 0 Started: 79 Finished: 79
2026-10-09 18:58:32,246 INFO o.a.j.r.Summariser: summary =     79 in 00:11:00 =    0.1/s Avg:  1173 Min:    17 Max:  9238 Err:     0 (0.00%)
