2026-10-09 19:29:55,084 INFO o.a.j.u.JMeterUtils: Setting Locale to en_EN
2026-10-09 19:29:55,136 INFO o.a.j.JMeter: Loading user properties from: C:\jmeter\apache-jmeter-5.6.3\apache-jmeter-5.6.3\bin\user.properties
2026-10-09 19:29:55,139 INFO o.a.j.JMeter: Loading system properties from: C:\jmeter\apache-jmeter-5.6.3\apache-jmeter-5.6.3\bin\system.properties
2026-10-09 19:29:55,140 INFO o.a.j.JMeter: Setting JMeter property: host=192.168.88.6
2026-10-09 19:29:55,140 INFO o.a.j.JMeter: Setting JMeter property: tickets_per_hour=78.67
2026-10-09 19:29:55,140 INFO o.a.j.JMeter: Setting JMeter property: searches_per_hour=157.33
2026-10-09 19:29:55,140 INFO o.a.j.JMeter: Setting JMeter property: duration_min=10
2026-10-09 19:29:55,140 INFO o.a.j.JMeter: Setting JMeter property: drain_sec=60
2026-10-09 19:29:55,141 INFO o.a.j.JMeter: Setting JMeter property: sample_variables=row,request_id
2026-10-09 19:29:55,156 INFO o.a.j.JMeter: Copyright (c) 1998-2024 The Apache Software Foundation
2026-10-09 19:29:55,156 INFO o.a.j.JMeter: Version 5.6.3
2026-10-09 19:29:55,157 INFO o.a.j.JMeter: java.version=21.0.12
2026-10-09 19:29:55,157 INFO o.a.j.JMeter: java.vm.name=Java HotSpot(TM) 64-Bit Server VM
2026-10-09 19:29:55,157 INFO o.a.j.JMeter: os.name=Windows 11
2026-10-09 19:29:55,157 INFO o.a.j.JMeter: os.arch=amd64
2026-10-09 19:29:55,157 INFO o.a.j.JMeter: os.version=10.0
2026-10-09 19:29:55,157 INFO o.a.j.JMeter: file.encoding=UTF-8
2026-10-09 19:29:55,158 INFO o.a.j.JMeter: java.awt.headless=true
2026-10-09 19:29:55,158 INFO o.a.j.JMeter: Max memory     =1073741824
2026-10-09 19:29:55,158 INFO o.a.j.JMeter: Available Processors =8
2026-10-09 19:29:55,181 INFO o.a.j.JMeter: Default Locale=English (EN)
2026-10-09 19:29:55,182 INFO o.a.j.JMeter: JMeter  Locale=English (EN)
2026-10-09 19:29:55,183 INFO o.a.j.JMeter: JMeterHome=C:\jmeter\apache-jmeter-5.6.3\apache-jmeter-5.6.3
2026-10-09 19:29:55,183 INFO o.a.j.JMeter: user.dir  =C:\Users\whjw1\OneDrive\Documents\GitHub\ICT3113-PTO-Project
2026-10-09 19:29:55,185 INFO o.a.j.JMeter: PWD       =C:\Users\whjw1\OneDrive\Documents\GitHub\ICT3113-PTO-Project
2026-10-09 19:29:55,187 INFO o.a.j.JMeter: IP: 192.168.88.8 Name: w-laptop FullName: w-laptop
2026-10-09 19:29:55,211 INFO o.a.j.s.FileServer: Default base='C:\Users\whjw1\OneDrive\Documents\GitHub\ICT3113-PTO-Project'
2026-10-09 19:29:55,215 INFO o.a.j.s.FileServer: Set new base='C:\Users\whjw1\OneDrive\Documents\GitHub\ICT3113-PTO-Project'
2026-10-09 19:29:55,579 INFO o.a.j.s.SaveService: Testplan (JMX) version: 2.2. Testlog (JTL) version: 2.2
2026-10-09 19:29:55,648 INFO o.a.j.s.SaveService: Using SaveService properties version 5.0
2026-10-09 19:29:55,654 INFO o.a.j.s.SaveService: Using SaveService properties file encoding UTF-8
2026-10-09 19:29:55,660 INFO o.a.j.s.SaveService: Loading file: ticket-load-test.jmx
2026-10-09 19:29:55,866 INFO o.a.j.p.h.s.HTTPSamplerBase: Parser for text/html is org.apache.jmeter.protocol.http.parser.LagartoBasedHtmlParser
2026-10-09 19:29:55,867 INFO o.a.j.p.h.s.HTTPSamplerBase: Parser for application/xhtml+xml is org.apache.jmeter.protocol.http.parser.LagartoBasedHtmlParser
2026-10-09 19:29:55,867 INFO o.a.j.p.h.s.HTTPSamplerBase: Parser for application/xml is org.apache.jmeter.protocol.http.parser.LagartoBasedHtmlParser
2026-10-09 19:29:55,867 INFO o.a.j.p.h.s.HTTPSamplerBase: Parser for text/xml is org.apache.jmeter.protocol.http.parser.LagartoBasedHtmlParser
2026-10-09 19:29:55,867 INFO o.a.j.p.h.s.HTTPSamplerBase: Parser for text/vnd.wap.wml is org.apache.jmeter.protocol.http.parser.RegexpHTMLParser
2026-10-09 19:29:55,867 INFO o.a.j.p.h.s.HTTPSamplerBase: Parser for text/css is org.apache.jmeter.protocol.http.parser.CssParser
2026-10-09 19:29:55,945 INFO o.a.j.JMeter: Creating summariser <summary>
2026-10-09 19:29:56,006 INFO o.a.j.e.StandardJMeterEngine: Running the test!
2026-10-09 19:29:56,008 INFO o.a.j.s.SampleEvent: List of sample_variables: [row, request_id]
2026-10-09 19:29:56,009 INFO o.a.j.s.SampleEvent: List of sample_variables: [row, request_id]
2026-10-09 19:29:56,025 INFO o.a.j.e.u.CompoundVariable: Note: Function class names must contain the string: '.functions.'
2026-10-09 19:29:56,026 INFO o.a.j.e.u.CompoundVariable: Note: Function class names must not contain the string: '.gui.'
2026-10-09 19:29:56,290 INFO o.a.j.JMeter: Running test (1791545396290)
2026-10-09 19:29:56,294 INFO o.a.j.e.StandardJMeterEngine: Starting setUp thread groups
2026-10-09 19:29:56,294 INFO o.a.j.e.StandardJMeterEngine: Starting setUp ThreadGroup: 1 : Require host property 
2026-10-09 19:29:56,294 INFO o.a.j.e.StandardJMeterEngine: Starting 1 threads for group Require host property.
2026-10-09 19:29:56,294 INFO o.a.j.e.StandardJMeterEngine: Test will stop abruptly on error
2026-10-09 19:29:56,294 INFO o.a.j.t.ThreadGroup: Starting thread group... number=1 threads=1 ramp-up=0 delayedStart=false
2026-10-09 19:29:56,305 INFO o.a.j.t.ThreadGroup: Started thread group number 1
2026-10-09 19:29:56,305 INFO o.a.j.e.StandardJMeterEngine: Waiting for all setup thread groups to exit
2026-10-09 19:29:56,309 INFO o.a.j.t.JMeterThread: Thread started: Require host property 1-1
2026-10-09 19:29:56,313 INFO o.a.j.s.SampleResult: Note: Sample TimeStamps are START times
2026-10-09 19:29:56,314 INFO o.a.j.s.SampleResult: sampleresult.default.encoding is set to UTF-8
2026-10-09 19:29:56,314 INFO o.a.j.s.SampleResult: sampleresult.useNanoTime=true
2026-10-09 19:29:56,314 INFO o.a.j.s.SampleResult: sampleresult.nanoThreadSleep=5000
2026-10-09 19:29:56,334 INFO o.a.j.t.JMeterThread: Thread is done: Require host property 1-1
2026-10-09 19:29:56,335 INFO o.a.j.t.JMeterThread: Thread finished: Require host property 1-1
2026-10-09 19:29:56,335 INFO o.a.j.e.StandardJMeterEngine: All Setup Threads have ended
2026-10-09 19:29:56,371 INFO o.a.j.e.StandardJMeterEngine: Starting ThreadGroup: 1 : Tickets (open model)
2026-10-09 19:29:56,371 INFO o.a.j.e.StandardJMeterEngine: Starting 0 threads for group Tickets (open model).
2026-10-09 19:29:56,371 INFO o.a.j.e.StandardJMeterEngine: Thread will continue on error
2026-10-09 19:29:56,372 INFO o.a.j.t.o.OpenModelThreadGroup: Starting OpenModelThreadGroup#1 with schedule rate(78.67/hour) random_arrivals(10 min) pause(60 sec)
2026-10-09 19:29:56,443 INFO o.a.j.e.StandardJMeterEngine: Starting ThreadGroup: 2 : Searches (open model)
2026-10-09 19:29:56,444 INFO o.a.j.e.StandardJMeterEngine: Starting 0 threads for group Searches (open model).
2026-10-09 19:29:56,444 INFO o.a.j.e.StandardJMeterEngine: Thread will continue on error
2026-10-09 19:29:56,444 INFO o.a.j.t.o.OpenModelThreadGroup: Starting OpenModelThreadGroup#2 with schedule rate(157.33/hour) random_arrivals(10 min) pause(60 sec)
2026-10-09 19:29:56,444 INFO o.a.j.t.o.OpenModelThreadGroup: Thread starting init
2026-10-09 19:29:56,445 INFO o.a.j.e.StandardJMeterEngine: All thread groups have been started
2026-10-09 19:29:56,446 INFO o.a.j.t.o.OpenModelThreadGroup: Thread starting init
2026-10-09 19:29:56,451 INFO o.a.j.t.o.PoissonArrivalsRamp: Generating 13 events, beginRate = 0.021852777777777777 / sec, endRate = 0.021852777777777777 / sec, duration = 600.0 sec
2026-10-09 19:29:56,451 INFO o.a.j.t.o.PoissonArrivalsRamp: Generating 26 events, beginRate = 0.04370277777777778 / sec, endRate = 0.04370277777777778 / sec, duration = 600.0 sec
2026-10-09 19:30:15,405 INFO o.a.j.t.JMeterThread: Thread started: Searches (open model) 2-1
2026-10-09 19:30:15,407 INFO o.a.j.s.FileServer: Stored: data/team11/jmeter_search_terms.csv
2026-10-09 19:30:15,453 INFO o.a.j.p.h.s.HTTPHCAbstractImpl: Local host = w-laptop
2026-10-09 19:30:15,467 INFO o.a.j.p.h.s.HTTPHC4Impl: HTTP request retry count = 0
2026-10-09 19:30:15,765 INFO o.a.j.t.JMeterThread: Thread is done: Searches (open model) 2-1
2026-10-09 19:30:15,766 INFO o.a.j.t.JMeterThread: Thread finished: Searches (open model) 2-1
2026-10-09 19:30:32,416 INFO o.a.j.t.JMeterThread: Thread started: Searches (open model) 2-2
2026-10-09 19:30:32,440 INFO o.a.j.r.Summariser: summary +      2 in 00:00:36 =    0.1/s Avg:    47 Min:    15 Max:    80 Err:     0 (0.00%) Active: 1 Started: 2 Finished: 1
2026-10-09 19:30:32,441 INFO o.a.j.t.JMeterThread: Thread is done: Searches (open model) 2-2
2026-10-09 19:30:32,441 INFO o.a.j.t.JMeterThread: Thread finished: Searches (open model) 2-2
2026-10-09 19:30:58,543 INFO o.a.j.t.JMeterThread: Thread started: Searches (open model) 2-3
2026-10-09 19:30:58,585 INFO o.a.j.t.JMeterThread: Thread is done: Searches (open model) 2-3
2026-10-09 19:30:58,585 INFO o.a.j.t.JMeterThread: Thread finished: Searches (open model) 2-3
2026-10-09 19:31:00,921 INFO o.a.j.t.JMeterThread: Thread started: Searches (open model) 2-4
2026-10-09 19:31:00,951 INFO o.a.j.r.Summariser: summary +      2 in 00:00:29 =    0.1/s Avg:    27 Min:    25 Max:    30 Err:     0 (0.00%) Active: 1 Started: 4 Finished: 3
2026-10-09 19:31:00,953 INFO o.a.j.r.Summariser: summary =      4 in 00:01:05 =    0.1/s Avg:    37 Min:    15 Max:    80 Err:     0 (0.00%)
2026-10-09 19:31:00,956 INFO o.a.j.t.JMeterThread: Thread is done: Searches (open model) 2-4
2026-10-09 19:31:00,957 INFO o.a.j.t.JMeterThread: Thread finished: Searches (open model) 2-4
2026-10-09 19:31:08,720 INFO o.a.j.t.JMeterThread: Thread started: Searches (open model) 2-5
2026-10-09 19:31:08,760 INFO o.a.j.t.JMeterThread: Thread is done: Searches (open model) 2-5
2026-10-09 19:31:08,761 INFO o.a.j.t.JMeterThread: Thread finished: Searches (open model) 2-5
2026-10-09 19:31:21,952 INFO o.a.j.t.JMeterThread: Thread started: Searches (open model) 2-6
2026-10-09 19:31:21,981 INFO o.a.j.t.JMeterThread: Thread is done: Searches (open model) 2-6
2026-10-09 19:31:21,982 INFO o.a.j.t.JMeterThread: Thread finished: Searches (open model) 2-6
2026-10-09 19:31:51,847 INFO o.a.j.t.JMeterThread: Thread started: Tickets (open model) 1-1
2026-10-09 19:31:51,849 INFO o.a.j.s.FileServer: Stored: data/team11/jmeter_tickets.csv
2026-10-09 19:31:53,241 INFO o.a.j.t.JMeterThread: Thread is done: Tickets (open model) 1-1
2026-10-09 19:31:53,242 INFO o.a.j.t.JMeterThread: Thread finished: Tickets (open model) 1-1
2026-10-09 19:33:04,827 INFO o.a.j.t.JMeterThread: Thread started: Tickets (open model) 1-2
2026-10-09 19:33:07,209 INFO o.a.j.t.JMeterThread: Thread started: Searches (open model) 2-7
2026-10-09 19:33:07,235 INFO o.a.j.t.JMeterThread: Thread is done: Searches (open model) 2-7
2026-10-09 19:33:07,236 INFO o.a.j.t.JMeterThread: Thread finished: Searches (open model) 2-7
2026-10-09 19:33:10,354 INFO o.a.j.t.JMeterThread: Thread is done: Tickets (open model) 1-2
2026-10-09 19:33:10,354 INFO o.a.j.t.JMeterThread: Thread finished: Tickets (open model) 1-2
2026-10-09 19:33:40,612 INFO o.a.j.t.JMeterThread: Thread started: Tickets (open model) 1-3
2026-10-09 19:33:41,382 INFO o.a.j.t.JMeterThread: Thread is done: Tickets (open model) 1-3
2026-10-09 19:33:41,383 INFO o.a.j.t.JMeterThread: Thread finished: Tickets (open model) 1-3
2026-10-09 19:33:58,375 INFO o.a.j.t.JMeterThread: Thread started: Tickets (open model) 1-4
2026-10-09 19:33:59,304 INFO o.a.j.t.JMeterThread: Thread is done: Tickets (open model) 1-4
2026-10-09 19:33:59,304 INFO o.a.j.t.JMeterThread: Thread finished: Tickets (open model) 1-4
2026-10-09 19:34:07,186 INFO o.a.j.t.JMeterThread: Thread started: Searches (open model) 2-8
2026-10-09 19:34:07,222 INFO o.a.j.t.JMeterThread: Thread is done: Searches (open model) 2-8
2026-10-09 19:34:07,222 INFO o.a.j.t.JMeterThread: Thread finished: Searches (open model) 2-8
2026-10-09 19:34:08,292 INFO o.a.j.t.JMeterThread: Thread started: Searches (open model) 2-9
2026-10-09 19:34:08,326 INFO o.a.j.t.JMeterThread: Thread is done: Searches (open model) 2-9
2026-10-09 19:34:08,326 INFO o.a.j.t.JMeterThread: Thread finished: Searches (open model) 2-9
2026-10-09 19:34:23,092 INFO o.a.j.t.JMeterThread: Thread started: Tickets (open model) 1-5
2026-10-09 19:34:24,495 INFO o.a.j.t.JMeterThread: Thread is done: Tickets (open model) 1-5
2026-10-09 19:34:24,496 INFO o.a.j.t.JMeterThread: Thread finished: Tickets (open model) 1-5
2026-10-09 19:34:31,831 INFO o.a.j.t.JMeterThread: Thread started: Searches (open model) 2-10
2026-10-09 19:34:31,857 INFO o.a.j.r.Summariser: summary +     11 in 00:03:31 =    0.1/s Avg:   916 Min:    21 Max:  5515 Err:     0 (0.00%) Active: 1 Started: 15 Finished: 14
2026-10-09 19:34:31,859 INFO o.a.j.r.Summariser: summary =     15 in 00:04:36 =    0.1/s Avg:   682 Min:    15 Max:  5515 Err:     0 (0.00%)
2026-10-09 19:34:31,860 INFO o.a.j.t.JMeterThread: Thread is done: Searches (open model) 2-10
2026-10-09 19:34:31,860 INFO o.a.j.t.JMeterThread: Thread finished: Searches (open model) 2-10
2026-10-09 19:34:56,686 INFO o.a.j.t.JMeterThread: Thread started: Searches (open model) 2-11
2026-10-09 19:34:56,716 INFO o.a.j.t.JMeterThread: Thread is done: Searches (open model) 2-11
2026-10-09 19:34:56,717 INFO o.a.j.t.JMeterThread: Thread finished: Searches (open model) 2-11
2026-10-09 19:35:03,780 INFO o.a.j.t.JMeterThread: Thread started: Searches (open model) 2-12
2026-10-09 19:35:03,814 INFO o.a.j.r.Summariser: summary +      2 in 00:00:32 =    0.1/s Avg:    25 Min:    23 Max:    28 Err:     0 (0.00%) Active: 1 Started: 17 Finished: 16
2026-10-09 19:35:03,815 INFO o.a.j.r.Summariser: summary =     17 in 00:05:08 =    0.1/s Avg:   605 Min:    15 Max:  5515 Err:     0 (0.00%)
2026-10-09 19:35:03,816 INFO o.a.j.t.JMeterThread: Thread is done: Searches (open model) 2-12
2026-10-09 19:35:03,817 INFO o.a.j.t.JMeterThread: Thread finished: Searches (open model) 2-12
2026-10-09 19:35:23,340 INFO o.a.j.t.JMeterThread: Thread started: Searches (open model) 2-13
2026-10-09 19:35:23,366 INFO o.a.j.t.JMeterThread: Thread is done: Searches (open model) 2-13
2026-10-09 19:35:23,367 INFO o.a.j.t.JMeterThread: Thread finished: Searches (open model) 2-13
2026-10-09 19:35:33,197 INFO o.a.j.t.JMeterThread: Thread started: Searches (open model) 2-14
2026-10-09 19:35:33,229 INFO o.a.j.r.Summariser: summary +      2 in 00:00:29 =    0.1/s Avg:    23 Min:    22 Max:    25 Err:     0 (0.00%) Active: 1 Started: 19 Finished: 18
2026-10-09 19:35:33,231 INFO o.a.j.r.Summariser: summary =     19 in 00:05:37 =    0.1/s Avg:   543 Min:    15 Max:  5515 Err:     0 (0.00%)
2026-10-09 19:35:33,233 INFO o.a.j.t.JMeterThread: Thread is done: Searches (open model) 2-14
2026-10-09 19:35:33,235 INFO o.a.j.t.JMeterThread: Thread finished: Searches (open model) 2-14
2026-10-09 19:35:41,635 INFO o.a.j.t.JMeterThread: Thread started: Searches (open model) 2-15
2026-10-09 19:35:41,665 INFO o.a.j.t.JMeterThread: Thread is done: Searches (open model) 2-15
2026-10-09 19:35:41,666 INFO o.a.j.t.JMeterThread: Thread finished: Searches (open model) 2-15
2026-10-09 19:35:47,328 INFO o.a.j.t.JMeterThread: Thread started: Searches (open model) 2-16
2026-10-09 19:35:47,360 INFO o.a.j.t.JMeterThread: Thread is done: Searches (open model) 2-16
2026-10-09 19:35:47,360 INFO o.a.j.t.JMeterThread: Thread finished: Searches (open model) 2-16
2026-10-09 19:35:48,521 INFO o.a.j.t.JMeterThread: Thread started: Tickets (open model) 1-6
2026-10-09 19:35:49,797 INFO o.a.j.t.JMeterThread: Thread is done: Tickets (open model) 1-6
2026-10-09 19:35:49,797 INFO o.a.j.t.JMeterThread: Thread finished: Tickets (open model) 1-6
2026-10-09 19:35:55,998 INFO o.a.j.t.JMeterThread: Thread started: Searches (open model) 2-17
2026-10-09 19:35:56,028 INFO o.a.j.t.JMeterThread: Thread is done: Searches (open model) 2-17
2026-10-09 19:35:56,029 INFO o.a.j.t.JMeterThread: Thread finished: Searches (open model) 2-17
2026-10-09 19:36:22,154 INFO o.a.j.t.JMeterThread: Thread started: Searches (open model) 2-18
2026-10-09 19:36:22,183 INFO o.a.j.t.JMeterThread: Thread is done: Searches (open model) 2-18
2026-10-09 19:36:22,184 INFO o.a.j.t.JMeterThread: Thread finished: Searches (open model) 2-18
2026-10-09 19:36:29,868 INFO o.a.j.t.JMeterThread: Thread started: Tickets (open model) 1-7
2026-10-09 19:36:33,936 INFO o.a.j.r.Summariser: summary +      6 in 00:01:01 =    0.1/s Avg:   902 Min:    24 Max:  4057 Err:     0 (0.00%) Active: 1 Started: 25 Finished: 24
2026-10-09 19:36:33,938 INFO o.a.j.r.Summariser: summary =     25 in 00:06:38 =    0.1/s Avg:   629 Min:    15 Max:  5515 Err:     0 (0.00%)
2026-10-09 19:36:33,939 INFO o.a.j.t.JMeterThread: Thread is done: Tickets (open model) 1-7
2026-10-09 19:36:33,939 INFO o.a.j.t.JMeterThread: Thread finished: Tickets (open model) 1-7
2026-10-09 19:36:34,659 INFO o.a.j.t.JMeterThread: Thread started: Tickets (open model) 1-8
2026-10-09 19:36:37,313 INFO o.a.j.t.JMeterThread: Thread is done: Tickets (open model) 1-8
2026-10-09 19:36:37,314 INFO o.a.j.t.JMeterThread: Thread finished: Tickets (open model) 1-8
2026-10-09 19:36:43,564 INFO o.a.j.t.JMeterThread: Thread started: Searches (open model) 2-19
2026-10-09 19:36:43,594 INFO o.a.j.t.JMeterThread: Thread is done: Searches (open model) 2-19
2026-10-09 19:36:43,595 INFO o.a.j.t.JMeterThread: Thread finished: Searches (open model) 2-19
2026-10-09 19:36:45,276 INFO o.a.j.t.JMeterThread: Thread started: Searches (open model) 2-20
2026-10-09 19:36:45,310 INFO o.a.j.t.JMeterThread: Thread is done: Searches (open model) 2-20
2026-10-09 19:36:45,311 INFO o.a.j.t.JMeterThread: Thread finished: Searches (open model) 2-20
2026-10-09 19:37:07,592 INFO o.a.j.t.JMeterThread: Thread started: Searches (open model) 2-21
2026-10-09 19:37:07,623 INFO o.a.j.t.JMeterThread: Thread is done: Searches (open model) 2-21
2026-10-09 19:37:07,624 INFO o.a.j.t.JMeterThread: Thread finished: Searches (open model) 2-21
2026-10-09 19:37:20,139 INFO o.a.j.t.JMeterThread: Thread started: Searches (open model) 2-22
2026-10-09 19:37:20,164 INFO o.a.j.t.JMeterThread: Thread is done: Searches (open model) 2-22
2026-10-09 19:37:20,165 INFO o.a.j.t.JMeterThread: Thread finished: Searches (open model) 2-22
2026-10-09 19:37:50,627 INFO o.a.j.t.JMeterThread: Thread started: Tickets (open model) 1-9
2026-10-09 19:37:53,357 INFO o.a.j.t.JMeterThread: Thread is done: Tickets (open model) 1-9
2026-10-09 19:37:53,358 INFO o.a.j.t.JMeterThread: Thread finished: Tickets (open model) 1-9
2026-10-09 19:38:00,967 INFO o.a.j.t.JMeterThread: Thread started: Searches (open model) 2-23
2026-10-09 19:38:01,001 INFO o.a.j.r.Summariser: summary +      7 in 00:01:27 =    0.1/s Avg:   782 Min:    20 Max:  2712 Err:     0 (0.00%) Active: 1 Started: 32 Finished: 31
2026-10-09 19:38:01,004 INFO o.a.j.r.Summariser: summary =     32 in 00:08:05 =    0.1/s Avg:   663 Min:    15 Max:  5515 Err:     0 (0.00%)
2026-10-09 19:38:01,005 INFO o.a.j.t.JMeterThread: Thread is done: Searches (open model) 2-23
2026-10-09 19:38:01,006 INFO o.a.j.t.JMeterThread: Thread finished: Searches (open model) 2-23
2026-10-09 19:38:12,382 INFO o.a.j.t.JMeterThread: Thread started: Tickets (open model) 1-10
2026-10-09 19:38:14,395 INFO o.a.j.t.JMeterThread: Thread is done: Tickets (open model) 1-10
2026-10-09 19:38:14,396 INFO o.a.j.t.JMeterThread: Thread finished: Tickets (open model) 1-10
2026-10-09 19:38:47,794 INFO o.a.j.t.JMeterThread: Thread started: Searches (open model) 2-24
2026-10-09 19:38:47,823 INFO o.a.j.t.JMeterThread: Thread is done: Searches (open model) 2-24
2026-10-09 19:38:47,824 INFO o.a.j.t.JMeterThread: Thread finished: Searches (open model) 2-24
2026-10-09 19:38:56,530 INFO o.a.j.t.JMeterThread: Thread started: Tickets (open model) 1-11
2026-10-09 19:39:00,031 INFO o.a.j.r.Summariser: summary +      3 in 00:00:59 =    0.1/s Avg:  1837 Min:    26 Max:  3489 Err:     0 (0.00%) Active: 1 Started: 35 Finished: 34
2026-10-09 19:39:00,035 INFO o.a.j.r.Summariser: summary =     35 in 00:09:04 =    0.1/s Avg:   763 Min:    15 Max:  5515 Err:     0 (0.00%)
2026-10-09 19:39:00,037 INFO o.a.j.t.JMeterThread: Thread is done: Tickets (open model) 1-11
2026-10-09 19:39:00,037 INFO o.a.j.t.JMeterThread: Thread finished: Tickets (open model) 1-11
2026-10-09 19:39:08,499 INFO o.a.j.t.JMeterThread: Thread started: Tickets (open model) 1-12
2026-10-09 19:39:09,386 INFO o.a.j.t.JMeterThread: Thread is done: Tickets (open model) 1-12
2026-10-09 19:39:09,388 INFO o.a.j.t.JMeterThread: Thread finished: Tickets (open model) 1-12
2026-10-09 19:39:14,224 INFO o.a.j.t.JMeterThread: Thread started: Searches (open model) 2-25
2026-10-09 19:39:14,253 INFO o.a.j.t.JMeterThread: Thread is done: Searches (open model) 2-25
2026-10-09 19:39:14,254 INFO o.a.j.t.JMeterThread: Thread finished: Searches (open model) 2-25
2026-10-09 19:39:27,407 INFO o.a.j.t.o.EvenArrivalsRamp: Generating 0 events, beginRate = 0.0 / sec, endRate = 0.0 / sec, duration = 60.0 sec
2026-10-09 19:39:27,407 INFO o.a.j.t.JMeterThread: Thread started: Searches (open model) 2-26
2026-10-09 19:39:27,408 INFO o.a.j.t.o.OpenModelThreadGroup: There will be no more events, so will wait for 88 sec till the end of the schedule
2026-10-09 19:39:27,427 INFO o.a.j.t.JMeterThread: Thread is done: Searches (open model) 2-26
2026-10-09 19:39:27,428 INFO o.a.j.t.JMeterThread: Thread finished: Searches (open model) 2-26
2026-10-09 19:39:27,686 INFO o.a.j.t.o.EvenArrivalsRamp: Generating 0 events, beginRate = 0.0 / sec, endRate = 0.0 / sec, duration = 60.0 sec
2026-10-09 19:39:27,686 INFO o.a.j.t.o.OpenModelThreadGroup: There will be no more events, so will wait for 88 sec till the end of the schedule
2026-10-09 19:39:27,686 INFO o.a.j.t.JMeterThread: Thread started: Tickets (open model) 1-13
2026-10-09 19:39:28,410 INFO o.a.j.t.JMeterThread: Thread is done: Tickets (open model) 1-13
2026-10-09 19:39:28,410 INFO o.a.j.t.JMeterThread: Thread finished: Tickets (open model) 1-13
2026-10-09 19:40:56,016 INFO o.a.j.t.o.OpenModelThreadGroup: There will be no more events, will shutdown the thread pool
2026-10-09 19:40:56,017 INFO o.a.j.t.o.OpenModelThreadGroup: There will be no more events, will shutdown the thread pool
2026-10-09 19:40:56,017 INFO o.a.j.t.o.OpenModelThreadGroup: Thread starting done
2026-10-09 19:40:56,018 INFO o.a.j.t.o.OpenModelThreadGroup: Thread starting done
2026-10-09 19:40:56,018 INFO o.a.j.e.StandardJMeterEngine: Notifying test listeners of end of test
2026-10-09 19:40:56,018 INFO o.a.j.s.FileServer: Close: data/team11/jmeter_search_terms.csv
2026-10-09 19:40:56,019 INFO o.a.j.s.FileServer: Close: data/team11/jmeter_tickets.csv
2026-10-09 19:40:56,025 INFO o.a.j.r.Summariser: summary +      4 in 00:01:56 =    0.0/s Avg:   408 Min:    16 Max:   877 Err:     0 (0.00%) Active: 0 Started: 39 Finished: 39
2026-10-09 19:40:56,026 INFO o.a.j.r.Summariser: summary =     39 in 00:11:00 =    0.1/s Avg:   727 Min:    15 Max:  5515 Err:     0 (0.00%)
