2026-10-09 20:31:56,502 INFO o.a.j.u.JMeterUtils: Setting Locale to en_EN
2026-10-09 20:31:56,527 INFO o.a.j.JMeter: Loading user properties from: C:\jmeter\apache-jmeter-5.6.3\apache-jmeter-5.6.3\bin\user.properties
2026-10-09 20:31:56,539 INFO o.a.j.JMeter: Loading system properties from: C:\jmeter\apache-jmeter-5.6.3\apache-jmeter-5.6.3\bin\system.properties
2026-10-09 20:31:56,539 INFO o.a.j.JMeter: Setting JMeter property: host=192.168.88.6
2026-10-09 20:31:56,539 INFO o.a.j.JMeter: Setting JMeter property: tickets_per_hour=52.44
2026-10-09 20:31:56,539 INFO o.a.j.JMeter: Setting JMeter property: searches_per_hour=104.89
2026-10-09 20:31:56,539 INFO o.a.j.JMeter: Setting JMeter property: duration_min=10
2026-10-09 20:31:56,539 INFO o.a.j.JMeter: Setting JMeter property: drain_sec=60
2026-10-09 20:31:56,539 INFO o.a.j.JMeter: Setting JMeter property: sample_variables=row,request_id
2026-10-09 20:31:56,544 INFO o.a.j.JMeter: Copyright (c) 1998-2024 The Apache Software Foundation
2026-10-09 20:31:56,544 INFO o.a.j.JMeter: Version 5.6.3
2026-10-09 20:31:56,544 INFO o.a.j.JMeter: java.version=21.0.12
2026-10-09 20:31:56,544 INFO o.a.j.JMeter: java.vm.name=Java HotSpot(TM) 64-Bit Server VM
2026-10-09 20:31:56,544 INFO o.a.j.JMeter: os.name=Windows 11
2026-10-09 20:31:56,544 INFO o.a.j.JMeter: os.arch=amd64
2026-10-09 20:31:56,544 INFO o.a.j.JMeter: os.version=10.0
2026-10-09 20:31:56,544 INFO o.a.j.JMeter: file.encoding=UTF-8
2026-10-09 20:31:56,544 INFO o.a.j.JMeter: java.awt.headless=true
2026-10-09 20:31:56,544 INFO o.a.j.JMeter: Max memory     =1073741824
2026-10-09 20:31:56,544 INFO o.a.j.JMeter: Available Processors =8
2026-10-09 20:31:56,549 INFO o.a.j.JMeter: Default Locale=English (EN)
2026-10-09 20:31:56,549 INFO o.a.j.JMeter: JMeter  Locale=English (EN)
2026-10-09 20:31:56,549 INFO o.a.j.JMeter: JMeterHome=C:\jmeter\apache-jmeter-5.6.3\apache-jmeter-5.6.3
2026-10-09 20:31:56,549 INFO o.a.j.JMeter: user.dir  =C:\Users\whjw1\OneDrive\Documents\GitHub\ICT3113-PTO-Project
2026-10-09 20:31:56,550 INFO o.a.j.JMeter: PWD       =C:\Users\whjw1\OneDrive\Documents\GitHub\ICT3113-PTO-Project
2026-10-09 20:31:56,551 INFO o.a.j.JMeter: IP: 192.168.88.8 Name: w-laptop FullName: w-laptop
2026-10-09 20:31:56,558 INFO o.a.j.s.FileServer: Default base='C:\Users\whjw1\OneDrive\Documents\GitHub\ICT3113-PTO-Project'
2026-10-09 20:31:56,560 INFO o.a.j.s.FileServer: Set new base='C:\Users\whjw1\OneDrive\Documents\GitHub\ICT3113-PTO-Project'
2026-10-09 20:31:56,702 INFO o.a.j.s.SaveService: Testplan (JMX) version: 2.2. Testlog (JTL) version: 2.2
2026-10-09 20:31:56,733 INFO o.a.j.s.SaveService: Using SaveService properties version 5.0
2026-10-09 20:31:56,736 INFO o.a.j.s.SaveService: Using SaveService properties file encoding UTF-8
2026-10-09 20:31:56,738 INFO o.a.j.s.SaveService: Loading file: ticket-load-test.jmx
2026-10-09 20:31:56,812 INFO o.a.j.p.h.s.HTTPSamplerBase: Parser for text/html is org.apache.jmeter.protocol.http.parser.LagartoBasedHtmlParser
2026-10-09 20:31:56,813 INFO o.a.j.p.h.s.HTTPSamplerBase: Parser for application/xhtml+xml is org.apache.jmeter.protocol.http.parser.LagartoBasedHtmlParser
2026-10-09 20:31:56,813 INFO o.a.j.p.h.s.HTTPSamplerBase: Parser for application/xml is org.apache.jmeter.protocol.http.parser.LagartoBasedHtmlParser
2026-10-09 20:31:56,813 INFO o.a.j.p.h.s.HTTPSamplerBase: Parser for text/xml is org.apache.jmeter.protocol.http.parser.LagartoBasedHtmlParser
2026-10-09 20:31:56,813 INFO o.a.j.p.h.s.HTTPSamplerBase: Parser for text/vnd.wap.wml is org.apache.jmeter.protocol.http.parser.RegexpHTMLParser
2026-10-09 20:31:56,813 INFO o.a.j.p.h.s.HTTPSamplerBase: Parser for text/css is org.apache.jmeter.protocol.http.parser.CssParser
2026-10-09 20:31:56,830 INFO o.a.j.JMeter: Creating summariser <summary>
2026-10-09 20:31:56,847 INFO o.a.j.e.StandardJMeterEngine: Running the test!
2026-10-09 20:31:56,848 INFO o.a.j.s.SampleEvent: List of sample_variables: [row, request_id]
2026-10-09 20:31:56,848 INFO o.a.j.s.SampleEvent: List of sample_variables: [row, request_id]
2026-10-09 20:31:56,853 INFO o.a.j.e.u.CompoundVariable: Note: Function class names must contain the string: '.functions.'
2026-10-09 20:31:56,853 INFO o.a.j.e.u.CompoundVariable: Note: Function class names must not contain the string: '.gui.'
2026-10-09 20:31:56,939 INFO o.a.j.JMeter: Running test (1791549116939)
2026-10-09 20:31:56,941 INFO o.a.j.e.StandardJMeterEngine: Starting setUp thread groups
2026-10-09 20:31:56,941 INFO o.a.j.e.StandardJMeterEngine: Starting setUp ThreadGroup: 1 : Require host property 
2026-10-09 20:31:56,941 INFO o.a.j.e.StandardJMeterEngine: Starting 1 threads for group Require host property.
2026-10-09 20:31:56,941 INFO o.a.j.e.StandardJMeterEngine: Test will stop abruptly on error
2026-10-09 20:31:56,941 INFO o.a.j.t.ThreadGroup: Starting thread group... number=1 threads=1 ramp-up=0 delayedStart=false
2026-10-09 20:31:56,944 INFO o.a.j.t.ThreadGroup: Started thread group number 1
2026-10-09 20:31:56,944 INFO o.a.j.e.StandardJMeterEngine: Waiting for all setup thread groups to exit
2026-10-09 20:31:56,946 INFO o.a.j.t.JMeterThread: Thread started: Require host property 1-1
2026-10-09 20:31:56,947 INFO o.a.j.s.SampleResult: Note: Sample TimeStamps are START times
2026-10-09 20:31:56,947 INFO o.a.j.s.SampleResult: sampleresult.default.encoding is set to UTF-8
2026-10-09 20:31:56,947 INFO o.a.j.s.SampleResult: sampleresult.useNanoTime=true
2026-10-09 20:31:56,947 INFO o.a.j.s.SampleResult: sampleresult.nanoThreadSleep=5000
2026-10-09 20:31:56,955 INFO o.a.j.t.JMeterThread: Thread is done: Require host property 1-1
2026-10-09 20:31:56,955 INFO o.a.j.t.JMeterThread: Thread finished: Require host property 1-1
2026-10-09 20:31:56,955 INFO o.a.j.e.StandardJMeterEngine: All Setup Threads have ended
2026-10-09 20:31:56,970 INFO o.a.j.e.StandardJMeterEngine: Starting ThreadGroup: 1 : Tickets (open model)
2026-10-09 20:31:56,970 INFO o.a.j.e.StandardJMeterEngine: Starting 0 threads for group Tickets (open model).
2026-10-09 20:31:56,970 INFO o.a.j.e.StandardJMeterEngine: Thread will continue on error
2026-10-09 20:31:56,970 INFO o.a.j.t.o.OpenModelThreadGroup: Starting OpenModelThreadGroup#1 with schedule rate(52.44/hour) random_arrivals(10 min) pause(60 sec)
2026-10-09 20:31:56,998 INFO o.a.j.e.StandardJMeterEngine: Starting ThreadGroup: 2 : Searches (open model)
2026-10-09 20:31:56,998 INFO o.a.j.e.StandardJMeterEngine: Starting 0 threads for group Searches (open model).
2026-10-09 20:31:56,998 INFO o.a.j.e.StandardJMeterEngine: Thread will continue on error
2026-10-09 20:31:56,998 INFO o.a.j.t.o.OpenModelThreadGroup: Starting OpenModelThreadGroup#2 with schedule rate(104.89/hour) random_arrivals(10 min) pause(60 sec)
2026-10-09 20:31:56,998 INFO o.a.j.e.StandardJMeterEngine: All thread groups have been started
2026-10-09 20:31:56,998 INFO o.a.j.t.o.OpenModelThreadGroup: Thread starting init
2026-10-09 20:31:56,998 INFO o.a.j.t.o.OpenModelThreadGroup: Thread starting init
2026-10-09 20:31:57,001 INFO o.a.j.t.o.PoissonArrivalsRamp: Generating 17 events, beginRate = 0.029136111111111113 / sec, endRate = 0.029136111111111113 / sec, duration = 600.0 sec
2026-10-09 20:31:57,001 INFO o.a.j.t.o.PoissonArrivalsRamp: Generating 8 events, beginRate = 0.014566666666666665 / sec, endRate = 0.014566666666666665 / sec, duration = 600.0 sec
2026-10-09 20:32:04,293 INFO o.a.j.t.JMeterThread: Thread started: Searches (open model) 2-1
2026-10-09 20:32:04,294 INFO o.a.j.s.FileServer: Stored: data/team11/jmeter_search_terms.csv
2026-10-09 20:32:04,311 INFO o.a.j.p.h.s.HTTPHCAbstractImpl: Local host = w-laptop
2026-10-09 20:32:04,315 INFO o.a.j.p.h.s.HTTPHC4Impl: HTTP request retry count = 0
2026-10-09 20:32:04,423 INFO o.a.j.r.Summariser: summary +      1 in 00:00:07 =    0.1/s Avg:    38 Min:    38 Max:    38 Err:     0 (0.00%) Active: 1 Started: 1 Finished: 0
2026-10-09 20:32:04,424 INFO o.a.j.t.JMeterThread: Thread is done: Searches (open model) 2-1
2026-10-09 20:32:04,424 INFO o.a.j.t.JMeterThread: Thread finished: Searches (open model) 2-1
2026-10-09 20:32:15,134 INFO o.a.j.t.JMeterThread: Thread started: Tickets (open model) 1-1
2026-10-09 20:32:15,135 INFO o.a.j.s.FileServer: Stored: data/team11/jmeter_tickets.csv
2026-10-09 20:32:15,773 INFO o.a.j.t.JMeterThread: Thread started: Tickets (open model) 1-2
2026-10-09 20:32:16,387 INFO o.a.j.t.JMeterThread: Thread is done: Tickets (open model) 1-1
2026-10-09 20:32:16,387 INFO o.a.j.t.JMeterThread: Thread finished: Tickets (open model) 1-1
2026-10-09 20:32:22,149 INFO o.a.j.t.JMeterThread: Thread is done: Tickets (open model) 1-2
2026-10-09 20:32:22,149 INFO o.a.j.t.JMeterThread: Thread finished: Tickets (open model) 1-2
2026-10-09 20:32:24,210 INFO o.a.j.t.JMeterThread: Thread started: Searches (open model) 2-2
2026-10-09 20:32:24,228 INFO o.a.j.t.JMeterThread: Thread is done: Searches (open model) 2-2
2026-10-09 20:32:24,228 INFO o.a.j.t.JMeterThread: Thread finished: Searches (open model) 2-2
2026-10-09 20:32:28,418 INFO o.a.j.t.JMeterThread: Thread started: Searches (open model) 2-3
2026-10-09 20:32:28,437 INFO o.a.j.t.JMeterThread: Thread is done: Searches (open model) 2-3
2026-10-09 20:32:28,437 INFO o.a.j.t.JMeterThread: Thread finished: Searches (open model) 2-3
2026-10-09 20:32:41,405 INFO o.a.j.t.JMeterThread: Thread started: Searches (open model) 2-4
2026-10-09 20:32:41,425 INFO o.a.j.t.JMeterThread: Thread is done: Searches (open model) 2-4
2026-10-09 20:32:41,425 INFO o.a.j.t.JMeterThread: Thread finished: Searches (open model) 2-4
2026-10-09 20:33:25,169 INFO o.a.j.t.JMeterThread: Thread started: Searches (open model) 2-5
2026-10-09 20:33:25,192 INFO o.a.j.t.JMeterThread: Thread is done: Searches (open model) 2-5
2026-10-09 20:33:25,192 INFO o.a.j.t.JMeterThread: Thread finished: Searches (open model) 2-5
2026-10-09 20:34:06,904 INFO o.a.j.t.JMeterThread: Thread started: Tickets (open model) 1-3
2026-10-09 20:34:07,596 INFO o.a.j.t.JMeterThread: Thread is done: Tickets (open model) 1-3
2026-10-09 20:34:07,596 INFO o.a.j.t.JMeterThread: Thread finished: Tickets (open model) 1-3
2026-10-09 20:34:19,699 INFO o.a.j.t.JMeterThread: Thread started: Tickets (open model) 1-4
2026-10-09 20:34:20,549 INFO o.a.j.t.JMeterThread: Thread is done: Tickets (open model) 1-4
2026-10-09 20:34:20,549 INFO o.a.j.t.JMeterThread: Thread finished: Tickets (open model) 1-4
2026-10-09 20:34:55,692 INFO o.a.j.t.JMeterThread: Thread started: Searches (open model) 2-6
2026-10-09 20:34:55,708 INFO o.a.j.t.JMeterThread: Thread is done: Searches (open model) 2-6
2026-10-09 20:34:55,708 INFO o.a.j.t.JMeterThread: Thread finished: Searches (open model) 2-6
2026-10-09 20:35:46,145 INFO o.a.j.t.JMeterThread: Thread started: Searches (open model) 2-7
2026-10-09 20:35:46,163 INFO o.a.j.t.JMeterThread: Thread is done: Searches (open model) 2-7
2026-10-09 20:35:46,163 INFO o.a.j.t.JMeterThread: Thread finished: Searches (open model) 2-7
2026-10-09 20:36:12,473 INFO o.a.j.t.JMeterThread: Thread started: Searches (open model) 2-8
2026-10-09 20:36:12,492 INFO o.a.j.t.JMeterThread: Thread is done: Searches (open model) 2-8
2026-10-09 20:36:12,492 INFO o.a.j.t.JMeterThread: Thread finished: Searches (open model) 2-8
2026-10-09 20:36:32,361 INFO o.a.j.t.JMeterThread: Thread started: Searches (open model) 2-9
2026-10-09 20:36:32,381 INFO o.a.j.r.Summariser: summary +     12 in 00:04:28 =    0.0/s Avg:   774 Min:    14 Max:  6372 Err:     0 (0.00%) Active: 1 Started: 13 Finished: 12
2026-10-09 20:36:32,382 INFO o.a.j.r.Summariser: summary =     13 in 00:04:35 =    0.0/s Avg:   717 Min:    14 Max:  6372 Err:     0 (0.00%)
2026-10-09 20:36:32,382 INFO o.a.j.t.JMeterThread: Thread is done: Searches (open model) 2-9
2026-10-09 20:36:32,382 INFO o.a.j.t.JMeterThread: Thread finished: Searches (open model) 2-9
2026-10-09 20:36:40,520 INFO o.a.j.t.JMeterThread: Thread started: Tickets (open model) 1-5
2026-10-09 20:36:41,874 INFO o.a.j.t.JMeterThread: Thread is done: Tickets (open model) 1-5
2026-10-09 20:36:41,874 INFO o.a.j.t.JMeterThread: Thread finished: Tickets (open model) 1-5
2026-10-09 20:36:56,987 INFO o.a.j.t.JMeterThread: Thread started: Tickets (open model) 1-6
2026-10-09 20:36:58,239 INFO o.a.j.t.JMeterThread: Thread is done: Tickets (open model) 1-6
2026-10-09 20:36:58,239 INFO o.a.j.t.JMeterThread: Thread finished: Tickets (open model) 1-6
2026-10-09 20:37:31,666 INFO o.a.j.t.JMeterThread: Thread started: Searches (open model) 2-10
2026-10-09 20:37:31,682 INFO o.a.j.r.Summariser: summary +      3 in 00:00:59 =    0.1/s Avg:   871 Min:    15 Max:  1352 Err:     0 (0.00%) Active: 1 Started: 16 Finished: 15
2026-10-09 20:37:31,682 INFO o.a.j.r.Summariser: summary =     16 in 00:05:35 =    0.0/s Avg:   746 Min:    14 Max:  6372 Err:     0 (0.00%)
2026-10-09 20:37:31,682 INFO o.a.j.t.JMeterThread: Thread is done: Searches (open model) 2-10
2026-10-09 20:37:31,682 INFO o.a.j.t.JMeterThread: Thread finished: Searches (open model) 2-10
2026-10-09 20:38:07,288 INFO o.a.j.t.JMeterThread: Thread started: Tickets (open model) 1-7
2026-10-09 20:38:11,236 INFO o.a.j.t.JMeterThread: Thread is done: Tickets (open model) 1-7
2026-10-09 20:38:11,237 INFO o.a.j.t.JMeterThread: Thread finished: Tickets (open model) 1-7
2026-10-09 20:38:15,241 INFO o.a.j.t.JMeterThread: Thread started: Searches (open model) 2-11
2026-10-09 20:38:15,258 INFO o.a.j.t.JMeterThread: Thread is done: Searches (open model) 2-11
2026-10-09 20:38:15,258 INFO o.a.j.t.JMeterThread: Thread finished: Searches (open model) 2-11
2026-10-09 20:38:24,750 INFO o.a.j.t.o.EvenArrivalsRamp: Generating 0 events, beginRate = 0.0 / sec, endRate = 0.0 / sec, duration = 60.0 sec
2026-10-09 20:38:24,750 INFO o.a.j.t.o.OpenModelThreadGroup: There will be no more events, so will wait for 272 sec till the end of the schedule
2026-10-09 20:38:24,750 INFO o.a.j.t.JMeterThread: Thread started: Tickets (open model) 1-8
2026-10-09 20:38:27,412 INFO o.a.j.t.JMeterThread: Thread is done: Tickets (open model) 1-8
2026-10-09 20:38:27,413 INFO o.a.j.t.JMeterThread: Thread finished: Tickets (open model) 1-8
2026-10-09 20:38:28,393 INFO o.a.j.t.JMeterThread: Thread started: Searches (open model) 2-12
2026-10-09 20:38:28,410 INFO o.a.j.t.JMeterThread: Thread is done: Searches (open model) 2-12
2026-10-09 20:38:28,410 INFO o.a.j.t.JMeterThread: Thread finished: Searches (open model) 2-12
2026-10-09 20:39:00,255 INFO o.a.j.t.JMeterThread: Thread started: Searches (open model) 2-13
2026-10-09 20:39:00,270 INFO o.a.j.r.Summariser: summary +      5 in 00:01:29 =    0.1/s Avg:  1329 Min:    14 Max:  3945 Err:     0 (0.00%) Active: 1 Started: 21 Finished: 20
2026-10-09 20:39:00,270 INFO o.a.j.r.Summariser: summary =     21 in 00:07:03 =    0.0/s Avg:   885 Min:    14 Max:  6372 Err:     0 (0.00%)
2026-10-09 20:39:00,270 INFO o.a.j.t.JMeterThread: Thread is done: Searches (open model) 2-13
2026-10-09 20:39:00,270 INFO o.a.j.t.JMeterThread: Thread finished: Searches (open model) 2-13
2026-10-09 20:40:29,903 INFO o.a.j.t.JMeterThread: Thread started: Searches (open model) 2-14
2026-10-09 20:40:29,923 INFO o.a.j.t.JMeterThread: Thread is done: Searches (open model) 2-14
2026-10-09 20:40:29,923 INFO o.a.j.t.JMeterThread: Thread finished: Searches (open model) 2-14
2026-10-09 20:40:37,631 INFO o.a.j.t.JMeterThread: Thread started: Searches (open model) 2-15
2026-10-09 20:40:37,647 INFO o.a.j.t.JMeterThread: Thread is done: Searches (open model) 2-15
2026-10-09 20:40:37,647 INFO o.a.j.t.JMeterThread: Thread finished: Searches (open model) 2-15
2026-10-09 20:40:50,024 INFO o.a.j.t.JMeterThread: Thread started: Searches (open model) 2-16
2026-10-09 20:40:50,045 INFO o.a.j.t.JMeterThread: Thread is done: Searches (open model) 2-16
2026-10-09 20:40:50,045 INFO o.a.j.t.JMeterThread: Thread finished: Searches (open model) 2-16
2026-10-09 20:41:36,484 INFO o.a.j.t.o.EvenArrivalsRamp: Generating 0 events, beginRate = 0.0 / sec, endRate = 0.0 / sec, duration = 60.0 sec
2026-10-09 20:41:36,484 INFO o.a.j.t.JMeterThread: Thread started: Searches (open model) 2-17
2026-10-09 20:41:36,484 INFO o.a.j.t.o.OpenModelThreadGroup: There will be no more events, so will wait for 80 sec till the end of the schedule
2026-10-09 20:41:36,502 INFO o.a.j.t.JMeterThread: Thread is done: Searches (open model) 2-17
2026-10-09 20:41:36,502 INFO o.a.j.t.JMeterThread: Thread finished: Searches (open model) 2-17
2026-10-09 20:42:56,842 INFO o.a.j.t.o.OpenModelThreadGroup: There will be no more events, will shutdown the thread pool
2026-10-09 20:42:56,842 INFO o.a.j.t.o.OpenModelThreadGroup: Thread starting done
2026-10-09 20:42:56,848 INFO o.a.j.t.o.OpenModelThreadGroup: There will be no more events, will shutdown the thread pool
2026-10-09 20:42:56,848 INFO o.a.j.t.o.OpenModelThreadGroup: Thread starting done
2026-10-09 20:42:56,848 INFO o.a.j.e.StandardJMeterEngine: Notifying test listeners of end of test
2026-10-09 20:42:56,848 INFO o.a.j.s.FileServer: Close: data/team11/jmeter_search_terms.csv
2026-10-09 20:42:56,848 INFO o.a.j.s.FileServer: Close: data/team11/jmeter_tickets.csv
2026-10-09 20:42:56,849 INFO o.a.j.r.Summariser: summary +      4 in 00:03:57 =    0.0/s Avg:    16 Min:    14 Max:    19 Err:     0 (0.00%) Active: 0 Started: 25 Finished: 25
2026-10-09 20:42:56,849 INFO o.a.j.r.Summariser: summary =     25 in 00:11:00 =    0.0/s Avg:   746 Min:    14 Max:  6372 Err:     0 (0.00%)
